Archive member included to satisfy reference by file (symbol)

c:/st/stm32cubeide_1.3.0/stm32cubeide/plugins/com.st.stm32cube.ide.mcu.externaltools.gnu-tools-for-stm32.7-2018-q2-update.win32_1.0.0.201904181610/tools/bin/../lib/gcc/arm-none-eabi/7.3.1/../../../../arm-none-eabi/lib/thumb/v7e-m/fpv4-sp/hard\libc_nano.a(lib_a-errno.o)
                              Core/Src/syscalls.o (__errno)
c:/st/stm32cubeide_1.3.0/stm32cubeide/plugins/com.st.stm32cube.ide.mcu.externaltools.gnu-tools-for-stm32.7-2018-q2-update.win32_1.0.0.201904181610/tools/bin/../lib/gcc/arm-none-eabi/7.3.1/../../../../arm-none-eabi/lib/thumb/v7e-m/fpv4-sp/hard\libc_nano.a(lib_a-exit.o)
                              c:/st/stm32cubeide_1.3.0/stm32cubeide/plugins/com.st.stm32cube.ide.mcu.externaltools.gnu-tools-for-stm32.7-2018-q2-update.win32_1.0.0.201904181610/tools/bin/../lib/gcc/arm-none-eabi/7.3.1/../../../../arm-none-eabi/lib/thumb/v7e-m/fpv4-sp/hard/crt0.o (exit)
c:/st/stm32cubeide_1.3.0/stm32cubeide/plugins/com.st.stm32cube.ide.mcu.externaltools.gnu-tools-for-stm32.7-2018-q2-update.win32_1.0.0.201904181610/tools/bin/../lib/gcc/arm-none-eabi/7.3.1/../../../../arm-none-eabi/lib/thumb/v7e-m/fpv4-sp/hard\libc_nano.a(lib_a-impure.o)
                              c:/st/stm32cubeide_1.3.0/stm32cubeide/plugins/com.st.stm32cube.ide.mcu.externaltools.gnu-tools-for-stm32.7-2018-q2-update.win32_1.0.0.201904181610/tools/bin/../lib/gcc/arm-none-eabi/7.3.1/../../../../arm-none-eabi/lib/thumb/v7e-m/fpv4-sp/hard\libc_nano.a(lib_a-exit.o) (_global_impure_ptr)
c:/st/stm32cubeide_1.3.0/stm32cubeide/plugins/com.st.stm32cube.ide.mcu.externaltools.gnu-tools-for-stm32.7-2018-q2-update.win32_1.0.0.201904181610/tools/bin/../lib/gcc/arm-none-eabi/7.3.1/../../../../arm-none-eabi/lib/thumb/v7e-m/fpv4-sp/hard\libc_nano.a(lib_a-init.o)
                              c:/st/stm32cubeide_1.3.0/stm32cubeide/plugins/com.st.stm32cube.ide.mcu.externaltools.gnu-tools-for-stm32.7-2018-q2-update.win32_1.0.0.201904181610/tools/bin/../lib/gcc/arm-none-eabi/7.3.1/../../../../arm-none-eabi/lib/thumb/v7e-m/fpv4-sp/hard/crt0.o (__libc_init_array)
c:/st/stm32cubeide_1.3.0/stm32cubeide/plugins/com.st.stm32cube.ide.mcu.externaltools.gnu-tools-for-stm32.7-2018-q2-update.win32_1.0.0.201904181610/tools/bin/../lib/gcc/arm-none-eabi/7.3.1/../../../../arm-none-eabi/lib/thumb/v7e-m/fpv4-sp/hard\libc_nano.a(lib_a-memcpy-stub.o)
                              Middlewares/Third_Party/FreeRTOS/Source/queue.o (memcpy)
c:/st/stm32cubeide_1.3.0/stm32cubeide/plugins/com.st.stm32cube.ide.mcu.externaltools.gnu-tools-for-stm32.7-2018-q2-update.win32_1.0.0.201904181610/tools/bin/../lib/gcc/arm-none-eabi/7.3.1/../../../../arm-none-eabi/lib/thumb/v7e-m/fpv4-sp/hard\libc_nano.a(lib_a-memset.o)
                              c:/st/stm32cubeide_1.3.0/stm32cubeide/plugins/com.st.stm32cube.ide.mcu.externaltools.gnu-tools-for-stm32.7-2018-q2-update.win32_1.0.0.201904181610/tools/bin/../lib/gcc/arm-none-eabi/7.3.1/../../../../arm-none-eabi/lib/thumb/v7e-m/fpv4-sp/hard/crt0.o (memset)
c:/st/stm32cubeide_1.3.0/stm32cubeide/plugins/com.st.stm32cube.ide.mcu.externaltools.gnu-tools-for-stm32.7-2018-q2-update.win32_1.0.0.201904181610/tools/bin/../lib/gcc/arm-none-eabi/7.3.1/thumb/v7e-m/fpv4-sp/hard\libgcc.a(_arm_addsubdf3.o)
                              Core/Src/main.o (__aeabi_f2d)
c:/st/stm32cubeide_1.3.0/stm32cubeide/plugins/com.st.stm32cube.ide.mcu.externaltools.gnu-tools-for-stm32.7-2018-q2-update.win32_1.0.0.201904181610/tools/bin/../lib/gcc/arm-none-eabi/7.3.1/thumb/v7e-m/fpv4-sp/hard\libgcc.a(_arm_muldivdf3.o)
                              Core/Src/main.o (__aeabi_ddiv)
c:/st/stm32cubeide_1.3.0/stm32cubeide/plugins/com.st.stm32cube.ide.mcu.externaltools.gnu-tools-for-stm32.7-2018-q2-update.win32_1.0.0.201904181610/tools/bin/../lib/gcc/arm-none-eabi/7.3.1/thumb/v7e-m/fpv4-sp/hard\libgcc.a(_arm_fixdfsi.o)
                              Core/Src/main.o (__aeabi_d2iz)
c:/st/stm32cubeide_1.3.0/stm32cubeide/plugins/com.st.stm32cube.ide.mcu.externaltools.gnu-tools-for-stm32.7-2018-q2-update.win32_1.0.0.201904181610/tools/bin/../lib/gcc/arm-none-eabi/7.3.1/thumb/v7e-m/fpv4-sp/hard\libgcc.a(_aeabi_uldivmod.o)
                              Drivers/STM32F4xx_HAL_Driver/Src/stm32f4xx_hal_rcc.o (__aeabi_uldivmod)
c:/st/stm32cubeide_1.3.0/stm32cubeide/plugins/com.st.stm32cube.ide.mcu.externaltools.gnu-tools-for-stm32.7-2018-q2-update.win32_1.0.0.201904181610/tools/bin/../lib/gcc/arm-none-eabi/7.3.1/thumb/v7e-m/fpv4-sp/hard\libgcc.a(_udivmoddi4.o)
                              c:/st/stm32cubeide_1.3.0/stm32cubeide/plugins/com.st.stm32cube.ide.mcu.externaltools.gnu-tools-for-stm32.7-2018-q2-update.win32_1.0.0.201904181610/tools/bin/../lib/gcc/arm-none-eabi/7.3.1/thumb/v7e-m/fpv4-sp/hard\libgcc.a(_aeabi_uldivmod.o) (__udivmoddi4)
[...]
Memory Configuration

Name             Origin             Length             Attributes
RAM              0x0000000020000000 0x0000000000020000 xrw
FLASH            0x0000000008000000 0x0000000000080000 xr
*default*        0x0000000000000000 0xffffffffffffffff

Linker script and memory map

LOAD c:/st/stm32cubeide_1.3.0/stm32cubeide/plugins/com.st.stm32cube.ide.mcu.externaltools.gnu-tools-for-stm32.7-2018-q2-update.win32_1.0.0.201904181610/tools/bin/../lib/gcc/arm-none-eabi/7.3.1/thumb/v7e-m/fpv4-sp/hard/crti.o
LOAD c:/st/stm32cubeide_1.3.0/stm32cubeide/plugins/com.st.stm32cube.ide.mcu.externaltools.gnu-tools-for-stm32.7-2018-q2-update.win32_1.0.0.201904181610/tools/bin/../lib/gcc/arm-none-eabi/7.3.1/thumb/v7e-m/fpv4-sp/hard/crtbegin.o
LOAD c:/st/stm32cubeide_1.3.0/stm32cubeide/plugins/com.st.stm32cube.ide.mcu.externaltools.gnu-tools-for-stm32.7-2018-q2-update.win32_1.0.0.201904181610/tools/bin/../lib/gcc/arm-none-eabi/7.3.1/../../../../arm-none-eabi/lib/thumb/v7e-m/fpv4-sp/hard/crt0.o
LOAD Core/Src/freertos.o
LOAD Core/Src/main.o
LOAD Core/Src/stm32f4xx_hal_msp.o
LOAD Core/Src/stm32f4xx_hal_timebase_tim.o
LOAD Core/Src/stm32f4xx_it.o
LOAD Core/Src/syscalls.o
LOAD Core/Src/sysmem.o
LOAD Core/Src/system_stm32f4xx.o
LOAD Core/Startup/startup_stm32f446retx.o
LOAD Drivers/STM32F4xx_HAL_Driver/Src/stm32f4xx_hal.o
LOAD Drivers/STM32F4xx_HAL_Driver/Src/stm32f4xx_hal_cortex.o
LOAD Drivers/STM32F4xx_HAL_Driver/Src/stm32f4xx_hal_dac.o
LOAD Drivers/STM32F4xx_HAL_Driver/Src/stm32f4xx_hal_dac_ex.o
LOAD Drivers/STM32F4xx_HAL_Driver/Src/stm32f4xx_hal_dma.o
LOAD Drivers/STM32F4xx_HAL_Driver/Src/stm32f4xx_hal_dma_ex.o
LOAD Drivers/STM32F4xx_HAL_Driver/Src/stm32f4xx_hal_exti.o
LOAD Drivers/STM32F4xx_HAL_Driver/Src/stm32f4xx_hal_flash.o
LOAD Drivers/STM32F4xx_HAL_Driver/Src/stm32f4xx_hal_flash_ex.o
LOAD Drivers/STM32F4xx_HAL_Driver/Src/stm32f4xx_hal_flash_ramfunc.o
LOAD Drivers/STM32F4xx_HAL_Driver/Src/stm32f4xx_hal_gpio.o
LOAD Drivers/STM32F4xx_HAL_Driver/Src/stm32f4xx_hal_pwr.o
LOAD Drivers/STM32F4xx_HAL_Driver/Src/stm32f4xx_hal_pwr_ex.o
LOAD Drivers/STM32F4xx_HAL_Driver/Src/stm32f4xx_hal_rcc.o
LOAD Drivers/STM32F4xx_HAL_Driver/Src/stm32f4xx_hal_rcc_ex.o
LOAD Drivers/STM32F4xx_HAL_Driver/Src/stm32f4xx_hal_tim.o
LOAD Drivers/STM32F4xx_HAL_Driver/Src/stm32f4xx_hal_tim_ex.o
LOAD Drivers/STM32F4xx_HAL_Driver/Src/stm32f4xx_hal_uart.o
LOAD Middlewares/Third_Party/FreeRTOS/Source/CMSIS_RTOS/cmsis_os.o
LOAD Middlewares/Third_Party/FreeRTOS/Source/croutine.o
LOAD Middlewares/Third_Party/FreeRTOS/Source/event_groups.o
LOAD Middlewares/Third_Party/FreeRTOS/Source/list.o
LOAD Middlewares/Third_Party/FreeRTOS/Source/queue.o
LOAD Middlewares/Third_Party/FreeRTOS/Source/stream_buffer.o
LOAD Middlewares/Third_Party/FreeRTOS/Source/tasks.o
LOAD Middlewares/Third_Party/FreeRTOS/Source/timers.o
LOAD Middlewares/Third_Party/FreeRTOS/Source/portable/GCC/ARM_CM4F/port.o
LOAD Middlewares/Third_Party/FreeRTOS/Source/portable/MemMang/heap_4.o
START GROUP
LOAD c:/st/stm32cubeide_1.3.0/stm32cubeide/plugins/com.st.stm32cube.ide.mcu.externaltools.gnu-tools-for-stm32.7-2018-q2-update.win32_1.0.0.201904181610/tools/bin/../lib/gcc/arm-none-eabi/7.3.1/../../../../arm-none-eabi/lib/thumb/v7e-m/fpv4-sp/hard\libc_nano.a
LOAD c:/st/stm32cubeide_1.3.0/stm32cubeide/plugins/com.st.stm32cube.ide.mcu.externaltools.gnu-tools-for-stm32.7-2018-q2-update.win32_1.0.0.201904181610/tools/bin/../lib/gcc/arm-none-eabi/7.3.1/../../../../arm-none-eabi/lib/thumb/v7e-m/fpv4-sp/hard\libm.a
END GROUP
START GROUP
LOAD c:/st/stm32cubeide_1.3.0/stm32cubeide/plugins/com.st.stm32cube.ide.mcu.externaltools.gnu-tools-for-stm32.7-2018-q2-update.win32_1.0.0.201904181610/tools/bin/../lib/gcc/arm-none-eabi/7.3.1/thumb/v7e-m/fpv4-sp/hard\libgcc.a
LOAD c:/st/stm32cubeide_1.3.0/stm32cubeide/plugins/com.st.stm32cube.ide.mcu.externaltools.gnu-tools-for-stm32.7-2018-q2-update.win32_1.0.0.201904181610/tools/bin/../lib/gcc/arm-none-eabi/7.3.1/../../../../arm-none-eabi/lib/thumb/v7e-m/fpv4-sp/hard\libc_nano.a
END GROUP
START GROUP
LOAD c:/st/stm32cubeide_1.3.0/stm32cubeide/plugins/com.st.stm32cube.ide.mcu.externaltools.gnu-tools-for-stm32.7-2018-q2-update.win32_1.0.0.201904181610/tools/bin/../lib/gcc/arm-none-eabi/7.3.1/thumb/v7e-m/fpv4-sp/hard\libgcc.a
LOAD c:/st/stm32cubeide_1.3.0/stm32cubeide/plugins/com.st.stm32cube.ide.mcu.externaltools.gnu-tools-for-stm32.7-2018-q2-update.win32_1.0.0.201904181610/tools/bin/../lib/gcc/arm-none-eabi/7.3.1/../../../../arm-none-eabi/lib/thumb/v7e-m/fpv4-sp/hard\libc_nano.a
LOAD c:/st/stm32cubeide_1.3.0/stm32cubeide/plugins/com.st.stm32cube.ide.mcu.externaltools.gnu-tools-for-stm32.7-2018-q2-update.win32_1.0.0.201904181610/tools/bin/../lib/gcc/arm-none-eabi/7.3.1/../../../../arm-none-eabi/lib/thumb/v7e-m/fpv4-sp/hard\libnosys.a
END GROUP
START GROUP
LOAD c:/st/stm32cubeide_1.3.0/stm32cubeide/plugins/com.st.stm32cube.ide.mcu.externaltools.gnu-tools-for-stm32.7-2018-q2-update.win32_1.0.0.201904181610/tools/bin/../lib/gcc/arm-none-eabi/7.3.1/thumb/v7e-m/fpv4-sp/hard\libgcc.a
LOAD c:/st/stm32cubeide_1.3.0/stm32cubeide/plugins/com.st.stm32cube.ide.mcu.externaltools.gnu-tools-for-stm32.7-2018-q2-update.win32_1.0.0.201904181610/tools/bin/../lib/gcc/arm-none-eabi/7.3.1/../../../../arm-none-eabi/lib/thumb/v7e-m/fpv4-sp/hard\libc_nano.a
LOAD c:/st/stm32cubeide_1.3.0/stm32cubeide/plugins/com.st.stm32cube.ide.mcu.externaltools.gnu-tools-for-stm32.7-2018-q2-update.win32_1.0.0.201904181610/tools/bin/../lib/gcc/arm-none-eabi/7.3.1/../../../../arm-none-eabi/lib/thumb/v7e-m/fpv4-sp/hard\libnosys.a
END GROUP
LOAD c:/st/stm32cubeide_1.3.0/stm32cubeide/plugins/com.st.stm32cube.ide.mcu.externaltools.gnu-tools-for-stm32.7-2018-q2-update.win32_1.0.0.201904181610/tools/bin/../lib/gcc/arm-none-eabi/7.3.1/thumb/v7e-m/fpv4-sp/hard/crtend.o
LOAD c:/st/stm32cubeide_1.3.0/stm32cubeide/plugins/com.st.stm32cube.ide.mcu.externaltools.gnu-tools-for-stm32.7-2018-q2-update.win32_1.0.0.201904181610/tools/bin/../lib/gcc/arm-none-eabi/7.3.1/thumb/v7e-m/fpv4-sp/hard/crtn.o
                0x0000000020020000                _estack = (ORIGIN (RAM) + LENGTH (RAM))
                0x0000000000000200                _Min_Heap_Size = 0x200
                0x0000000000000400                _Min_Stack_Size = 0x400

.isr_vector     0x0000000008000000      0x1c4
                0x0000000008000000                . = ALIGN (0x4)
 *(.isr_vector)
 .isr_vector    0x0000000008000000      0x1c4 Core/Startup/startup_stm32f446retx.o
                0x0000000008000000                g_pfnVectors
                0x00000000080001c4                . = ALIGN (0x4)

.text           0x00000000080001d0     0x4ab0
                0x00000000080001d0                . = ALIGN (0x4)
 *(.text)
 .text          0x00000000080001d0       0x40 c:/st/stm32cubeide_1.3.0/stm32cubeide/plugins/com.st.stm32cube.ide.mcu.externaltools.gnu-tools-for-stm32.7-2018-q2-update.win32_1.0.0.201904181610/tools/bin/../lib/gcc/arm-none-eabi/7.3.1/thumb/v7e-m/fpv4-sp/hard/crtbegin.o
 .text          0x0000000008000210      0x378 c:/st/stm32cubeide_1.3.0/stm32cubeide/plugins/com.st.stm32cube.ide.mcu.externaltools.gnu-tools-for-stm32.7-2018-q2-update.win32_1.0.0.201904181610/tools/bin/../lib/gcc/arm-none-eabi/7.3.1/thumb/v7e-m/fpv4-sp/hard\libgcc.a(_arm_addsubdf3.o)
                0x0000000008000210                __aeabi_drsub
                0x0000000008000218                __aeabi_dsub
                0x0000000008000218                __subdf3
                0x000000000800021c                __aeabi_dadd
                0x000000000800021c                __adddf3
                0x0000000008000494                __floatunsidf
                0x0000000008000494                __aeabi_ui2d
                0x00000000080004b4                __floatsidf
                0x00000000080004b4                __aeabi_i2d
                0x00000000080004d8                __aeabi_f2d
                0x00000000080004d8                __extendsfdf2
                0x000000000800051c                __floatundidf
                0x000000000800051c                __aeabi_ul2d
                0x000000000800052c                __floatdidf
                0x000000000800052c                __aeabi_l2d
 .text          0x0000000008000588      0x424 c:/st/stm32cubeide_1.3.0/stm32cubeide/plugins/com.st.stm32cube.ide.mcu.externaltools.gnu-tools-for-stm32.7-2018-q2-update.win32_1.0.0.201904181610/tools/bin/../lib/gcc/arm-none-eabi/7.3.1/thumb/v7e-m/fpv4-sp/hard\libgcc.a(_arm_muldivdf3.o)
                0x0000000008000588                __aeabi_dmul
                0x0000000008000588                __muldf3
                0x00000000080007dc                __divdf3
                0x00000000080007dc                __aeabi_ddiv
 .text          0x00000000080009ac       0x50 c:/st/stm32cubeide_1.3.0/stm32cubeide/plugins/com.st.stm32cube.ide.mcu.externaltools.gnu-tools-for-stm32.7-2018-q2-update.win32_1.0.0.201904181610/tools/bin/../lib/gcc/arm-none-eabi/7.3.1/thumb/v7e-m/fpv4-sp/hard\libgcc.a(_arm_fixdfsi.o)
                0x00000000080009ac                __aeabi_d2iz
                0x00000000080009ac                __fixdfsi
 .text          0x00000000080009fc       0x30 c:/st/stm32cubeide_1.3.0/stm32cubeide/plugins/com.st.stm32cube.ide.mcu.externaltools.gnu-tools-for-stm32.7-2018-q2-update.win32_1.0.0.201904181610/tools/bin/../lib/gcc/arm-none-eabi/7.3.1/thumb/v7e-m/fpv4-sp/hard\libgcc.a(_aeabi_uldivmod.o)
                0x00000000080009fc                __aeabi_uldivmod
 .text          0x0000000008000a2c      0x2cc c:/st/stm32cubeide_1.3.0/stm32cubeide/plugins/com.st.stm32cube.ide.mcu.externaltools.gnu-tools-for-stm32.7-2018-q2-update.win32_1.0.0.201904181610/tools/bin/../lib/gcc/arm-none-eabi/7.3.1/thumb/v7e-m/fpv4-sp/hard\libgcc.a(_udivmoddi4.o)
                0x0000000008000a2c                __udivmoddi4
 .text          0x0000000008000cf8        0x4 c:/st/stm32cubeide_1.3.0/stm32cubeide/plugins/com.st.stm32cube.ide.mcu.externaltools.gnu-tools-for-stm32.7-2018-q2-update.win32_1.0.0.201904181610/tools/bin/../lib/gcc/arm-none-eabi/7.3.1/thumb/v7e-m/fpv4-sp/hard\libgcc.a(_dvmd_tls.o)
                0x0000000008000cf8                __aeabi_idiv0
                0x0000000008000cf8                __aeabi_ldiv0
 *(.text*)
 .text.vApplicationGetIdleTaskMemory
                0x0000000008000cfc       0x34 Core/Src/freertos.o
                0x0000000008000cfc                vApplicationGetIdleTaskMemory
 .text.map      0x0000000008000d30       0x5c Core/Src/main.o
                0x0000000008000d30                map
 .text.main     0x0000000008000d8c       0xa8 Core/Src/main.o
                0x0000000008000d8c                main
 .text.SystemClock_Config
                0x0000000008000e34       0xdc Core/Src/main.o
                0x0000000008000e34                SystemClock_Config
 .text.MX_DAC_Init
                0x0000000008000f10       0x68 Core/Src/main.o
 .text.MX_UART4_Init
                0x0000000008000f78       0x54 Core/Src/main.o
 .text.MX_USART2_UART_Init
                0x0000000008000fcc       0x54 Core/Src/main.o
 .text.MX_GPIO_Init
                0x0000000008001020       0xe0 Core/Src/main.o
 .text.StarUartTask
                0x0000000008001100      0x208 Core/Src/main.o
                0x0000000008001100                StarUartTask
 .text.StartLowlevelTask
                0x0000000008001308       0x10 Core/Src/main.o
                0x0000000008001308                StartLowlevelTask
 .text.HAL_TIM_PeriodElapsedCallback
                0x0000000008001318       0x24 Core/Src/main.o
                0x0000000008001318                HAL_TIM_PeriodElapsedCallback
 .text.Error_Handler
                0x000000000800133c        0xe Core/Src/main.o
                0x000000000800133c                Error_Handler
 *fill*         0x000000000800134a        0x2 
 .text.HAL_MspInit
                0x000000000800134c       0x58 Core/Src/stm32f4xx_hal_msp.o
                0x000000000800134c                HAL_MspInit
 .text.HAL_DAC_MspInit
                0x00000000080013a4       0x98 Core/Src/stm32f4xx_hal_msp.o
                0x00000000080013a4                HAL_DAC_MspInit
 .text.HAL_UART_MspInit
                0x000000000800143c       0xf8 Core/Src/stm32f4xx_hal_msp.o
                0x000000000800143c                HAL_UART_MspInit
 .text.HAL_InitTick
                0x0000000008001534       0xb4 Core/Src/stm32f4xx_hal_timebase_tim.o
                0x0000000008001534                HAL_InitTick
 .text.NMI_Handler
                0x00000000080015e8        0xe Core/Src/stm32f4xx_it.o
                0x00000000080015e8                NMI_Handler
 .text.HardFault_Handler
                0x00000000080015f6        0x6 Core/Src/stm32f4xx_it.o
                0x00000000080015f6                HardFault_Handler
 .text.MemManage_Handler
                0x00000000080015fc        0x6 Core/Src/stm32f4xx_it.o
                0x00000000080015fc                MemManage_Handler
 .text.BusFault_Handler
                0x0000000008001602        0x6 Core/Src/stm32f4xx_it.o
                0x0000000008001602                BusFault_Handler
 .text.UsageFault_Handler
                0x0000000008001608        0x6 Core/Src/stm32f4xx_it.o
                0x0000000008001608                UsageFault_Handler
 .text.DebugMon_Handler
                0x000000000800160e        0xe Core/Src/stm32f4xx_it.o
                0x000000000800160e                DebugMon_Handler
 .text.TIM6_DAC_IRQHandler
                0x000000000800161c       0x1c Core/Src/stm32f4xx_it.o
                0x000000000800161c                TIM6_DAC_IRQHandler
 .text.SystemInit
                0x0000000008001638       0x2c Core/Src/system_stm32f4xx.o
                0x0000000008001638                SystemInit
 .text.Reset_Handler
                0x0000000008001664       0x50 Core/Startup/startup_stm32f446retx.o
                0x0000000008001664                Reset_Handler
 .text.Default_Handler
                0x00000000080016b4        0x2 Core/Startup/startup_stm32f446retx.o
                0x00000000080016b4                RTC_Alarm_IRQHandler
                0x00000000080016b4                EXTI2_IRQHandler
                0x00000000080016b4                TIM8_CC_IRQHandler
                0x00000000080016b4                FMPI2C1_EV_IRQHandler
                0x00000000080016b4                SPI4_IRQHandler
                0x00000000080016b4                TIM1_CC_IRQHandler
                0x00000000080016b4                DMA2_Stream5_IRQHandler
                0x00000000080016b4                DMA1_Stream5_IRQHandler
                0x00000000080016b4                PVD_IRQHandler
                0x00000000080016b4                SDIO_IRQHandler
                0x00000000080016b4                TAMP_STAMP_IRQHandler
                0x00000000080016b4                CAN2_RX1_IRQHandler
                0x00000000080016b4                EXTI3_IRQHandler
                0x00000000080016b4                TIM8_TRG_COM_TIM14_IRQHandler
                0x00000000080016b4                TIM1_UP_TIM10_IRQHandler
                0x00000000080016b4                TIM8_UP_TIM13_IRQHandler
                0x00000000080016b4                I2C3_ER_IRQHandler
                0x00000000080016b4                EXTI0_IRQHandler
                0x00000000080016b4                I2C2_EV_IRQHandler
                0x00000000080016b4                DMA1_Stream2_IRQHandler
                0x00000000080016b4                CAN1_RX0_IRQHandler
                0x00000000080016b4                FPU_IRQHandler
                0x00000000080016b4                OTG_HS_WKUP_IRQHandler
                0x00000000080016b4                CAN2_SCE_IRQHandler
                0x00000000080016b4                DMA2_Stream2_IRQHandler
                0x00000000080016b4                SPI1_IRQHandler
                0x00000000080016b4                TIM1_BRK_TIM9_IRQHandler
                0x00000000080016b4                DCMI_IRQHandler
                0x00000000080016b4                CAN2_RX0_IRQHandler
                0x00000000080016b4                DMA2_Stream3_IRQHandler
                0x00000000080016b4                SAI2_IRQHandler
                0x00000000080016b4                USART6_IRQHandler
                0x00000000080016b4                USART3_IRQHandler
                0x00000000080016b4                CAN1_RX1_IRQHandler
                0x00000000080016b4                UART5_IRQHandler
                0x00000000080016b4                DMA2_Stream0_IRQHandler
                0x00000000080016b4                TIM4_IRQHandler
                0x00000000080016b4                QUADSPI_IRQHandler
                0x00000000080016b4                I2C1_EV_IRQHandler
                0x00000000080016b4                DMA1_Stream6_IRQHandler
                0x00000000080016b4                DMA1_Stream1_IRQHandler
                0x00000000080016b4                UART4_IRQHandler
                0x00000000080016b4                TIM3_IRQHandler
                0x00000000080016b4                RCC_IRQHandler
                0x00000000080016b4                TIM8_BRK_TIM12_IRQHandler
                0x00000000080016b4                Default_Handler
                0x00000000080016b4                CEC_IRQHandler
                0x00000000080016b4                EXTI15_10_IRQHandler
                0x00000000080016b4                ADC_IRQHandler
                0x00000000080016b4                DMA1_Stream7_IRQHandler
                0x00000000080016b4                TIM7_IRQHandler
                0x00000000080016b4                CAN2_TX_IRQHandler
                0x00000000080016b4                TIM5_IRQHandler
                0x00000000080016b4                DMA2_Stream7_IRQHandler
                0x00000000080016b4                I2C3_EV_IRQHandler
                0x00000000080016b4                EXTI9_5_IRQHandler
                0x00000000080016b4                RTC_WKUP_IRQHandler
                0x00000000080016b4                SPDIF_RX_IRQHandler
                0x00000000080016b4                SPI2_IRQHandler
                0x00000000080016b4                OTG_HS_EP1_IN_IRQHandler
                0x00000000080016b4                DMA1_Stream0_IRQHandler
                0x00000000080016b4                CAN1_TX_IRQHandler
                0x00000000080016b4                FMPI2C1_ER_IRQHandler
                0x00000000080016b4                EXTI4_IRQHandler
                0x00000000080016b4                OTG_HS_EP1_OUT_IRQHandler
                0x00000000080016b4                WWDG_IRQHandler
                0x00000000080016b4                TIM2_IRQHandler
                0x00000000080016b4                OTG_FS_WKUP_IRQHandler
                0x00000000080016b4                TIM1_TRG_COM_TIM11_IRQHandler
                0x00000000080016b4                OTG_HS_IRQHandler
                0x00000000080016b4                EXTI1_IRQHandler
                0x00000000080016b4                USART2_IRQHandler
                0x00000000080016b4                I2C2_ER_IRQHandler
                0x00000000080016b4                DMA2_Stream1_IRQHandler
                0x00000000080016b4                CAN1_SCE_IRQHandler
                0x00000000080016b4                FLASH_IRQHandler
                0x00000000080016b4                DMA2_Stream4_IRQHandler
                0x00000000080016b4                USART1_IRQHandler
                0x00000000080016b4                OTG_FS_IRQHandler
                0x00000000080016b4                SPI3_IRQHandler
                0x00000000080016b4                DMA1_Stream4_IRQHandler
                0x00000000080016b4                I2C1_ER_IRQHandler
                0x00000000080016b4                FMC_IRQHandler
                0x00000000080016b4                DMA2_Stream6_IRQHandler
                0x00000000080016b4                SAI1_IRQHandler
                0x00000000080016b4                DMA1_Stream3_IRQHandler
 *fill*         0x00000000080016b6        0x2 
 .text.HAL_Init
                0x00000000080016b8       0x44 Drivers/STM32F4xx_HAL_Driver/Src/stm32f4xx_hal.o
                0x00000000080016b8                HAL_Init
 .text.HAL_IncTick
                0x00000000080016fc       0x28 Drivers/STM32F4xx_HAL_Driver/Src/stm32f4xx_hal.o
                0x00000000080016fc                HAL_IncTick
 .text.HAL_GetTick
                0x0000000008001724       0x18 Drivers/STM32F4xx_HAL_Driver/Src/stm32f4xx_hal.o
                0x0000000008001724                HAL_GetTick
 .text.HAL_Delay
                0x000000000800173c       0x44 Drivers/STM32F4xx_HAL_Driver/Src/stm32f4xx_hal.o
                0x000000000800173c                HAL_Delay
 .text.__NVIC_SetPriorityGrouping
                0x0000000008001780       0x48 Drivers/STM32F4xx_HAL_Driver/Src/stm32f4xx_hal_cortex.o
 .text.__NVIC_GetPriorityGrouping
                0x00000000080017c8       0x1c Drivers/STM32F4xx_HAL_Driver/Src/stm32f4xx_hal_cortex.o
 .text.__NVIC_EnableIRQ
                0x00000000080017e4       0x3c Drivers/STM32F4xx_HAL_Driver/Src/stm32f4xx_hal_cortex.o
 .text.__NVIC_SetPriority
                0x0000000008001820       0x54 Drivers/STM32F4xx_HAL_Driver/Src/stm32f4xx_hal_cortex.o
 .text.NVIC_EncodePriority
                0x0000000008001874       0x66 Drivers/STM32F4xx_HAL_Driver/Src/stm32f4xx_hal_cortex.o
 .text.HAL_NVIC_SetPriorityGrouping
                0x00000000080018da       0x16 Drivers/STM32F4xx_HAL_Driver/Src/stm32f4xx_hal_cortex.o
                0x00000000080018da                HAL_NVIC_SetPriorityGrouping
 .text.HAL_NVIC_SetPriority
                0x00000000080018f0       0x38 Drivers/STM32F4xx_HAL_Driver/Src/stm32f4xx_hal_cortex.o
                0x00000000080018f0                HAL_NVIC_SetPriority
 .text.HAL_NVIC_EnableIRQ
                0x0000000008001928       0x1c Drivers/STM32F4xx_HAL_Driver/Src/stm32f4xx_hal_cortex.o
                0x0000000008001928                HAL_NVIC_EnableIRQ
 .text.HAL_DAC_Init
                0x0000000008001944       0x44 Drivers/STM32F4xx_HAL_Driver/Src/stm32f4xx_hal_dac.o
                0x0000000008001944                HAL_DAC_Init
 .text.HAL_DAC_Start
                0x0000000008001988       0xcc Drivers/STM32F4xx_HAL_Driver/Src/stm32f4xx_hal_dac.o
                0x0000000008001988                HAL_DAC_Start
 .text.HAL_DAC_IRQHandler
                0x0000000008001a54       0x94 Drivers/STM32F4xx_HAL_Driver/Src/stm32f4xx_hal_dac.o
                0x0000000008001a54                HAL_DAC_IRQHandler
 .text.HAL_DAC_DMAUnderrunCallbackCh1
                0x0000000008001ae8       0x14 Drivers/STM32F4xx_HAL_Driver/Src/stm32f4xx_hal_dac.o
                0x0000000008001ae8                HAL_DAC_DMAUnderrunCallbackCh1
 .text.HAL_DAC_ConfigChannel
                0x0000000008001afc       0x9a Drivers/STM32F4xx_HAL_Driver/Src/stm32f4xx_hal_dac.o
                0x0000000008001afc                HAL_DAC_ConfigChannel
 .text.HAL_DACEx_DualSetValue
                0x0000000008001b96       0x56 Drivers/STM32F4xx_HAL_Driver/Src/stm32f4xx_hal_dac_ex.o
                0x0000000008001b96                HAL_DACEx_DualSetValue
 .text.HAL_DACEx_DMAUnderrunCallbackCh2
                0x0000000008001bec       0x14 Drivers/STM32F4xx_HAL_Driver/Src/stm32f4xx_hal_dac_ex.o
                0x0000000008001bec                HAL_DACEx_DMAUnderrunCallbackCh2
 .text.HAL_GPIO_Init
                0x0000000008001c00      0x324 Drivers/STM32F4xx_HAL_Driver/Src/stm32f4xx_hal_gpio.o
                0x0000000008001c00                HAL_GPIO_Init
 .text.HAL_GPIO_WritePin
                0x0000000008001f24       0x32 Drivers/STM32F4xx_HAL_Driver/Src/stm32f4xx_hal_gpio.o
                0x0000000008001f24                HAL_GPIO_WritePin
 *fill*         0x0000000008001f56        0x2 
 .text.HAL_RCC_ClockConfig
                0x0000000008001f58      0x1cc Drivers/STM32F4xx_HAL_Driver/Src/stm32f4xx_hal_rcc.o
                0x0000000008001f58                HAL_RCC_ClockConfig
 .text.HAL_RCC_GetHCLKFreq
                0x0000000008002124       0x18 Drivers/STM32F4xx_HAL_Driver/Src/stm32f4xx_hal_rcc.o
                0x0000000008002124                HAL_RCC_GetHCLKFreq
 .text.HAL_RCC_GetPCLK1Freq
                0x000000000800213c       0x28 Drivers/STM32F4xx_HAL_Driver/Src/stm32f4xx_hal_rcc.o
                0x000000000800213c                HAL_RCC_GetPCLK1Freq
 .text.HAL_RCC_GetPCLK2Freq
                0x0000000008002164       0x28 Drivers/STM32F4xx_HAL_Driver/Src/stm32f4xx_hal_rcc.o
                0x0000000008002164                HAL_RCC_GetPCLK2Freq
 .text.HAL_RCC_GetClockConfig
                0x000000000800218c       0x64 Drivers/STM32F4xx_HAL_Driver/Src/stm32f4xx_hal_rcc.o
                0x000000000800218c                HAL_RCC_GetClockConfig
 .text.HAL_RCC_GetSysClockFreq
                0x00000000080021f0      0x340 Drivers/STM32F4xx_HAL_Driver/Src/stm32f4xx_hal_rcc_ex.o
                0x00000000080021f0                HAL_RCC_GetSysClockFreq
 .text.HAL_RCC_OscConfig
                0x0000000008002530      0x4b4 Drivers/STM32F4xx_HAL_Driver/Src/stm32f4xx_hal_rcc_ex.o
                0x0000000008002530                HAL_RCC_OscConfig
 .text.HAL_TIM_Base_Init
                0x00000000080029e4       0x56 Drivers/STM32F4xx_HAL_Driver/Src/stm32f4xx_hal_tim.o
                0x00000000080029e4                HAL_TIM_Base_Init
 .text.HAL_TIM_Base_MspInit
                0x0000000008002a3a       0x14 Drivers/STM32F4xx_HAL_Driver/Src/stm32f4xx_hal_tim.o
                0x0000000008002a3a                HAL_TIM_Base_MspInit
 .text.HAL_TIM_Base_Start_IT
                0x0000000008002a4e       0x48 Drivers/STM32F4xx_HAL_Driver/Src/stm32f4xx_hal_tim.o
                0x0000000008002a4e                HAL_TIM_Base_Start_IT
 .text.HAL_TIM_IRQHandler
                0x0000000008002a96      0x210 Drivers/STM32F4xx_HAL_Driver/Src/stm32f4xx_hal_tim.o
                0x0000000008002a96                HAL_TIM_IRQHandler
 .text.HAL_TIM_OC_DelayElapsedCallback
                0x0000000008002ca6       0x14 Drivers/STM32F4xx_HAL_Driver/Src/stm32f4xx_hal_tim.o
                0x0000000008002ca6                HAL_TIM_OC_DelayElapsedCallback
 .text.HAL_TIM_IC_CaptureCallback
                0x0000000008002cba       0x14 Drivers/STM32F4xx_HAL_Driver/Src/stm32f4xx_hal_tim.o
                0x0000000008002cba                HAL_TIM_IC_CaptureCallback
 .text.HAL_TIM_PWM_PulseFinishedCallback
                0x0000000008002cce       0x14 Drivers/STM32F4xx_HAL_Driver/Src/stm32f4xx_hal_tim.o
                0x0000000008002cce                HAL_TIM_PWM_PulseFinishedCallback
 .text.HAL_TIM_TriggerCallback
                0x0000000008002ce2       0x14 Drivers/STM32F4xx_HAL_Driver/Src/stm32f4xx_hal_tim.o
                0x0000000008002ce2                HAL_TIM_TriggerCallback
 *fill*         0x0000000008002cf6        0x2 
 .text.TIM_Base_SetConfig
                0x0000000008002cf8      0x140 Drivers/STM32F4xx_HAL_Driver/Src/stm32f4xx_hal_tim.o
                0x0000000008002cf8                TIM_Base_SetConfig
 .text.HAL_TIMEx_CommutCallback
                0x0000000008002e38       0x14 Drivers/STM32F4xx_HAL_Driver/Src/stm32f4xx_hal_tim_ex.o
                0x0000000008002e38                HAL_TIMEx_CommutCallback
 .text.HAL_TIMEx_BreakCallback
                0x0000000008002e4c       0x14 Drivers/STM32F4xx_HAL_Driver/Src/stm32f4xx_hal_tim_ex.o
                0x0000000008002e4c                HAL_TIMEx_BreakCallback
 .text.HAL_UART_Init
                0x0000000008002e60       0x9a Drivers/STM32F4xx_HAL_Driver/Src/stm32f4xx_hal_uart.o
                0x0000000008002e60                HAL_UART_Init
 .text.HAL_UART_Receive
                0x0000000008002efa      0x14c Drivers/STM32F4xx_HAL_Driver/Src/stm32f4xx_hal_uart.o
                0x0000000008002efa                HAL_UART_Receive
 .text.UART_WaitOnFlagUntilTimeout
                0x0000000008003046       0x94 Drivers/STM32F4xx_HAL_Driver/Src/stm32f4xx_hal_uart.o
 *fill*         0x00000000080030da        0x2 
 .text.UART_SetConfig
                0x00000000080030dc      0x6f8 Drivers/STM32F4xx_HAL_Driver/Src/stm32f4xx_hal_uart.o
 .text.makeFreeRtosPriority
                0x00000000080037d4       0x30 Middlewares/Third_Party/FreeRTOS/Source/CMSIS_RTOS/cmsis_os.o
 .text.osKernelStart
                0x0000000008003804        0xe Middlewares/Third_Party/FreeRTOS/Source/CMSIS_RTOS/cmsis_os.o
                0x0000000008003804                osKernelStart
 .text.osThreadCreate
                0x0000000008003812       0x98 Middlewares/Third_Party/FreeRTOS/Source/CMSIS_RTOS/cmsis_os.o
                0x0000000008003812                osThreadCreate
 .text.osDelay  0x00000000080038aa       0x28 Middlewares/Third_Party/FreeRTOS/Source/CMSIS_RTOS/cmsis_os.o
                0x00000000080038aa                osDelay
 .text.vListInitialise
                0x00000000080038d2       0x40 Middlewares/Third_Party/FreeRTOS/Source/list.o
                0x00000000080038d2                vListInitialise
 .text.vListInitialiseItem
                0x0000000008003912       0x1a Middlewares/Third_Party/FreeRTOS/Source/list.o
                0x0000000008003912                vListInitialiseItem
 .text.vListInsertEnd
                0x000000000800392c       0x48 Middlewares/Third_Party/FreeRTOS/Source/list.o
                0x000000000800392c                vListInsertEnd
 .text.vListInsert
                0x0000000008003974       0x72 Middlewares/Third_Party/FreeRTOS/Source/list.o
                0x0000000008003974                vListInsert
 .text.uxListRemove
                0x00000000080039e6       0x54 Middlewares/Third_Party/FreeRTOS/Source/list.o
                0x00000000080039e6                uxListRemove
 .text.xTaskCreateStatic
                0x0000000008003a3a       0xb4 Middlewares/Third_Party/FreeRTOS/Source/tasks.o
                0x0000000008003a3a                xTaskCreateStatic
 .text.xTaskCreate
                0x0000000008003aee       0x8a Middlewares/Third_Party/FreeRTOS/Source/tasks.o
                0x0000000008003aee                xTaskCreate
 .text.prvInitialiseNewTask
                0x0000000008003b78      0x10c Middlewares/Third_Party/FreeRTOS/Source/tasks.o
 .text.prvAddNewTaskToReadyList
                0x0000000008003c84       0xd4 Middlewares/Third_Party/FreeRTOS/Source/tasks.o
 .text.vTaskDelay
                0x0000000008003d58       0x68 Middlewares/Third_Party/FreeRTOS/Source/tasks.o
                0x0000000008003d58                vTaskDelay
 .text.vTaskStartScheduler
                0x0000000008003dc0       0xbc Middlewares/Third_Party/FreeRTOS/Source/tasks.o
                0x0000000008003dc0                vTaskStartScheduler
 .text.vTaskSuspendAll
                0x0000000008003e7c       0x1c Middlewares/Third_Party/FreeRTOS/Source/tasks.o
                0x0000000008003e7c                vTaskSuspendAll
 .text.xTaskResumeAll
                0x0000000008003e98      0x138 Middlewares/Third_Party/FreeRTOS/Source/tasks.o
                0x0000000008003e98                xTaskResumeAll
 .text.xTaskIncrementTick
                0x0000000008003fd0      0x170 Middlewares/Third_Party/FreeRTOS/Source/tasks.o
                0x0000000008003fd0                xTaskIncrementTick
 .text.vTaskSwitchContext
                0x0000000008004140       0xb4 Middlewares/Third_Party/FreeRTOS/Source/tasks.o
                0x0000000008004140                vTaskSwitchContext
 .text.prvIdleTask
                0x00000000080041f4       0x30 Middlewares/Third_Party/FreeRTOS/Source/tasks.o
 .text.prvInitialiseTaskLists
                0x0000000008004224       0x80 Middlewares/Third_Party/FreeRTOS/Source/tasks.o
 .text.prvCheckTasksWaitingTermination
                0x00000000080042a4       0x58 Middlewares/Third_Party/FreeRTOS/Source/tasks.o
 .text.prvDeleteTCB
                0x00000000080042fc       0x5c Middlewares/Third_Party/FreeRTOS/Source/tasks.o
 .text.prvResetNextTaskUnblockTime
                0x0000000008004358       0x40 Middlewares/Third_Party/FreeRTOS/Source/tasks.o
 .text.prvAddCurrentTaskToDelayedList
                0x0000000008004398       0xcc Middlewares/Third_Party/FreeRTOS/Source/tasks.o
 .text.pxPortInitialiseStack
                0x0000000008004464       0x68 Middlewares/Third_Party/FreeRTOS/Source/portable/GCC/ARM_CM4F/port.o
                0x0000000008004464                pxPortInitialiseStack
 .text.prvTaskExitError
                0x00000000080044cc       0x54 Middlewares/Third_Party/FreeRTOS/Source/portable/GCC/ARM_CM4F/port.o
 .text.SVC_Handler
                0x0000000008004520       0x28 Middlewares/Third_Party/FreeRTOS/Source/portable/GCC/ARM_CM4F/port.o
                0x0000000008004520                SVC_Handler
 .text.prvPortStartFirstTask
                0x0000000008004548       0x28 Middlewares/Third_Party/FreeRTOS/Source/portable/GCC/ARM_CM4F/port.o
 .text.xPortStartScheduler
                0x0000000008004570      0x13c Middlewares/Third_Party/FreeRTOS/Source/portable/GCC/ARM_CM4F/port.o
                0x0000000008004570                xPortStartScheduler
 .text.vPortEnterCritical
                0x00000000080046ac       0x5c Middlewares/Third_Party/FreeRTOS/Source/portable/GCC/ARM_CM4F/port.o
                0x00000000080046ac                vPortEnterCritical
 .text.vPortExitCritical
                0x0000000008004708       0x50 Middlewares/Third_Party/FreeRTOS/Source/portable/GCC/ARM_CM4F/port.o
                0x0000000008004708                vPortExitCritical
 *fill*         0x0000000008004758        0x8 
 .text.PendSV_Handler
                0x0000000008004760       0x68 Middlewares/Third_Party/FreeRTOS/Source/portable/GCC/ARM_CM4F/port.o
                0x0000000008004760                PendSV_Handler
 .text.SysTick_Handler
                0x00000000080047c8       0x40 Middlewares/Third_Party/FreeRTOS/Source/portable/GCC/ARM_CM4F/port.o
                0x00000000080047c8                SysTick_Handler
 .text.vPortSetupTimerInterrupt
                0x0000000008004808       0x48 Middlewares/Third_Party/FreeRTOS/Source/portable/GCC/ARM_CM4F/port.o
                0x0000000008004808                vPortSetupTimerInterrupt
 .text.vPortEnableVFP
                0x0000000008004850       0x14 Middlewares/Third_Party/FreeRTOS/Source/portable/GCC/ARM_CM4F/port.o
 .text.pvPortMalloc
                0x0000000008004864      0x184 Middlewares/Third_Party/FreeRTOS/Source/portable/MemMang/heap_4.o
                0x0000000008004864                pvPortMalloc
 .text.vPortFree
                0x00000000080049e8       0xb0 Middlewares/Third_Party/FreeRTOS/Source/portable/MemMang/heap_4.o
                0x00000000080049e8                vPortFree
 .text.prvHeapInit
                0x0000000008004a98       0xc4 Middlewares/Third_Party/FreeRTOS/Source/portable/MemMang/heap_4.o
 .text.prvInsertBlockIntoFreeList
                0x0000000008004b5c       0xb4 Middlewares/Third_Party/FreeRTOS/Source/portable/MemMang/heap_4.o
 .text.__libc_init_array
                0x0000000008004c10       0x48 c:/st/stm32cubeide_1.3.0/stm32cubeide/plugins/com.st.stm32cube.ide.mcu.externaltools.gnu-tools-for-stm32.7-2018-q2-update.win32_1.0.0.201904181610/tools/bin/../lib/gcc/arm-none-eabi/7.3.1/../../../../arm-none-eabi/lib/thumb/v7e-m/fpv4-sp/hard\libc_nano.a(lib_a-init.o)
                0x0000000008004c10                __libc_init_array
 .text.memset   0x0000000008004c58       0x10 c:/st/stm32cubeide_1.3.0/stm32cubeide/plugins/com.st.stm32cube.ide.mcu.externaltools.gnu-tools-for-stm32.7-2018-q2-update.win32_1.0.0.201904181610/tools/bin/../lib/gcc/arm-none-eabi/7.3.1/../../../../arm-none-eabi/lib/thumb/v7e-m/fpv4-sp/hard\libc_nano.a(lib_a-memset.o)
                0x0000000008004c58                memset
 *(.glue_7)
 .glue_7        0x0000000008004c68        0x0 linker stubs
 *(.glue_7t)
 .glue_7t       0x0000000008004c68        0x0 linker stubs
 *(.eh_frame)
 .eh_frame      0x0000000008004c68        0x0 c:/st/stm32cubeide_1.3.0/stm32cubeide/plugins/com.st.stm32cube.ide.mcu.externaltools.gnu-tools-for-stm32.7-2018-q2-update.win32_1.0.0.201904181610/tools/bin/../lib/gcc/arm-none-eabi/7.3.1/thumb/v7e-m/fpv4-sp/hard/crtbegin.o
 *(.init)
 .init          0x0000000008004c68        0x4 c:/st/stm32cubeide_1.3.0/stm32cubeide/plugins/com.st.stm32cube.ide.mcu.externaltools.gnu-tools-for-stm32.7-2018-q2-update.win32_1.0.0.201904181610/tools/bin/../lib/gcc/arm-none-eabi/7.3.1/thumb/v7e-m/fpv4-sp/hard/crti.o
                0x0000000008004c68                _init
 .init          0x0000000008004c6c        0x8 c:/st/stm32cubeide_1.3.0/stm32cubeide/plugins/com.st.stm32cube.ide.mcu.externaltools.gnu-tools-for-stm32.7-2018-q2-update.win32_1.0.0.201904181610/tools/bin/../lib/gcc/arm-none-eabi/7.3.1/thumb/v7e-m/fpv4-sp/hard/crtn.o
 *(.fini)
 .fini          0x0000000008004c74        0x4 c:/st/stm32cubeide_1.3.0/stm32cubeide/plugins/com.st.stm32cube.ide.mcu.externaltools.gnu-tools-for-stm32.7-2018-q2-update.win32_1.0.0.201904181610/tools/bin/../lib/gcc/arm-none-eabi/7.3.1/thumb/v7e-m/fpv4-sp/hard/crti.o
                0x0000000008004c74                _fini
 .fini          0x0000000008004c78        0x8 c:/st/stm32cubeide_1.3.0/stm32cubeide/plugins/com.st.stm32cube.ide.mcu.externaltools.gnu-tools-for-stm32.7-2018-q2-update.win32_1.0.0.201904181610/tools/bin/../lib/gcc/arm-none-eabi/7.3.1/thumb/v7e-m/fpv4-sp/hard/crtn.o
                0x0000000008004c80                . = ALIGN (0x4)
                0x0000000008004c80                _etext = .

.vfp11_veneer   0x0000000008004c80        0x0
 .vfp11_veneer  0x0000000008004c80        0x0 linker stubs

.v4_bx          0x0000000008004c80        0x0
 .v4_bx         0x0000000008004c80        0x0 linker stubs

.iplt           0x0000000008004c80        0x0
 .iplt          0x0000000008004c80        0x0 c:/st/stm32cubeide_1.3.0/stm32cubeide/plugins/com.st.stm32cube.ide.mcu.externaltools.gnu-tools-for-stm32.7-2018-q2-update.win32_1.0.0.201904181610/tools/bin/../lib/gcc/arm-none-eabi/7.3.1/thumb/v7e-m/fpv4-sp/hard/crtbegin.o

.rodata         0x0000000008004c80       0x74
                0x0000000008004c80                . = ALIGN (0x4)
 *(.rodata)
 .rodata        0x0000000008004c80       0x54 Core/Src/main.o
 .rodata        0x0000000008004cd4        0x5 Middlewares/Third_Party/FreeRTOS/Source/tasks.o
 *(.rodata*)
 *fill*         0x0000000008004cd9        0x3 
 .rodata.AHBPrescTable
                0x0000000008004cdc       0x10 Core/Src/system_stm32f4xx.o
                0x0000000008004cdc                AHBPrescTable
 .rodata.APBPrescTable
                0x0000000008004cec        0x8 Core/Src/system_stm32f4xx.o
                0x0000000008004cec                APBPrescTable
                0x0000000008004cf4                . = ALIGN (0x4)

.ARM.extab      0x0000000008004cf4        0x0
                0x0000000008004cf4                . = ALIGN (0x4)
 *(.ARM.extab* .gnu.linkonce.armextab.*)
                0x0000000008004cf4                . = ALIGN (0x4)

.ARM            0x0000000008004cf4        0x8
                0x0000000008004cf4                . = ALIGN (0x4)
                0x0000000008004cf4                __exidx_start = .
 *(.ARM.exidx*)
 .ARM.exidx     0x0000000008004cf4        0x8 c:/st/stm32cubeide_1.3.0/stm32cubeide/plugins/com.st.stm32cube.ide.mcu.externaltools.gnu-tools-for-stm32.7-2018-q2-update.win32_1.0.0.201904181610/tools/bin/../lib/gcc/arm-none-eabi/7.3.1/thumb/v7e-m/fpv4-sp/hard\libgcc.a(_udivmoddi4.o)
                0x0000000008004cfc                __exidx_end = .
                0x0000000008004cfc                . = ALIGN (0x4)

.rel.dyn        0x0000000008004cfc        0x0
 .rel.iplt      0x0000000008004cfc        0x0 c:/st/stm32cubeide_1.3.0/stm32cubeide/plugins/com.st.stm32cube.ide.mcu.externaltools.gnu-tools-for-stm32.7-2018-q2-update.win32_1.0.0.201904181610/tools/bin/../lib/gcc/arm-none-eabi/7.3.1/thumb/v7e-m/fpv4-sp/hard/crtbegin.o

.preinit_array  0x0000000008004cfc        0x0
                0x0000000008004cfc                . = ALIGN (0x4)
                0x0000000008004cfc                PROVIDE (__preinit_array_start = .)
 *(.preinit_array*)
                0x0000000008004cfc                PROVIDE (__preinit_array_end = .)
                0x0000000008004cfc                . = ALIGN (0x4)

.init_array     0x0000000008004cfc        0x4
                0x0000000008004cfc                . = ALIGN (0x4)
                0x0000000008004cfc                PROVIDE (__init_array_start = .)
 *(SORT_BY_NAME(.init_array.*))
 *(.init_array*)
 .init_array    0x0000000008004cfc        0x4 c:/st/stm32cubeide_1.3.0/stm32cubeide/plugins/com.st.stm32cube.ide.mcu.externaltools.gnu-tools-for-stm32.7-2018-q2-update.win32_1.0.0.201904181610/tools/bin/../lib/gcc/arm-none-eabi/7.3.1/thumb/v7e-m/fpv4-sp/hard/crtbegin.o
                0x0000000008004d00                PROVIDE (__init_array_end = .)
                0x0000000008004d00                . = ALIGN (0x4)

.fini_array     0x0000000008004d00        0x4
                0x0000000008004d00                . = ALIGN (0x4)
                [!provide]                        PROVIDE (__fini_array_start = .)
 *(SORT_BY_NAME(.fini_array.*))
 *(.fini_array*)
 .fini_array    0x0000000008004d00        0x4 c:/st/stm32cubeide_1.3.0/stm32cubeide/plugins/com.st.stm32cube.ide.mcu.externaltools.gnu-tools-for-stm32.7-2018-q2-update.win32_1.0.0.201904181610/tools/bin/../lib/gcc/arm-none-eabi/7.3.1/thumb/v7e-m/fpv4-sp/hard/crtbegin.o
                [!provide]                        PROVIDE (__fini_array_end = .)
                0x0000000008004d04                . = ALIGN (0x4)
                0x0000000008004d04                _sidata = LOADADDR (.data)

.data           0x0000000020000000       0x18 load address 0x0000000008004d04
                0x0000000020000000                . = ALIGN (0x4)
                0x0000000020000000                _sdata = .
 *(.data)
 *(.data*)
 .data.x_out    0x0000000020000000        0x4 Core/Src/main.o
                0x0000000020000000                x_out
 .data.y_out    0x0000000020000004        0x4 Core/Src/main.o
                0x0000000020000004                y_out
 .data.SystemCoreClock
                0x0000000020000008        0x4 Core/Src/system_stm32f4xx.o
                0x0000000020000008                SystemCoreClock
 .data.uwTickPrio
                0x000000002000000c        0x4 Drivers/STM32F4xx_HAL_Driver/Src/stm32f4xx_hal.o
                0x000000002000000c                uwTickPrio
 .data.uwTickFreq
                0x0000000020000010        0x1 Drivers/STM32F4xx_HAL_Driver/Src/stm32f4xx_hal.o
                0x0000000020000010                uwTickFreq
 *fill*         0x0000000020000011        0x3 
 .data.uxCriticalNesting
                0x0000000020000014        0x4 Middlewares/Third_Party/FreeRTOS/Source/portable/GCC/ARM_CM4F/port.o
                0x0000000020000018                . = ALIGN (0x4)
                0x0000000020000018                _edata = .

.igot.plt       0x0000000020000018        0x0 load address 0x0000000008004d1c
 .igot.plt      0x0000000020000018        0x0 c:/st/stm32cubeide_1.3.0/stm32cubeide/plugins/com.st.stm32cube.ide.mcu.externaltools.gnu-tools-for-stm32.7-2018-q2-update.win32_1.0.0.201904181610/tools/bin/../lib/gcc/arm-none-eabi/7.3.1/thumb/v7e-m/fpv4-sp/hard/crtbegin.o
                0x0000000020000018                . = ALIGN (0x4)

.bss            0x0000000020000018     0x409c load address 0x0000000008004d1c
                0x0000000020000018                _sbss = .
                0x0000000020000018                __bss_start__ = _sbss
 *(.bss)
 .bss           0x0000000020000018       0x1c c:/st/stm32cubeide_1.3.0/stm32cubeide/plugins/com.st.stm32cube.ide.mcu.externaltools.gnu-tools-for-stm32.7-2018-q2-update.win32_1.0.0.201904181610/tools/bin/../lib/gcc/arm-none-eabi/7.3.1/thumb/v7e-m/fpv4-sp/hard/crtbegin.o
 *(.bss*)
 .bss.xIdleTaskTCBBuffer
                0x0000000020000034       0x54 Core/Src/freertos.o
 .bss.xIdleStack
                0x0000000020000088      0x200 Core/Src/freertos.o
 .bss.pxCurrentTCB
                0x0000000020000288        0x4 Middlewares/Third_Party/FreeRTOS/Source/tasks.o
                0x0000000020000288                pxCurrentTCB
 .bss.pxReadyTasksLists
                0x000000002000028c       0x8c Middlewares/Third_Party/FreeRTOS/Source/tasks.o
 .bss.xDelayedTaskList1
                0x0000000020000318       0x14 Middlewares/Third_Party/FreeRTOS/Source/tasks.o
 .bss.xDelayedTaskList2
                0x000000002000032c       0x14 Middlewares/Third_Party/FreeRTOS/Source/tasks.o
 .bss.pxDelayedTaskList
                0x0000000020000340        0x4 Middlewares/Third_Party/FreeRTOS/Source/tasks.o
 .bss.pxOverflowDelayedTaskList
                0x0000000020000344        0x4 Middlewares/Third_Party/FreeRTOS/Source/tasks.o
 .bss.xPendingReadyList
                0x0000000020000348       0x14 Middlewares/Third_Party/FreeRTOS/Source/tasks.o
 .bss.xTasksWaitingTermination
                0x000000002000035c       0x14 Middlewares/Third_Party/FreeRTOS/Source/tasks.o
 .bss.uxDeletedTasksWaitingCleanUp
                0x0000000020000370        0x4 Middlewares/Third_Party/FreeRTOS/Source/tasks.o
 .bss.xSuspendedTaskList
                0x0000000020000374       0x14 Middlewares/Third_Party/FreeRTOS/Source/tasks.o
 .bss.uxCurrentNumberOfTasks
                0x0000000020000388        0x4 Middlewares/Third_Party/FreeRTOS/Source/tasks.o
 .bss.xTickCount
                0x000000002000038c        0x4 Middlewares/Third_Party/FreeRTOS/Source/tasks.o
 .bss.uxTopReadyPriority
                0x0000000020000390        0x4 Middlewares/Third_Party/FreeRTOS/Source/tasks.o
 .bss.xSchedulerRunning
                0x0000000020000394        0x4 Middlewares/Third_Party/FreeRTOS/Source/tasks.o
 .bss.uxPendedTicks
                0x0000000020000398        0x4 Middlewares/Third_Party/FreeRTOS/Source/tasks.o
 .bss.xYieldPending
                0x000000002000039c        0x4 Middlewares/Third_Party/FreeRTOS/Source/tasks.o
 .bss.xNumOfOverflows
                0x00000000200003a0        0x4 Middlewares/Third_Party/FreeRTOS/Source/tasks.o
 .bss.uxTaskNumber
                0x00000000200003a4        0x4 Middlewares/Third_Party/FreeRTOS/Source/tasks.o
 .bss.xNextTaskUnblockTime
                0x00000000200003a8        0x4 Middlewares/Third_Party/FreeRTOS/Source/tasks.o
 .bss.xIdleTaskHandle
                0x00000000200003ac        0x4 Middlewares/Third_Party/FreeRTOS/Source/tasks.o
 .bss.uxSchedulerSuspended
                0x00000000200003b0        0x4 Middlewares/Third_Party/FreeRTOS/Source/tasks.o
 .bss.ucMaxSysCallPriority
                0x00000000200003b4        0x1 Middlewares/Third_Party/FreeRTOS/Source/portable/GCC/ARM_CM4F/port.o
 *fill*         0x00000000200003b5        0x3 
 .bss.ulMaxPRIGROUPValue
                0x00000000200003b8        0x4 Middlewares/Third_Party/FreeRTOS/Source/portable/GCC/ARM_CM4F/port.o
 .bss.ucHeap    0x00000000200003bc     0x3c00 Middlewares/Third_Party/FreeRTOS/Source/portable/MemMang/heap_4.o
 .bss.xStart    0x0000000020003fbc        0x8 Middlewares/Third_Party/FreeRTOS/Source/portable/MemMang/heap_4.o
 .bss.pxEnd     0x0000000020003fc4        0x4 Middlewares/Third_Party/FreeRTOS/Source/portable/MemMang/heap_4.o
 .bss.xFreeBytesRemaining
                0x0000000020003fc8        0x4 Middlewares/Third_Party/FreeRTOS/Source/portable/MemMang/heap_4.o
 .bss.xMinimumEverFreeBytesRemaining
                0x0000000020003fcc        0x4 Middlewares/Third_Party/FreeRTOS/Source/portable/MemMang/heap_4.o
 .bss.xBlockAllocatedBit
                0x0000000020003fd0        0x4 Middlewares/Third_Party/FreeRTOS/Source/portable/MemMang/heap_4.o
 *(COMMON)
 COMMON         0x0000000020003fd4       0x9c Core/Src/main.o
                0x0000000020003fd4                lowlevelTaskHandle
                0x0000000020003fd8                uartTaskHandle
                0x0000000020003fdc                hdac
                0x0000000020003ff0                huart4
                0x0000000020004030                huart2
 COMMON         0x0000000020004070       0x40 Core/Src/stm32f4xx_hal_timebase_tim.o
                0x0000000020004070                htim6
 COMMON         0x00000000200040b0        0x4 Drivers/STM32F4xx_HAL_Driver/Src/stm32f4xx_hal.o
                0x00000000200040b0                uwTick
                0x00000000200040b4                . = ALIGN (0x4)
                0x00000000200040b4                _ebss = .
                0x00000000200040b4                __bss_end__ = _ebss

._user_heap_stack
                0x00000000200040b4      0x604 load address 0x0000000008004d1c
                0x00000000200040b8                . = ALIGN (0x8)
 *fill*         0x00000000200040b4        0x4 
                0x00000000200040b8                PROVIDE (end = .)
                [!provide]                        PROVIDE (_end = .)
                0x00000000200042b8                . = (. + _Min_Heap_Size)
 *fill*         0x00000000200040b8      0x200 
                0x00000000200046b8                . = (. + _Min_Stack_Size)
 *fill*         0x00000000200042b8      0x400 
                0x00000000200046b8                . = ALIGN (0x8)

/DISCARD/
 libc.a(*)
 libm.a(*)
 libgcc.a(*)

.ARM.attributes
                0x0000000000000000       0x30
 *(.ARM.attributes)
 .ARM.attributes
                0x0000000000000000       0x22 c:/st/stm32cubeide_1.3.0/stm32cubeide/plugins/com.st.stm32cube.ide.mcu.externaltools.gnu-tools-for-stm32.7-2018-q2-update.win32_1.0.0.201904181610/tools/bin/../lib/gcc/arm-none-eabi/7.3.1/thumb/v7e-m/fpv4-sp/hard/crti.o
 .ARM.attributes
                0x0000000000000022       0x34 c:/st/stm32cubeide_1.3.0/stm32cubeide/plugins/com.st.stm32cube.ide.mcu.externaltools.gnu-tools-for-stm32.7-2018-q2-update.win32_1.0.0.201904181610/tools/bin/../lib/gcc/arm-none-eabi/7.3.1/thumb/v7e-m/fpv4-sp/hard/crtbegin.o
 .ARM.attributes
                0x0000000000000056       0x39 Core/Src/freertos.o
 .ARM.attributes
                0x000000000000008f       0x39 Core/Src/main.o
 .ARM.attributes
                0x00000000000000c8       0x39 Core/Src/stm32f4xx_hal_msp.o
 .ARM.attributes
                0x0000000000000101       0x39 Core/Src/stm32f4xx_hal_timebase_tim.o
 .ARM.attributes
                0x000000000000013a       0x39 Core/Src/stm32f4xx_it.o
 .ARM.attributes
                0x0000000000000173       0x39 Core/Src/system_stm32f4xx.o
 .ARM.attributes
                0x00000000000001ac       0x21 Core/Startup/startup_stm32f446retx.o
 .ARM.attributes
                0x00000000000001cd       0x39 Drivers/STM32F4xx_HAL_Driver/Src/stm32f4xx_hal.o
 .ARM.attributes
                0x0000000000000206       0x39 Drivers/STM32F4xx_HAL_Driver/Src/stm32f4xx_hal_cortex.o
 .ARM.attributes
                0x000000000000023f       0x39 Drivers/STM32F4xx_HAL_Driver/Src/stm32f4xx_hal_dac.o
 .ARM.attributes
                0x0000000000000278       0x39 Drivers/STM32F4xx_HAL_Driver/Src/stm32f4xx_hal_dac_ex.o
 .ARM.attributes
                0x00000000000002b1       0x39 Drivers/STM32F4xx_HAL_Driver/Src/stm32f4xx_hal_gpio.o
 .ARM.attributes
                0x00000000000002ea       0x39 Drivers/STM32F4xx_HAL_Driver/Src/stm32f4xx_hal_rcc.o
 .ARM.attributes
                0x0000000000000323       0x39 Drivers/STM32F4xx_HAL_Driver/Src/stm32f4xx_hal_rcc_ex.o
 .ARM.attributes
                0x000000000000035c       0x39 Drivers/STM32F4xx_HAL_Driver/Src/stm32f4xx_hal_tim.o
 .ARM.attributes
                0x0000000000000395       0x39 Drivers/STM32F4xx_HAL_Driver/Src/stm32f4xx_hal_tim_ex.o
 .ARM.attributes
                0x00000000000003ce       0x39 Drivers/STM32F4xx_HAL_Driver/Src/stm32f4xx_hal_uart.o
 .ARM.attributes
                0x0000000000000407       0x39 Middlewares/Third_Party/FreeRTOS/Source/CMSIS_RTOS/cmsis_os.o
 .ARM.attributes
                0x0000000000000440       0x39 Middlewares/Third_Party/FreeRTOS/Source/list.o
 .ARM.attributes
                0x0000000000000479       0x39 Middlewares/Third_Party/FreeRTOS/Source/tasks.o
 .ARM.attributes
                0x00000000000004b2       0x39 Middlewares/Third_Party/FreeRTOS/Source/portable/GCC/ARM_CM4F/port.o
 .ARM.attributes
                0x00000000000004eb       0x39 Middlewares/Third_Party/FreeRTOS/Source/portable/MemMang/heap_4.o
 .ARM.attributes
                0x0000000000000524       0x34 c:/st/stm32cubeide_1.3.0/stm32cubeide/plugins/com.st.stm32cube.ide.mcu.externaltools.gnu-tools-for-stm32.7-2018-q2-update.win32_1.0.0.201904181610/tools/bin/../lib/gcc/arm-none-eabi/7.3.1/../../../../arm-none-eabi/lib/thumb/v7e-m/fpv4-sp/hard\libc_nano.a(lib_a-init.o)
 .ARM.attributes
                0x0000000000000558       0x34 c:/st/stm32cubeide_1.3.0/stm32cubeide/plugins/com.st.stm32cube.ide.mcu.externaltools.gnu-tools-for-stm32.7-2018-q2-update.win32_1.0.0.201904181610/tools/bin/../lib/gcc/arm-none-eabi/7.3.1/../../../../arm-none-eabi/lib/thumb/v7e-m/fpv4-sp/hard\libc_nano.a(lib_a-memset.o)
 .ARM.attributes
                0x000000000000058c       0x22 c:/st/stm32cubeide_1.3.0/stm32cubeide/plugins/com.st.stm32cube.ide.mcu.externaltools.gnu-tools-for-stm32.7-2018-q2-update.win32_1.0.0.201904181610/tools/bin/../lib/gcc/arm-none-eabi/7.3.1/thumb/v7e-m/fpv4-sp/hard\libgcc.a(_arm_addsubdf3.o)
 .ARM.attributes
                0x00000000000005ae       0x22 c:/st/stm32cubeide_1.3.0/stm32cubeide/plugins/com.st.stm32cube.ide.mcu.externaltools.gnu-tools-for-stm32.7-2018-q2-update.win32_1.0.0.201904181610/tools/bin/../lib/gcc/arm-none-eabi/7.3.1/thumb/v7e-m/fpv4-sp/hard\libgcc.a(_arm_muldivdf3.o)
 .ARM.attributes
                0x00000000000005d0       0x22 c:/st/stm32cubeide_1.3.0/stm32cubeide/plugins/com.st.stm32cube.ide.mcu.externaltools.gnu-tools-for-stm32.7-2018-q2-update.win32_1.0.0.201904181610/tools/bin/../lib/gcc/arm-none-eabi/7.3.1/thumb/v7e-m/fpv4-sp/hard\libgcc.a(_arm_fixdfsi.o)
 .ARM.attributes
                0x00000000000005f2       0x22 c:/st/stm32cubeide_1.3.0/stm32cubeide/plugins/com.st.stm32cube.ide.mcu.externaltools.gnu-tools-for-stm32.7-2018-q2-update.win32_1.0.0.201904181610/tools/bin/../lib/gcc/arm-none-eabi/7.3.1/thumb/v7e-m/fpv4-sp/hard\libgcc.a(_aeabi_uldivmod.o)
 .ARM.attributes
                0x0000000000000614       0x34 c:/st/stm32cubeide_1.3.0/stm32cubeide/plugins/com.st.stm32cube.ide.mcu.externaltools.gnu-tools-for-stm32.7-2018-q2-update.win32_1.0.0.201904181610/tools/bin/../lib/gcc/arm-none-eabi/7.3.1/thumb/v7e-m/fpv4-sp/hard\libgcc.a(_udivmoddi4.o)
 .ARM.attributes
                0x0000000000000648       0x22 c:/st/stm32cubeide_1.3.0/stm32cubeide/plugins/com.st.stm32cube.ide.mcu.externaltools.gnu-tools-for-stm32.7-2018-q2-update.win32_1.0.0.201904181610/tools/bin/../lib/gcc/arm-none-eabi/7.3.1/thumb/v7e-m/fpv4-sp/hard\libgcc.a(_dvmd_tls.o)
 .ARM.attributes
                0x000000000000066a       0x22 c:/st/stm32cubeide_1.3.0/stm32cubeide/plugins/com.st.stm32cube.ide.mcu.externaltools.gnu-tools-for-stm32.7-2018-q2-update.win32_1.0.0.201904181610/tools/bin/../lib/gcc/arm-none-eabi/7.3.1/thumb/v7e-m/fpv4-sp/hard/crtn.o
OUTPUT(WheelChair_Nucelo.elf elf32-littlearm)

.debug_info     0x0000000000000000    0x132c7
 .debug_info    0x0000000000000000      0x344 Core/Src/freertos.o
 .debug_info    0x0000000000000344     0x1c08 Core/Src/main.o
 .debug_info    0x0000000000001f4c      0xde7 Core/Src/stm32f4xx_hal_msp.o
 .debug_info    0x0000000000002d33      0xb7f Core/Src/stm32f4xx_hal_timebase_tim.o
 .debug_info    0x00000000000038b2      0x832 Core/Src/stm32f4xx_it.o
 .debug_info    0x00000000000040e4      0x588 Core/Src/system_stm32f4xx.o
 .debug_info    0x000000000000466c       0x22 Core/Startup/startup_stm32f446retx.o
 .debug_info    0x000000000000468e      0x997 Drivers/STM32F4xx_HAL_Driver/Src/stm32f4xx_hal.o
 .debug_info    0x0000000000005025      0xe46 Drivers/STM32F4xx_HAL_Driver/Src/stm32f4xx_hal_cortex.o
 .debug_info    0x0000000000005e6b      0xa3a Drivers/STM32F4xx_HAL_Driver/Src/stm32f4xx_hal_dac.o
 .debug_info    0x00000000000068a5      0x7c0 Drivers/STM32F4xx_HAL_Driver/Src/stm32f4xx_hal_dac_ex.o
 .debug_info    0x0000000000007065      0x803 Drivers/STM32F4xx_HAL_Driver/Src/stm32f4xx_hal_gpio.o
 .debug_info    0x0000000000007868      0x944 Drivers/STM32F4xx_HAL_Driver/Src/stm32f4xx_hal_rcc.o
 .debug_info    0x00000000000081ac      0x9d5 Drivers/STM32F4xx_HAL_Driver/Src/stm32f4xx_hal_rcc_ex.o
 .debug_info    0x0000000000008b81     0x24a9 Drivers/STM32F4xx_HAL_Driver/Src/stm32f4xx_hal_tim.o
 .debug_info    0x000000000000b02a     0x1157 Drivers/STM32F4xx_HAL_Driver/Src/stm32f4xx_hal_tim_ex.o
 .debug_info    0x000000000000c181     0x124c Drivers/STM32F4xx_HAL_Driver/Src/stm32f4xx_hal_uart.o
 .debug_info    0x000000000000d3cd     0x1e7e Middlewares/Third_Party/FreeRTOS/Source/CMSIS_RTOS/cmsis_os.o
 .debug_info    0x000000000000f24b      0xacb Middlewares/Third_Party/FreeRTOS/Source/list.o
 .debug_info    0x000000000000fd16     0x2494 Middlewares/Third_Party/FreeRTOS/Source/tasks.o
 .debug_info    0x00000000000121aa      0x533 Middlewares/Third_Party/FreeRTOS/Source/portable/GCC/ARM_CM4F/port.o
 .debug_info    0x00000000000126dd      0xbea Middlewares/Third_Party/FreeRTOS/Source/portable/MemMang/heap_4.o

.debug_abbrev   0x0000000000000000     0x2bd7
 .debug_abbrev  0x0000000000000000      0x109 Core/Src/freertos.o
 .debug_abbrev  0x0000000000000109      0x2f0 Core/Src/main.o
 .debug_abbrev  0x00000000000003f9      0x195 Core/Src/stm32f4xx_hal_msp.o
 .debug_abbrev  0x000000000000058e      0x19d Core/Src/stm32f4xx_hal_timebase_tim.o
 .debug_abbrev  0x000000000000072b      0x15a Core/Src/stm32f4xx_it.o
 .debug_abbrev  0x0000000000000885      0x12b Core/Src/system_stm32f4xx.o
 .debug_abbrev  0x00000000000009b0       0x12 Core/Startup/startup_stm32f446retx.o
 .debug_abbrev  0x00000000000009c2      0x1c7 Drivers/STM32F4xx_HAL_Driver/Src/stm32f4xx_hal.o
 .debug_abbrev  0x0000000000000b89      0x2fa Drivers/STM32F4xx_HAL_Driver/Src/stm32f4xx_hal_cortex.o
 .debug_abbrev  0x0000000000000e83      0x1e4 Drivers/STM32F4xx_HAL_Driver/Src/stm32f4xx_hal_dac.o
 .debug_abbrev  0x0000000000001067      0x1e8 Drivers/STM32F4xx_HAL_Driver/Src/stm32f4xx_hal_dac_ex.o
 .debug_abbrev  0x000000000000124f      0x1c9 Drivers/STM32F4xx_HAL_Driver/Src/stm32f4xx_hal_gpio.o
 .debug_abbrev  0x0000000000001418      0x245 Drivers/STM32F4xx_HAL_Driver/Src/stm32f4xx_hal_rcc.o
 .debug_abbrev  0x000000000000165d      0x1bc Drivers/STM32F4xx_HAL_Driver/Src/stm32f4xx_hal_rcc_ex.o
 .debug_abbrev  0x0000000000001819      0x230 Drivers/STM32F4xx_HAL_Driver/Src/stm32f4xx_hal_tim.o
 .debug_abbrev  0x0000000000001a49      0x21e Drivers/STM32F4xx_HAL_Driver/Src/stm32f4xx_hal_tim_ex.o
 .debug_abbrev  0x0000000000001c67      0x242 Drivers/STM32F4xx_HAL_Driver/Src/stm32f4xx_hal_uart.o
 .debug_abbrev  0x0000000000001ea9      0x379 Middlewares/Third_Party/FreeRTOS/Source/CMSIS_RTOS/cmsis_os.o
 .debug_abbrev  0x0000000000002222      0x1cf Middlewares/Third_Party/FreeRTOS/Source/list.o
 .debug_abbrev  0x00000000000023f1      0x338 Middlewares/Third_Party/FreeRTOS/Source/tasks.o
 .debug_abbrev  0x0000000000002729      0x210 Middlewares/Third_Party/FreeRTOS/Source/portable/GCC/ARM_CM4F/port.o
 .debug_abbrev  0x0000000000002939      0x29e Middlewares/Third_Party/FreeRTOS/Source/portable/MemMang/heap_4.o

.debug_aranges  0x0000000000000000     0x1188
 .debug_aranges
                0x0000000000000000       0x20 Core/Src/freertos.o
 .debug_aranges
                0x0000000000000020       0x70 Core/Src/main.o
 .debug_aranges
                0x0000000000000090       0x40 Core/Src/stm32f4xx_hal_msp.o
 .debug_aranges
                0x00000000000000d0       0x30 Core/Src/stm32f4xx_hal_timebase_tim.o
 .debug_aranges
                0x0000000000000100       0x50 Core/Src/stm32f4xx_it.o
 .debug_aranges
                0x0000000000000150       0x28 Core/Src/system_stm32f4xx.o
 .debug_aranges
                0x0000000000000178       0x28 Core/Startup/startup_stm32f446retx.o
 .debug_aranges
                0x00000000000001a0       0xf0 Drivers/STM32F4xx_HAL_Driver/Src/stm32f4xx_hal.o
 .debug_aranges
                0x0000000000000290      0x118 Drivers/STM32F4xx_HAL_Driver/Src/stm32f4xx_hal_cortex.o
 .debug_aranges
                0x00000000000003a8       0xc0 Drivers/STM32F4xx_HAL_Driver/Src/stm32f4xx_hal_dac.o
 .debug_aranges
                0x0000000000000468       0x70 Drivers/STM32F4xx_HAL_Driver/Src/stm32f4xx_hal_dac_ex.o
 .debug_aranges
                0x00000000000004d8       0x58 Drivers/STM32F4xx_HAL_Driver/Src/stm32f4xx_hal_gpio.o
 .debug_aranges
                0x0000000000000530       0x88 Drivers/STM32F4xx_HAL_Driver/Src/stm32f4xx_hal_rcc.o
 .debug_aranges
                0x00000000000005b8       0x78 Drivers/STM32F4xx_HAL_Driver/Src/stm32f4xx_hal_rcc_ex.o
 .debug_aranges
                0x0000000000000630      0x3a8 Drivers/STM32F4xx_HAL_Driver/Src/stm32f4xx_hal_tim.o
 .debug_aranges
                0x00000000000009d8      0x150 Drivers/STM32F4xx_HAL_Driver/Src/stm32f4xx_hal_tim_ex.o
 .debug_aranges
                0x0000000000000b28      0x1d0 Drivers/STM32F4xx_HAL_Driver/Src/stm32f4xx_hal_uart.o
 .debug_aranges
                0x0000000000000cf8      0x1d8 Middlewares/Third_Party/FreeRTOS/Source/CMSIS_RTOS/cmsis_os.o
 .debug_aranges
                0x0000000000000ed0       0x40 Middlewares/Third_Party/FreeRTOS/Source/list.o
 .debug_aranges
                0x0000000000000f10      0x1a8 Middlewares/Third_Party/FreeRTOS/Source/tasks.o
 .debug_aranges
                0x00000000000010b8       0x80 Middlewares/Third_Party/FreeRTOS/Source/portable/GCC/ARM_CM4F/port.o
 .debug_aranges
                0x0000000000001138       0x50 Middlewares/Third_Party/FreeRTOS/Source/portable/MemMang/heap_4.o

.debug_ranges   0x0000000000000000     0x1030
 .debug_ranges  0x0000000000000000       0x10 Core/Src/freertos.o
 .debug_ranges  0x0000000000000010       0x60 Core/Src/main.o
 .debug_ranges  0x0000000000000070       0x30 Core/Src/stm32f4xx_hal_msp.o
 .debug_ranges  0x00000000000000a0       0x20 Core/Src/stm32f4xx_hal_timebase_tim.o
 .debug_ranges  0x00000000000000c0       0x40 Core/Src/stm32f4xx_it.o
 .debug_ranges  0x0000000000000100       0x18 Core/Src/system_stm32f4xx.o
 .debug_ranges  0x0000000000000118       0x20 Core/Startup/startup_stm32f446retx.o
 .debug_ranges  0x0000000000000138       0xe0 Drivers/STM32F4xx_HAL_Driver/Src/stm32f4xx_hal.o
 .debug_ranges  0x0000000000000218      0x108 Drivers/STM32F4xx_HAL_Driver/Src/stm32f4xx_hal_cortex.o
 .debug_ranges  0x0000000000000320       0xb0 Drivers/STM32F4xx_HAL_Driver/Src/stm32f4xx_hal_dac.o
 .debug_ranges  0x00000000000003d0       0x60 Drivers/STM32F4xx_HAL_Driver/Src/stm32f4xx_hal_dac_ex.o
 .debug_ranges  0x0000000000000430       0x48 Drivers/STM32F4xx_HAL_Driver/Src/stm32f4xx_hal_gpio.o
 .debug_ranges  0x0000000000000478       0x78 Drivers/STM32F4xx_HAL_Driver/Src/stm32f4xx_hal_rcc.o
 .debug_ranges  0x00000000000004f0       0x68 Drivers/STM32F4xx_HAL_Driver/Src/stm32f4xx_hal_rcc_ex.o
 .debug_ranges  0x0000000000000558      0x398 Drivers/STM32F4xx_HAL_Driver/Src/stm32f4xx_hal_tim.o
 .debug_ranges  0x00000000000008f0      0x140 Drivers/STM32F4xx_HAL_Driver/Src/stm32f4xx_hal_tim_ex.o
 .debug_ranges  0x0000000000000a30      0x1c0 Drivers/STM32F4xx_HAL_Driver/Src/stm32f4xx_hal_uart.o
 .debug_ranges  0x0000000000000bf0      0x1c8 Middlewares/Third_Party/FreeRTOS/Source/CMSIS_RTOS/cmsis_os.o
 .debug_ranges  0x0000000000000db8       0x30 Middlewares/Third_Party/FreeRTOS/Source/list.o
 .debug_ranges  0x0000000000000de8      0x198 Middlewares/Third_Party/FreeRTOS/Source/tasks.o
 .debug_ranges  0x0000000000000f80       0x70 Middlewares/Third_Party/FreeRTOS/Source/portable/GCC/ARM_CM4F/port.o
 .debug_ranges  0x0000000000000ff0       0x40 Middlewares/Third_Party/FreeRTOS/Source/portable/MemMang/heap_4.o

.debug_macro    0x0000000000000000    0x23bed
 .debug_macro   0x0000000000000000      0x25e Core/Src/freertos.o
 .debug_macro   0x000000000000025e      0xa5a Core/Src/freertos.o
 .debug_macro   0x0000000000000cb8      0x174 Core/Src/freertos.o
 .debug_macro   0x0000000000000e2c       0x22 Core/Src/freertos.o
 .debug_macro   0x0000000000000e4e       0x8e Core/Src/freertos.o
 .debug_macro   0x0000000000000edc       0x51 Core/Src/freertos.o
 .debug_macro   0x0000000000000f2d       0xef Core/Src/freertos.o
 .debug_macro   0x000000000000101c       0x6a Core/Src/freertos.o
 .debug_macro   0x0000000000001086      0x1df Core/Src/freertos.o
 .debug_macro   0x0000000000001265       0xea Core/Src/freertos.o
 .debug_macro   0x000000000000134f      0x15a Core/Src/freertos.o
 .debug_macro   0x00000000000014a9       0xde Core/Src/freertos.o
 .debug_macro   0x0000000000001587       0x1c Core/Src/freertos.o
 .debug_macro   0x00000000000015a3       0x26 Core/Src/freertos.o
 .debug_macro   0x00000000000015c9      0x4e8 Core/Src/freertos.o
 .debug_macro   0x0000000000001ab1       0xb5 Core/Src/freertos.o
 .debug_macro   0x0000000000001b66       0xaa Core/Src/freertos.o
 .debug_macro   0x0000000000001c10      0x190 Core/Src/freertos.o
 .debug_macro   0x0000000000001da0       0x2e Core/Src/freertos.o
 .debug_macro   0x0000000000001dce       0x28 Core/Src/freertos.o
 .debug_macro   0x0000000000001df6       0x1c Core/Src/freertos.o
 .debug_macro   0x0000000000001e12       0x22 Core/Src/freertos.o
 .debug_macro   0x0000000000001e34       0xdf Core/Src/freertos.o
 .debug_macro   0x0000000000001f13     0x102d Core/Src/freertos.o
 .debug_macro   0x0000000000002f40      0x11f Core/Src/freertos.o
 .debug_macro   0x000000000000305f    0x1672d Core/Src/freertos.o
 .debug_macro   0x000000000001978c       0x43 Core/Src/freertos.o
 .debug_macro   0x00000000000197cf     0x3659 Core/Src/freertos.o
 .debug_macro   0x000000000001ce28       0x5a Core/Src/freertos.o
 .debug_macro   0x000000000001ce82      0xc90 Core/Src/freertos.o
 .debug_macro   0x000000000001db12      0x9fe Core/Src/freertos.o
 .debug_macro   0x000000000001e510      0x16d Core/Src/freertos.o
 .debug_macro   0x000000000001e67d      0x117 Core/Src/freertos.o
 .debug_macro   0x000000000001e794      0x1a0 Core/Src/freertos.o
 .debug_macro   0x000000000001e934       0x27 Core/Src/freertos.o
 .debug_macro   0x000000000001e95b      0x287 Core/Src/freertos.o
 .debug_macro   0x000000000001ebe2       0x5f Core/Src/freertos.o
 .debug_macro   0x000000000001ec41      0x236 Core/Src/freertos.o
 .debug_macro   0x000000000001ee77       0xea Core/Src/freertos.o
 .debug_macro   0x000000000001ef61       0xa0 Core/Src/freertos.o
 .debug_macro   0x000000000001f001       0x3c Core/Src/freertos.o
 .debug_macro   0x000000000001f03d      0x132 Core/Src/freertos.o
 .debug_macro   0x000000000001f16f      0x29c Core/Src/freertos.o
 .debug_macro   0x000000000001f40b       0x2e Core/Src/freertos.o
 .debug_macro   0x000000000001f439      0x11a Core/Src/freertos.o
 .debug_macro   0x000000000001f553       0xe8 Core/Src/freertos.o
 .debug_macro   0x000000000001f63b       0x89 Core/Src/freertos.o
 .debug_macro   0x000000000001f6c4      0x8a0 Core/Src/freertos.o
 .debug_macro   0x000000000001ff64       0x4d Core/Src/freertos.o
 .debug_macro   0x000000000001ffb1      0x287 Core/Src/freertos.o
 .debug_macro   0x0000000000020238      0x126 Core/Src/freertos.o
 .debug_macro   0x000000000002035e       0x4c Core/Src/freertos.o
 .debug_macro   0x00000000000203aa      0x42f Core/Src/main.o
 .debug_macro   0x00000000000207d9       0xea Core/Src/main.o
 .debug_macro   0x00000000000208c3       0x91 Core/Src/main.o
 .debug_macro   0x0000000000020954       0x8d Core/Src/main.o
 .debug_macro   0x00000000000209e1       0x7e Core/Src/main.o
 .debug_macro   0x0000000000020a5f       0x19 Core/Src/main.o
 .debug_macro   0x0000000000020a78       0xf2 Core/Src/main.o
 .debug_macro   0x0000000000020b6a       0x46 Core/Src/main.o
 .debug_macro   0x0000000000020bb0       0x18 Core/Src/main.o
 .debug_macro   0x0000000000020bc8       0x3c Core/Src/main.o
 .debug_macro   0x0000000000020c04       0x34 Core/Src/main.o
 .debug_macro   0x0000000000020c38       0x16 Core/Src/main.o
 .debug_macro   0x0000000000020c4e       0x35 Core/Src/main.o
 .debug_macro   0x0000000000020c83      0x32a Core/Src/main.o
 .debug_macro   0x0000000000020fad       0x10 Core/Src/main.o
 .debug_macro   0x0000000000020fbd       0x52 Core/Src/main.o
 .debug_macro   0x000000000002100f       0x1f Core/Src/main.o
 .debug_macro   0x000000000002102e       0x43 Core/Src/main.o
 .debug_macro   0x0000000000021071       0x20 Core/Src/main.o
 .debug_macro   0x0000000000021091      0x1a3 Core/Src/main.o
 .debug_macro   0x0000000000021234       0x10 Core/Src/main.o
 .debug_macro   0x0000000000021244       0x1c Core/Src/main.o
 .debug_macro   0x0000000000021260       0x52 Core/Src/main.o
 .debug_macro   0x00000000000212b2       0x40 Core/Src/main.o
 .debug_macro   0x00000000000212f2       0x10 Core/Src/main.o
 .debug_macro   0x0000000000021302       0x40 Core/Src/main.o
 .debug_macro   0x0000000000021342       0xd7 Core/Src/main.o
 .debug_macro   0x0000000000021419       0x1c Core/Src/main.o
 .debug_macro   0x0000000000021435       0x3d Core/Src/main.o
 .debug_macro   0x0000000000021472       0x16 Core/Src/main.o
 .debug_macro   0x0000000000021488      0x145 Core/Src/main.o
 .debug_macro   0x00000000000215cd       0x16 Core/Src/main.o
 .debug_macro   0x00000000000215e3       0x20 Core/Src/main.o
 .debug_macro   0x0000000000021603      0x1f6 Core/Src/stm32f4xx_hal_msp.o
 .debug_macro   0x00000000000217f9      0x1e7 Core/Src/stm32f4xx_hal_timebase_tim.o
 .debug_macro   0x00000000000219e0      0x268 Core/Src/stm32f4xx_it.o
 .debug_macro   0x0000000000021c48      0x1ed Core/Src/system_stm32f4xx.o
 .debug_macro   0x0000000000021e35      0x247 Drivers/STM32F4xx_HAL_Driver/Src/stm32f4xx_hal.o
 .debug_macro   0x000000000002207c      0x1e7 Drivers/STM32F4xx_HAL_Driver/Src/stm32f4xx_hal_cortex.o
 .debug_macro   0x0000000000022263      0x1e8 Drivers/STM32F4xx_HAL_Driver/Src/stm32f4xx_hal_dac.o
 .debug_macro   0x000000000002244b      0x1e7 Drivers/STM32F4xx_HAL_Driver/Src/stm32f4xx_hal_dac_ex.o
 .debug_macro   0x0000000000022632      0x21d Drivers/STM32F4xx_HAL_Driver/Src/stm32f4xx_hal_gpio.o
 .debug_macro   0x000000000002284f      0x20b Drivers/STM32F4xx_HAL_Driver/Src/stm32f4xx_hal_rcc.o
 .debug_macro   0x0000000000022a5a      0x1e7 Drivers/STM32F4xx_HAL_Driver/Src/stm32f4xx_hal_rcc_ex.o
 .debug_macro   0x0000000000022c41      0x1e8 Drivers/STM32F4xx_HAL_Driver/Src/stm32f4xx_hal_tim.o
 .debug_macro   0x0000000000022e29      0x1e7 Drivers/STM32F4xx_HAL_Driver/Src/stm32f4xx_hal_tim_ex.o
 .debug_macro   0x0000000000023010      0x1e8 Drivers/STM32F4xx_HAL_Driver/Src/stm32f4xx_hal_uart.o
 .debug_macro   0x00000000000231f8      0x1f1 Middlewares/Third_Party/FreeRTOS/Source/CMSIS_RTOS/cmsis_os.o
 .debug_macro   0x00000000000233e9       0x10 Middlewares/Third_Party/FreeRTOS/Source/CMSIS_RTOS/cmsis_os.o
 .debug_macro   0x00000000000233f9       0xc7 Middlewares/Third_Party/FreeRTOS/Source/CMSIS_RTOS/cmsis_os.o
 .debug_macro   0x00000000000234c0      0x17a Middlewares/Third_Party/FreeRTOS/Source/list.o
 .debug_macro   0x000000000002363a      0x26c Middlewares/Third_Party/FreeRTOS/Source/tasks.o
 .debug_macro   0x00000000000238a6       0x10 Middlewares/Third_Party/FreeRTOS/Source/tasks.o
 .debug_macro   0x00000000000238b6      0x196 Middlewares/Third_Party/FreeRTOS/Source/portable/GCC/ARM_CM4F/port.o
 .debug_macro   0x0000000000023a4c      0x1a1 Middlewares/Third_Party/FreeRTOS/Source/portable/MemMang/heap_4.o

.debug_line     0x0000000000000000     0xdc5b
 .debug_line    0x0000000000000000      0x7ec Core/Src/freertos.o
 .debug_line    0x00000000000007ec      0xba5 Core/Src/main.o
 .debug_line    0x0000000000001391      0x768 Core/Src/stm32f4xx_hal_msp.o
 .debug_line    0x0000000000001af9      0x726 Core/Src/stm32f4xx_hal_timebase_tim.o
 .debug_line    0x000000000000221f      0x878 Core/Src/stm32f4xx_it.o
 .debug_line    0x0000000000002a97      0x70d Core/Src/system_stm32f4xx.o
 .debug_line    0x00000000000031a4       0x85 Core/Startup/startup_stm32f446retx.o
 .debug_line    0x0000000000003229      0x8f7 Drivers/STM32F4xx_HAL_Driver/Src/stm32f4xx_hal.o
 .debug_line    0x0000000000003b20      0xa1b Drivers/STM32F4xx_HAL_Driver/Src/stm32f4xx_hal_cortex.o
 .debug_line    0x000000000000453b      0x94b Drivers/STM32F4xx_HAL_Driver/Src/stm32f4xx_hal_dac.o
 .debug_line    0x0000000000004e86      0x80e Drivers/STM32F4xx_HAL_Driver/Src/stm32f4xx_hal_dac_ex.o
 .debug_line    0x0000000000005694      0x8c2 Drivers/STM32F4xx_HAL_Driver/Src/stm32f4xx_hal_gpio.o
 .debug_line    0x0000000000005f56      0x94f Drivers/STM32F4xx_HAL_Driver/Src/stm32f4xx_hal_rcc.o
 .debug_line    0x00000000000068a5      0xae0 Drivers/STM32F4xx_HAL_Driver/Src/stm32f4xx_hal_rcc_ex.o
 .debug_line    0x0000000000007385     0x1970 Drivers/STM32F4xx_HAL_Driver/Src/stm32f4xx_hal_tim.o
 .debug_line    0x0000000000008cf5      0xd0d Drivers/STM32F4xx_HAL_Driver/Src/stm32f4xx_hal_tim_ex.o
 .debug_line    0x0000000000009a02     0x1005 Drivers/STM32F4xx_HAL_Driver/Src/stm32f4xx_hal_uart.o
 .debug_line    0x000000000000aa07      0xcc0 Middlewares/Third_Party/FreeRTOS/Source/CMSIS_RTOS/cmsis_os.o
 .debug_line    0x000000000000b6c7      0x66c Middlewares/Third_Party/FreeRTOS/Source/list.o
 .debug_line    0x000000000000bd33     0x1133 Middlewares/Third_Party/FreeRTOS/Source/tasks.o
 .debug_line    0x000000000000ce66      0x6a3 Middlewares/Third_Party/FreeRTOS/Source/portable/GCC/ARM_CM4F/port.o
 .debug_line    0x000000000000d509      0x752 Middlewares/Third_Party/FreeRTOS/Source/portable/MemMang/heap_4.o

.debug_str      0x0000000000000000    0xd9153
 .debug_str     0x0000000000000000    0xcc8ed Core/Src/freertos.o
                                      0xccbb7 (size before relaxing)
 .debug_str     0x00000000000cc8ed     0x6e91 Core/Src/main.o
                                      0xd3acc (size before relaxing)
 .debug_str     0x00000000000d377e      0x57a Core/Src/stm32f4xx_hal_msp.o
                                      0xc9969 (size before relaxing)
 .debug_str     0x00000000000d3cf8       0xaa Core/Src/stm32f4xx_hal_timebase_tim.o
                                      0xc97a9 (size before relaxing)
 .debug_str     0x00000000000d3da2       0xa6 Core/Src/stm32f4xx_it.o
                                      0xcd031 (size before relaxing)
 .debug_str     0x00000000000d3e48       0xc4 Core/Src/system_stm32f4xx.o
                                      0xc8df2 (size before relaxing)
 .debug_str     0x00000000000d3f0c       0x36 Core/Startup/startup_stm32f446retx.o
                                         0x79 (size before relaxing)
 .debug_str     0x00000000000d3f42      0x542 Drivers/STM32F4xx_HAL_Driver/Src/stm32f4xx_hal.o
                                      0xc9900 (size before relaxing)
 .debug_str     0x00000000000d4484      0x389 Drivers/STM32F4xx_HAL_Driver/Src/stm32f4xx_hal_cortex.o
                                      0xc96ca (size before relaxing)
 .debug_str     0x00000000000d480d      0x1cd Drivers/STM32F4xx_HAL_Driver/Src/stm32f4xx_hal_dac.o
                                      0xc91f1 (size before relaxing)
 .debug_str     0x00000000000d49da      0x164 Drivers/STM32F4xx_HAL_Driver/Src/stm32f4xx_hal_dac_ex.o
                                      0xc9121 (size before relaxing)
 .debug_str     0x00000000000d4b3e      0x20c Drivers/STM32F4xx_HAL_Driver/Src/stm32f4xx_hal_gpio.o
                                      0xc9031 (size before relaxing)
 .debug_str     0x00000000000d4d4a      0x24f Drivers/STM32F4xx_HAL_Driver/Src/stm32f4xx_hal_rcc.o
                                      0xc91e4 (size before relaxing)
 .debug_str     0x00000000000d4f99      0x31c Drivers/STM32F4xx_HAL_Driver/Src/stm32f4xx_hal_rcc_ex.o
                                      0xc9236 (size before relaxing)
 .debug_str     0x00000000000d52b5      0xd61 Drivers/STM32F4xx_HAL_Driver/Src/stm32f4xx_hal_tim.o
                                      0xc9ed9 (size before relaxing)
 .debug_str     0x00000000000d6016      0x4ec Drivers/STM32F4xx_HAL_Driver/Src/stm32f4xx_hal_tim_ex.o
                                      0xc96d9 (size before relaxing)
 .debug_str     0x00000000000d6502      0x516 Drivers/STM32F4xx_HAL_Driver/Src/stm32f4xx_hal_uart.o
                                      0xc9619 (size before relaxing)
 .debug_str     0x00000000000d6a18      0x8c2 Middlewares/Third_Party/FreeRTOS/Source/CMSIS_RTOS/cmsis_os.o
                                       0xe141 (size before relaxing)
 .debug_str     0x00000000000d72da      0x219 Middlewares/Third_Party/FreeRTOS/Source/list.o
                                       0xa773 (size before relaxing)
 .debug_str     0x00000000000d74f3     0x1203 Middlewares/Third_Party/FreeRTOS/Source/tasks.o
                                       0xc994 (size before relaxing)
 .debug_str     0x00000000000d86f6      0x803 Middlewares/Third_Party/FreeRTOS/Source/portable/GCC/ARM_CM4F/port.o
                                       0x853c (size before relaxing)
 .debug_str     0x00000000000d8ef9      0x25a Middlewares/Third_Party/FreeRTOS/Source/portable/MemMang/heap_4.o
                                       0xaf66 (size before relaxing)

.comment        0x0000000000000000       0x7b
 .comment       0x0000000000000000       0x7b Core/Src/freertos.o
                                         0x7c (size before relaxing)
 .comment       0x000000000000007b       0x7c Core/Src/main.o
 .comment       0x000000000000007b       0x7c Core/Src/stm32f4xx_hal_msp.o
 .comment       0x000000000000007b       0x7c Core/Src/stm32f4xx_hal_timebase_tim.o
 .comment       0x000000000000007b       0x7c Core/Src/stm32f4xx_it.o
 .comment       0x000000000000007b       0x7c Core/Src/system_stm32f4xx.o
 .comment       0x000000000000007b       0x7c Drivers/STM32F4xx_HAL_Driver/Src/stm32f4xx_hal.o
 .comment       0x000000000000007b       0x7c Drivers/STM32F4xx_HAL_Driver/Src/stm32f4xx_hal_cortex.o
 .comment       0x000000000000007b       0x7c Drivers/STM32F4xx_HAL_Driver/Src/stm32f4xx_hal_dac.o
 .comment       0x000000000000007b       0x7c Drivers/STM32F4xx_HAL_Driver/Src/stm32f4xx_hal_dac_ex.o
 .comment       0x000000000000007b       0x7c Drivers/STM32F4xx_HAL_Driver/Src/stm32f4xx_hal_gpio.o
 .comment       0x000000000000007b       0x7c Drivers/STM32F4xx_HAL_Driver/Src/stm32f4xx_hal_rcc.o
 .comment       0x000000000000007b       0x7c Drivers/STM32F4xx_HAL_Driver/Src/stm32f4xx_hal_rcc_ex.o
 .comment       0x000000000000007b       0x7c Drivers/STM32F4xx_HAL_Driver/Src/stm32f4xx_hal_tim.o
 .comment       0x000000000000007b       0x7c Drivers/STM32F4xx_HAL_Driver/Src/stm32f4xx_hal_tim_ex.o
 .comment       0x000000000000007b       0x7c Drivers/STM32F4xx_HAL_Driver/Src/stm32f4xx_hal_uart.o
 .comment       0x000000000000007b       0x7c Middlewares/Third_Party/FreeRTOS/Source/CMSIS_RTOS/cmsis_os.o
 .comment       0x000000000000007b       0x7c Middlewares/Third_Party/FreeRTOS/Source/list.o
 .comment       0x000000000000007b       0x7c Middlewares/Third_Party/FreeRTOS/Source/tasks.o
 .comment       0x000000000000007b       0x7c Middlewares/Third_Party/FreeRTOS/Source/portable/GCC/ARM_CM4F/port.o
 .comment       0x000000000000007b       0x7c Middlewares/Third_Party/FreeRTOS/Source/portable/MemMang/heap_4.o

.debug_frame    0x0000000000000000     0x49bc
 .debug_frame   0x0000000000000000       0x38 Core/Src/freertos.o
 .debug_frame   0x0000000000000038      0x184 Core/Src/main.o
 .debug_frame   0x00000000000001bc       0xc4 Core/Src/stm32f4xx_hal_msp.o
 .debug_frame   0x0000000000000280       0x74 Core/Src/stm32f4xx_hal_timebase_tim.o
 .debug_frame   0x00000000000002f4       0xcc Core/Src/stm32f4xx_it.o
 .debug_frame   0x00000000000003c0       0x58 Core/Src/system_stm32f4xx.o
 .debug_frame   0x0000000000000418      0x374 Drivers/STM32F4xx_HAL_Driver/Src/stm32f4xx_hal.o
 .debug_frame   0x000000000000078c      0x498 Drivers/STM32F4xx_HAL_Driver/Src/stm32f4xx_hal_cortex.o
 .debug_frame   0x0000000000000c24      0x338 Drivers/STM32F4xx_HAL_Driver/Src/stm32f4xx_hal_dac.o
 .debug_frame   0x0000000000000f5c      0x1bc Drivers/STM32F4xx_HAL_Driver/Src/stm32f4xx_hal_dac_ex.o
 .debug_frame   0x0000000000001118      0x14c Drivers/STM32F4xx_HAL_Driver/Src/stm32f4xx_hal_gpio.o
 .debug_frame   0x0000000000001264      0x1f0 Drivers/STM32F4xx_HAL_Driver/Src/stm32f4xx_hal_rcc.o
 .debug_frame   0x0000000000001454      0x1e0 Drivers/STM32F4xx_HAL_Driver/Src/stm32f4xx_hal_rcc_ex.o
 .debug_frame   0x0000000000001634     0x10f0 Drivers/STM32F4xx_HAL_Driver/Src/stm32f4xx_hal_tim.o
 .debug_frame   0x0000000000002724      0x5c0 Drivers/STM32F4xx_HAL_Driver/Src/stm32f4xx_hal_tim_ex.o
 .debug_frame   0x0000000000002ce4      0x844 Drivers/STM32F4xx_HAL_Driver/Src/stm32f4xx_hal_uart.o
 .debug_frame   0x0000000000003528      0x80c Middlewares/Third_Party/FreeRTOS/Source/CMSIS_RTOS/cmsis_os.o
 .debug_frame   0x0000000000003d34       0xd8 Middlewares/Third_Party/FreeRTOS/Source/list.o
 .debug_frame   0x0000000000003e0c      0x734 Middlewares/Third_Party/FreeRTOS/Source/tasks.o
 .debug_frame   0x0000000000004540      0x1a8 Middlewares/Third_Party/FreeRTOS/Source/portable/GCC/ARM_CM4F/port.o
 .debug_frame   0x00000000000046e8      0x108 Middlewares/Third_Party/FreeRTOS/Source/portable/MemMang/heap_4.o
 .debug_frame   0x00000000000047f0       0x2c c:/st/stm32cubeide_1.3.0/stm32cubeide/plugins/com.st.stm32cube.ide.mcu.externaltools.gnu-tools-for-stm32.7-2018-q2-update.win32_1.0.0.201904181610/tools/bin/../lib/gcc/arm-none-eabi/7.3.1/../../../../arm-none-eabi/lib/thumb/v7e-m/fpv4-sp/hard\libc_nano.a(lib_a-init.o)
 .debug_frame   0x000000000000481c       0x20 c:/st/stm32cubeide_1.3.0/stm32cubeide/plugins/com.st.stm32cube.ide.mcu.externaltools.gnu-tools-for-stm32.7-2018-q2-update.win32_1.0.0.201904181610/tools/bin/../lib/gcc/arm-none-eabi/7.3.1/../../../../arm-none-eabi/lib/thumb/v7e-m/fpv4-sp/hard\libc_nano.a(lib_a-memset.o)
 .debug_frame   0x000000000000483c       0xac c:/st/stm32cubeide_1.3.0/stm32cubeide/plugins/com.st.stm32cube.ide.mcu.externaltools.gnu-tools-for-stm32.7-2018-q2-update.win32_1.0.0.201904181610/tools/bin/../lib/gcc/arm-none-eabi/7.3.1/thumb/v7e-m/fpv4-sp/hard\libgcc.a(_arm_addsubdf3.o)
 .debug_frame   0x00000000000048e8       0x50 c:/st/stm32cubeide_1.3.0/stm32cubeide/plugins/com.st.stm32cube.ide.mcu.externaltools.gnu-tools-for-stm32.7-2018-q2-update.win32_1.0.0.201904181610/tools/bin/../lib/gcc/arm-none-eabi/7.3.1/thumb/v7e-m/fpv4-sp/hard\libgcc.a(_arm_muldivdf3.o)
 .debug_frame   0x0000000000004938       0x24 c:/st/stm32cubeide_1.3.0/stm32cubeide/plugins/com.st.stm32cube.ide.mcu.externaltools.gnu-tools-for-stm32.7-2018-q2-update.win32_1.0.0.201904181610/tools/bin/../lib/gcc/arm-none-eabi/7.3.1/thumb/v7e-m/fpv4-sp/hard\libgcc.a(_arm_fixdfsi.o)
 .debug_frame   0x000000000000495c       0x2c c:/st/stm32cubeide_1.3.0/stm32cubeide/plugins/com.st.stm32cube.ide.mcu.externaltools.gnu-tools-for-stm32.7-2018-q2-update.win32_1.0.0.201904181610/tools/bin/../lib/gcc/arm-none-eabi/7.3.1/thumb/v7e-m/fpv4-sp/hard\libgcc.a(_aeabi_uldivmod.o)
 .debug_frame   0x0000000000004988       0x34 c:/st/stm32cubeide_1.3.0/stm32cubeide/plugins/com.st.stm32cube.ide.mcu.externaltools.gnu-tools-for-stm32.7-2018-q2-update.win32_1.0.0.201904181610/tools/bin/../lib/gcc/arm-none-eabi/7.3.1/thumb/v7e-m/fpv4-sp/hard\libgcc.a(_udivmoddi4.o)
