driver__process_high_sys_data.c:12:6:destination_reached	4	static
driver__process_high_sys_data.c:14:13:__get_motor_data_to_stop	16	static
driver__process_high_sys_data.c:20:14:get_speed_from_angle	40	static
driver__process_high_sys_data.c:38:13:get_min_left_motor_data	24	static
driver__process_high_sys_data.c:49:13:get_min_right_motor_data	24	static
driver__process_high_sys_data.c:60:13:get_min_reverse_motor_data	32	static
driver__process_high_sys_data.c:76:13:get_min_forward_motor_data	32	static
driver__process_high_sys_data.c:87:13:get_max_forward_motor_data	32	static
driver__process_high_sys_data.c:98:13:try_to_go_straight	32	static
driver__process_high_sys_data.c:117:13:get_motor_data_to_turn	32	static
driver__process_high_sys_data.c:134:13:try_to_go_right	24	static
driver__process_high_sys_data.c:153:13:try_to_go_left	24	static
driver__process_high_sys_data.c:172:13:__get_motor_commands	32	static
driver__process_high_sys_data.c:198:22:driver_process_geo_data__get_motor_data	24	static
driver__process_high_sys_data.c:205:6:driver_process_geo_data__process_input	16	static
