Archive member included to satisfy reference by file (symbol)

c:/st/stm32cubeide_1.3.0/stm32cubeide/plugins/com.st.stm32cube.ide.mcu.externaltools.gnu-tools-for-stm32.7-2018-q2-update.win32_1.0.0.201904181610/tools/bin/../lib/gcc/arm-none-eabi/7.3.1/../../../../arm-none-eabi/lib/thumb/v7e-m/fpv4-sp/hard\libc_nano.a(lib_a-errno.o)
                              Core/Src/syscalls.o (__errno)
c:/st/stm32cubeide_1.3.0/stm32cubeide/plugins/com.st.stm32cube.ide.mcu.externaltools.gnu-tools-for-stm32.7-2018-q2-update.win32_1.0.0.201904181610/tools/bin/../lib/gcc/arm-none-eabi/7.3.1/../../../../arm-none-eabi/lib/thumb/v7e-m/fpv4-sp/hard\libc_nano.a(lib_a-exit.o)
                              c:/st/stm32cubeide_1.3.0/stm32cubeide/plugins/com.st.stm32cube.ide.mcu.externaltools.gnu-tools-for-stm32.7-2018-q2-update.win32_1.0.0.201904181610/tools/bin/../lib/gcc/arm-none-eabi/7.3.1/../../../../arm-none-eabi/lib/thumb/v7e-m/fpv4-sp/hard/crt0.o (exit)
c:/st/stm32cubeide_1.3.0/stm32cubeide/plugins/com.st.stm32cube.ide.mcu.externaltools.gnu-tools-for-stm32.7-2018-q2-update.win32_1.0.0.201904181610/tools/bin/../lib/gcc/arm-none-eabi/7.3.1/../../../../arm-none-eabi/lib/thumb/v7e-m/fpv4-sp/hard\libc_nano.a(lib_a-impure.o)
                              c:/st/stm32cubeide_1.3.0/stm32cubeide/plugins/com.st.stm32cube.ide.mcu.externaltools.gnu-tools-for-stm32.7-2018-q2-update.win32_1.0.0.201904181610/tools/bin/../lib/gcc/arm-none-eabi/7.3.1/../../../../arm-none-eabi/lib/thumb/v7e-m/fpv4-sp/hard\libc_nano.a(lib_a-exit.o) (_global_impure_ptr)
c:/st/stm32cubeide_1.3.0/stm32cubeide/plugins/com.st.stm32cube.ide.mcu.externaltools.gnu-tools-for-stm32.7-2018-q2-update.win32_1.0.0.201904181610/tools/bin/../lib/gcc/arm-none-eabi/7.3.1/../../../../arm-none-eabi/lib/thumb/v7e-m/fpv4-sp/hard\libc_nano.a(lib_a-init.o)
                              c:/st/stm32cubeide_1.3.0/stm32cubeide/plugins/com.st.stm32cube.ide.mcu.externaltools.gnu-tools-for-stm32.7-2018-q2-update.win32_1.0.0.201904181610/tools/bin/../lib/gcc/arm-none-eabi/7.3.1/../../../../arm-none-eabi/lib/thumb/v7e-m/fpv4-sp/hard/crt0.o (__libc_init_array)
c:/st/stm32cubeide_1.3.0/stm32cubeide/plugins/com.st.stm32cube.ide.mcu.externaltools.gnu-tools-for-stm32.7-2018-q2-update.win32_1.0.0.201904181610/tools/bin/../lib/gcc/arm-none-eabi/7.3.1/../../../../arm-none-eabi/lib/thumb/v7e-m/fpv4-sp/hard\libc_nano.a(lib_a-malloc.o)
                              Middlewares/ST/STM32_USB_Host_Library/Class/CDC/Src/usbh_cdc.o (malloc)
c:/st/stm32cubeide_1.3.0/stm32cubeide/plugins/com.st.stm32cube.ide.mcu.externaltools.gnu-tools-for-stm32.7-2018-q2-update.win32_1.0.0.201904181610/tools/bin/../lib/gcc/arm-none-eabi/7.3.1/../../../../arm-none-eabi/lib/thumb/v7e-m/fpv4-sp/hard\libc_nano.a(lib_a-memcpy-stub.o)
                              Middlewares/Third_Party/FreeRTOS/Source/queue.o (memcpy)
c:/st/stm32cubeide_1.3.0/stm32cubeide/plugins/com.st.stm32cube.ide.mcu.externaltools.gnu-tools-for-stm32.7-2018-q2-update.win32_1.0.0.201904181610/tools/bin/../lib/gcc/arm-none-eabi/7.3.1/../../../../arm-none-eabi/lib/thumb/v7e-m/fpv4-sp/hard\libc_nano.a(lib_a-memset.o)
                              c:/st/stm32cubeide_1.3.0/stm32cubeide/plugins/com.st.stm32cube.ide.mcu.externaltools.gnu-tools-for-stm32.7-2018-q2-update.win32_1.0.0.201904181610/tools/bin/../lib/gcc/arm-none-eabi/7.3.1/../../../../arm-none-eabi/lib/thumb/v7e-m/fpv4-sp/hard/crt0.o (memset)
c:/st/stm32cubeide_1.3.0/stm32cubeide/plugins/com.st.stm32cube.ide.mcu.externaltools.gnu-tools-for-stm32.7-2018-q2-update.win32_1.0.0.201904181610/tools/bin/../lib/gcc/arm-none-eabi/7.3.1/../../../../arm-none-eabi/lib/thumb/v7e-m/fpv4-sp/hard\libc_nano.a(lib_a-nano-freer.o)
                              c:/st/stm32cubeide_1.3.0/stm32cubeide/plugins/com.st.stm32cube.ide.mcu.externaltools.gnu-tools-for-stm32.7-2018-q2-update.win32_1.0.0.201904181610/tools/bin/../lib/gcc/arm-none-eabi/7.3.1/../../../../arm-none-eabi/lib/thumb/v7e-m/fpv4-sp/hard\libc_nano.a(lib_a-malloc.o) (_free_r)
c:/st/stm32cubeide_1.3.0/stm32cubeide/plugins/com.st.stm32cube.ide.mcu.externaltools.gnu-tools-for-stm32.7-2018-q2-update.win32_1.0.0.201904181610/tools/bin/../lib/gcc/arm-none-eabi/7.3.1/../../../../arm-none-eabi/lib/thumb/v7e-m/fpv4-sp/hard\libc_nano.a(lib_a-nano-mallocr.o)
                              c:/st/stm32cubeide_1.3.0/stm32cubeide/plugins/com.st.stm32cube.ide.mcu.externaltools.gnu-tools-for-stm32.7-2018-q2-update.win32_1.0.0.201904181610/tools/bin/../lib/gcc/arm-none-eabi/7.3.1/../../../../arm-none-eabi/lib/thumb/v7e-m/fpv4-sp/hard\libc_nano.a(lib_a-malloc.o) (_malloc_r)
c:/st/stm32cubeide_1.3.0/stm32cubeide/plugins/com.st.stm32cube.ide.mcu.externaltools.gnu-tools-for-stm32.7-2018-q2-update.win32_1.0.0.201904181610/tools/bin/../lib/gcc/arm-none-eabi/7.3.1/../../../../arm-none-eabi/lib/thumb/v7e-m/fpv4-sp/hard\libc_nano.a(lib_a-sbrkr.o)
[...]
Memory Configuration

Name             Origin             Length             Attributes
CCMRAM           0x0000000010000000 0x0000000000010000 xrw
RAM              0x0000000020000000 0x0000000000030000 xrw
FLASH            0x0000000008000000 0x0000000000200000 xr
*default*        0x0000000000000000 0xffffffffffffffff

Linker script and memory map

LOAD c:/st/stm32cubeide_1.3.0/stm32cubeide/plugins/com.st.stm32cube.ide.mcu.externaltools.gnu-tools-for-stm32.7-2018-q2-update.win32_1.0.0.201904181610/tools/bin/../lib/gcc/arm-none-eabi/7.3.1/thumb/v7e-m/fpv4-sp/hard/crti.o
LOAD c:/st/stm32cubeide_1.3.0/stm32cubeide/plugins/com.st.stm32cube.ide.mcu.externaltools.gnu-tools-for-stm32.7-2018-q2-update.win32_1.0.0.201904181610/tools/bin/../lib/gcc/arm-none-eabi/7.3.1/thumb/v7e-m/fpv4-sp/hard/crtbegin.o
LOAD c:/st/stm32cubeide_1.3.0/stm32cubeide/plugins/com.st.stm32cube.ide.mcu.externaltools.gnu-tools-for-stm32.7-2018-q2-update.win32_1.0.0.201904181610/tools/bin/../lib/gcc/arm-none-eabi/7.3.1/../../../../arm-none-eabi/lib/thumb/v7e-m/fpv4-sp/hard/crt0.o
LOAD Core/Src/freertos.o
LOAD Core/Src/main.o
LOAD Core/Src/stm32f4xx_hal_msp.o
LOAD Core/Src/stm32f4xx_hal_timebase_tim.o
LOAD Core/Src/stm32f4xx_it.o
LOAD Core/Src/syscalls.o
LOAD Core/Src/sysmem.o
LOAD Core/Src/system_stm32f4xx.o
LOAD Core/Startup/startup_stm32f429zitx.o
LOAD Drivers/STM32F4xx_HAL_Driver/Src/stm32f4xx_hal.o
LOAD Drivers/STM32F4xx_HAL_Driver/Src/stm32f4xx_hal_cortex.o
LOAD Drivers/STM32F4xx_HAL_Driver/Src/stm32f4xx_hal_crc.o
LOAD Drivers/STM32F4xx_HAL_Driver/Src/stm32f4xx_hal_dma.o
LOAD Drivers/STM32F4xx_HAL_Driver/Src/stm32f4xx_hal_dma2d.o
LOAD Drivers/STM32F4xx_HAL_Driver/Src/stm32f4xx_hal_dma_ex.o
LOAD Drivers/STM32F4xx_HAL_Driver/Src/stm32f4xx_hal_dsi.o
LOAD Drivers/STM32F4xx_HAL_Driver/Src/stm32f4xx_hal_exti.o
LOAD Drivers/STM32F4xx_HAL_Driver/Src/stm32f4xx_hal_flash.o
LOAD Drivers/STM32F4xx_HAL_Driver/Src/stm32f4xx_hal_flash_ex.o
LOAD Drivers/STM32F4xx_HAL_Driver/Src/stm32f4xx_hal_flash_ramfunc.o
LOAD Drivers/STM32F4xx_HAL_Driver/Src/stm32f4xx_hal_gpio.o
LOAD Drivers/STM32F4xx_HAL_Driver/Src/stm32f4xx_hal_hcd.o
LOAD Drivers/STM32F4xx_HAL_Driver/Src/stm32f4xx_hal_i2c.o
LOAD Drivers/STM32F4xx_HAL_Driver/Src/stm32f4xx_hal_i2c_ex.o
LOAD Drivers/STM32F4xx_HAL_Driver/Src/stm32f4xx_hal_ltdc.o
LOAD Drivers/STM32F4xx_HAL_Driver/Src/stm32f4xx_hal_ltdc_ex.o
LOAD Drivers/STM32F4xx_HAL_Driver/Src/stm32f4xx_hal_pwr.o
LOAD Drivers/STM32F4xx_HAL_Driver/Src/stm32f4xx_hal_pwr_ex.o
LOAD Drivers/STM32F4xx_HAL_Driver/Src/stm32f4xx_hal_rcc.o
LOAD Drivers/STM32F4xx_HAL_Driver/Src/stm32f4xx_hal_rcc_ex.o
LOAD Drivers/STM32F4xx_HAL_Driver/Src/stm32f4xx_hal_sdram.o
LOAD Drivers/STM32F4xx_HAL_Driver/Src/stm32f4xx_hal_spi.o
LOAD Drivers/STM32F4xx_HAL_Driver/Src/stm32f4xx_hal_tim.o
LOAD Drivers/STM32F4xx_HAL_Driver/Src/stm32f4xx_hal_tim_ex.o
LOAD Drivers/STM32F4xx_HAL_Driver/Src/stm32f4xx_hal_uart.o
LOAD Drivers/STM32F4xx_HAL_Driver/Src/stm32f4xx_ll_fmc.o
LOAD Drivers/STM32F4xx_HAL_Driver/Src/stm32f4xx_ll_usb.o
LOAD Middlewares/ST/STM32_USB_Host_Library/Class/CDC/Src/usbh_cdc.o
LOAD Middlewares/ST/STM32_USB_Host_Library/Core/Src/usbh_core.o
LOAD Middlewares/ST/STM32_USB_Host_Library/Core/Src/usbh_ctlreq.o
LOAD Middlewares/ST/STM32_USB_Host_Library/Core/Src/usbh_ioreq.o
LOAD Middlewares/ST/STM32_USB_Host_Library/Core/Src/usbh_pipes.o
LOAD Middlewares/Third_Party/FreeRTOS/Source/CMSIS_RTOS/cmsis_os.o
LOAD Middlewares/Third_Party/FreeRTOS/Source/croutine.o
LOAD Middlewares/Third_Party/FreeRTOS/Source/event_groups.o
LOAD Middlewares/Third_Party/FreeRTOS/Source/list.o
LOAD Middlewares/Third_Party/FreeRTOS/Source/queue.o
LOAD Middlewares/Third_Party/FreeRTOS/Source/stream_buffer.o
LOAD Middlewares/Third_Party/FreeRTOS/Source/tasks.o
LOAD Middlewares/Third_Party/FreeRTOS/Source/timers.o
LOAD Middlewares/Third_Party/FreeRTOS/Source/portable/GCC/ARM_CM4F/port.o
LOAD Middlewares/Third_Party/FreeRTOS/Source/portable/MemMang/heap_4.o
LOAD USB_HOST/App/usb_host.o
LOAD USB_HOST/Target/usbh_conf.o
LOAD USB_HOST/Target/usbh_platform.o
START GROUP
LOAD c:/st/stm32cubeide_1.3.0/stm32cubeide/plugins/com.st.stm32cube.ide.mcu.externaltools.gnu-tools-for-stm32.7-2018-q2-update.win32_1.0.0.201904181610/tools/bin/../lib/gcc/arm-none-eabi/7.3.1/../../../../arm-none-eabi/lib/thumb/v7e-m/fpv4-sp/hard\libc_nano.a
LOAD c:/st/stm32cubeide_1.3.0/stm32cubeide/plugins/com.st.stm32cube.ide.mcu.externaltools.gnu-tools-for-stm32.7-2018-q2-update.win32_1.0.0.201904181610/tools/bin/../lib/gcc/arm-none-eabi/7.3.1/../../../../arm-none-eabi/lib/thumb/v7e-m/fpv4-sp/hard\libm.a
END GROUP
START GROUP
LOAD c:/st/stm32cubeide_1.3.0/stm32cubeide/plugins/com.st.stm32cube.ide.mcu.externaltools.gnu-tools-for-stm32.7-2018-q2-update.win32_1.0.0.201904181610/tools/bin/../lib/gcc/arm-none-eabi/7.3.1/thumb/v7e-m/fpv4-sp/hard\libgcc.a
LOAD c:/st/stm32cubeide_1.3.0/stm32cubeide/plugins/com.st.stm32cube.ide.mcu.externaltools.gnu-tools-for-stm32.7-2018-q2-update.win32_1.0.0.201904181610/tools/bin/../lib/gcc/arm-none-eabi/7.3.1/../../../../arm-none-eabi/lib/thumb/v7e-m/fpv4-sp/hard\libc_nano.a
END GROUP
START GROUP
LOAD c:/st/stm32cubeide_1.3.0/stm32cubeide/plugins/com.st.stm32cube.ide.mcu.externaltools.gnu-tools-for-stm32.7-2018-q2-update.win32_1.0.0.201904181610/tools/bin/../lib/gcc/arm-none-eabi/7.3.1/thumb/v7e-m/fpv4-sp/hard\libgcc.a
LOAD c:/st/stm32cubeide_1.3.0/stm32cubeide/plugins/com.st.stm32cube.ide.mcu.externaltools.gnu-tools-for-stm32.7-2018-q2-update.win32_1.0.0.201904181610/tools/bin/../lib/gcc/arm-none-eabi/7.3.1/../../../../arm-none-eabi/lib/thumb/v7e-m/fpv4-sp/hard\libc_nano.a
LOAD c:/st/stm32cubeide_1.3.0/stm32cubeide/plugins/com.st.stm32cube.ide.mcu.externaltools.gnu-tools-for-stm32.7-2018-q2-update.win32_1.0.0.201904181610/tools/bin/../lib/gcc/arm-none-eabi/7.3.1/../../../../arm-none-eabi/lib/thumb/v7e-m/fpv4-sp/hard\libnosys.a
END GROUP
START GROUP
LOAD c:/st/stm32cubeide_1.3.0/stm32cubeide/plugins/com.st.stm32cube.ide.mcu.externaltools.gnu-tools-for-stm32.7-2018-q2-update.win32_1.0.0.201904181610/tools/bin/../lib/gcc/arm-none-eabi/7.3.1/thumb/v7e-m/fpv4-sp/hard\libgcc.a
LOAD c:/st/stm32cubeide_1.3.0/stm32cubeide/plugins/com.st.stm32cube.ide.mcu.externaltools.gnu-tools-for-stm32.7-2018-q2-update.win32_1.0.0.201904181610/tools/bin/../lib/gcc/arm-none-eabi/7.3.1/../../../../arm-none-eabi/lib/thumb/v7e-m/fpv4-sp/hard\libc_nano.a
LOAD c:/st/stm32cubeide_1.3.0/stm32cubeide/plugins/com.st.stm32cube.ide.mcu.externaltools.gnu-tools-for-stm32.7-2018-q2-update.win32_1.0.0.201904181610/tools/bin/../lib/gcc/arm-none-eabi/7.3.1/../../../../arm-none-eabi/lib/thumb/v7e-m/fpv4-sp/hard\libnosys.a
END GROUP
LOAD c:/st/stm32cubeide_1.3.0/stm32cubeide/plugins/com.st.stm32cube.ide.mcu.externaltools.gnu-tools-for-stm32.7-2018-q2-update.win32_1.0.0.201904181610/tools/bin/../lib/gcc/arm-none-eabi/7.3.1/thumb/v7e-m/fpv4-sp/hard/crtend.o
LOAD c:/st/stm32cubeide_1.3.0/stm32cubeide/plugins/com.st.stm32cube.ide.mcu.externaltools.gnu-tools-for-stm32.7-2018-q2-update.win32_1.0.0.201904181610/tools/bin/../lib/gcc/arm-none-eabi/7.3.1/thumb/v7e-m/fpv4-sp/hard/crtn.o
                0x0000000020030000                _estack = (ORIGIN (RAM) + LENGTH (RAM))
                0x0000000000000200                _Min_Heap_Size = 0x200
                0x0000000000000400                _Min_Stack_Size = 0x400

.isr_vector     0x0000000008000000      0x1ac
                0x0000000008000000                . = ALIGN (0x4)
 *(.isr_vector)
 .isr_vector    0x0000000008000000      0x1ac Core/Startup/startup_stm32f429zitx.o
                0x0000000008000000                g_pfnVectors
                0x00000000080001ac                . = ALIGN (0x4)

.text           0x00000000080001b0     0xc00c
                0x00000000080001b0                . = ALIGN (0x4)
 *(.text)
 .text          0x00000000080001b0       0x40 c:/st/stm32cubeide_1.3.0/stm32cubeide/plugins/com.st.stm32cube.ide.mcu.externaltools.gnu-tools-for-stm32.7-2018-q2-update.win32_1.0.0.201904181610/tools/bin/../lib/gcc/arm-none-eabi/7.3.1/thumb/v7e-m/fpv4-sp/hard/crtbegin.o
 .text          0x00000000080001f0       0x30 c:/st/stm32cubeide_1.3.0/stm32cubeide/plugins/com.st.stm32cube.ide.mcu.externaltools.gnu-tools-for-stm32.7-2018-q2-update.win32_1.0.0.201904181610/tools/bin/../lib/gcc/arm-none-eabi/7.3.1/thumb/v7e-m/fpv4-sp/hard\libgcc.a(_aeabi_uldivmod.o)
                0x00000000080001f0                __aeabi_uldivmod
 .text          0x0000000008000220      0x2cc c:/st/stm32cubeide_1.3.0/stm32cubeide/plugins/com.st.stm32cube.ide.mcu.externaltools.gnu-tools-for-stm32.7-2018-q2-update.win32_1.0.0.201904181610/tools/bin/../lib/gcc/arm-none-eabi/7.3.1/thumb/v7e-m/fpv4-sp/hard\libgcc.a(_udivmoddi4.o)
                0x0000000008000220                __udivmoddi4
 .text          0x00000000080004ec        0x4 c:/st/stm32cubeide_1.3.0/stm32cubeide/plugins/com.st.stm32cube.ide.mcu.externaltools.gnu-tools-for-stm32.7-2018-q2-update.win32_1.0.0.201904181610/tools/bin/../lib/gcc/arm-none-eabi/7.3.1/thumb/v7e-m/fpv4-sp/hard\libgcc.a(_dvmd_tls.o)
                0x00000000080004ec                __aeabi_idiv0
                0x00000000080004ec                __aeabi_ldiv0
 *(.text*)
 .text.vApplicationIdleHook
                0x00000000080004f0        0xe Core/Src/freertos.o
                0x00000000080004f0                vApplicationIdleHook
 .text.vApplicationStackOverflowHook
                0x00000000080004fe       0x16 Core/Src/freertos.o
                0x00000000080004fe                vApplicationStackOverflowHook
 .text.vApplicationMallocFailedHook
                0x0000000008000514        0xe Core/Src/freertos.o
                0x0000000008000514                vApplicationMallocFailedHook
 *fill*         0x0000000008000522        0x2 
 .text.vApplicationGetIdleTaskMemory
                0x0000000008000524       0x34 Core/Src/freertos.o
                0x0000000008000524                vApplicationGetIdleTaskMemory
 .text.main     0x0000000008000558       0x64 Core/Src/main.o
                0x0000000008000558                main
 .text.SystemClock_Config
                0x00000000080005bc      0x108 Core/Src/main.o
                0x00000000080005bc                SystemClock_Config
 .text.MX_CRC_Init
                0x00000000080006c4       0x28 Core/Src/main.o
 .text.MX_DMA2D_Init
                0x00000000080006ec       0x64 Core/Src/main.o
 .text.MX_I2C3_Init
                0x0000000008000750       0x80 Core/Src/main.o
 .text.MX_LTDC_Init
                0x00000000080007d0      0x100 Core/Src/main.o
 .text.MX_SPI5_Init
                0x00000000080008d0       0x6c Core/Src/main.o
 .text.MX_TIM1_Init
                0x000000000800093c       0xa0 Core/Src/main.o
 .text.MX_USART1_UART_Init
                0x00000000080009dc       0x54 Core/Src/main.o
 .text.MX_FMC_Init
                0x0000000008000a30       0xa0 Core/Src/main.o
 .text.MX_GPIO_Init
                0x0000000008000ad0      0x220 Core/Src/main.o
 .text.StartDefaultTask
                0x0000000008000cf0       0x3c Core/Src/main.o
                0x0000000008000cf0                StartDefaultTask
 .text.HAL_TIM_PeriodElapsedCallback
                0x0000000008000d2c       0x24 Core/Src/main.o
                0x0000000008000d2c                HAL_TIM_PeriodElapsedCallback
 .text.Error_Handler
                0x0000000008000d50        0xe Core/Src/main.o
                0x0000000008000d50                Error_Handler
 *fill*         0x0000000008000d5e        0x2 
 .text.HAL_MspInit
                0x0000000008000d60       0x58 Core/Src/stm32f4xx_hal_msp.o
                0x0000000008000d60                HAL_MspInit
 .text.HAL_CRC_MspInit
                0x0000000008000db8       0x44 Core/Src/stm32f4xx_hal_msp.o
                0x0000000008000db8                HAL_CRC_MspInit
 .text.HAL_DMA2D_MspInit
                0x0000000008000dfc       0x50 Core/Src/stm32f4xx_hal_msp.o
                0x0000000008000dfc                HAL_DMA2D_MspInit
 .text.HAL_I2C_MspInit
                0x0000000008000e4c       0xd4 Core/Src/stm32f4xx_hal_msp.o
                0x0000000008000e4c                HAL_I2C_MspInit
 .text.HAL_LTDC_MspInit
                0x0000000008000f20      0x22c Core/Src/stm32f4xx_hal_msp.o
                0x0000000008000f20                HAL_LTDC_MspInit
 .text.HAL_SPI_MspInit
                0x000000000800114c       0x90 Core/Src/stm32f4xx_hal_msp.o
                0x000000000800114c                HAL_SPI_MspInit
 .text.HAL_TIM_Base_MspInit
                0x00000000080011dc       0x44 Core/Src/stm32f4xx_hal_msp.o
                0x00000000080011dc                HAL_TIM_Base_MspInit
 .text.HAL_UART_MspInit
                0x0000000008001220       0x90 Core/Src/stm32f4xx_hal_msp.o
                0x0000000008001220                HAL_UART_MspInit
 .text.HAL_FMC_MspInit
                0x00000000080012b0      0x124 Core/Src/stm32f4xx_hal_msp.o
 .text.HAL_SDRAM_MspInit
                0x00000000080013d4       0x14 Core/Src/stm32f4xx_hal_msp.o
                0x00000000080013d4                HAL_SDRAM_MspInit
 .text.HAL_InitTick
                0x00000000080013e8       0xb4 Core/Src/stm32f4xx_hal_timebase_tim.o
                0x00000000080013e8                HAL_InitTick
 .text.NMI_Handler
                0x000000000800149c        0xe Core/Src/stm32f4xx_it.o
                0x000000000800149c                NMI_Handler
 .text.HardFault_Handler
                0x00000000080014aa        0x6 Core/Src/stm32f4xx_it.o
                0x00000000080014aa                HardFault_Handler
 .text.MemManage_Handler
                0x00000000080014b0        0x6 Core/Src/stm32f4xx_it.o
                0x00000000080014b0                MemManage_Handler
 .text.BusFault_Handler
                0x00000000080014b6        0x6 Core/Src/stm32f4xx_it.o
                0x00000000080014b6                BusFault_Handler
 .text.UsageFault_Handler
                0x00000000080014bc        0x6 Core/Src/stm32f4xx_it.o
                0x00000000080014bc                UsageFault_Handler
 .text.DebugMon_Handler
                0x00000000080014c2        0xe Core/Src/stm32f4xx_it.o
                0x00000000080014c2                DebugMon_Handler
 .text.TIM6_DAC_IRQHandler
                0x00000000080014d0       0x14 Core/Src/stm32f4xx_it.o
                0x00000000080014d0                TIM6_DAC_IRQHandler
 .text.OTG_HS_IRQHandler
                0x00000000080014e4       0x14 Core/Src/stm32f4xx_it.o
                0x00000000080014e4                OTG_HS_IRQHandler
 .text.LTDC_IRQHandler
                0x00000000080014f8       0x14 Core/Src/stm32f4xx_it.o
                0x00000000080014f8                LTDC_IRQHandler
 .text.DMA2D_IRQHandler
                0x000000000800150c       0x14 Core/Src/stm32f4xx_it.o
                0x000000000800150c                DMA2D_IRQHandler
 .text._sbrk    0x0000000008001520       0x58 Core/Src/sysmem.o
                0x0000000008001520                _sbrk
 .text.SystemInit
                0x0000000008001578       0x2c Core/Src/system_stm32f4xx.o
                0x0000000008001578                SystemInit
 .text.Reset_Handler
                0x00000000080015a4       0x50 Core/Startup/startup_stm32f429zitx.o
                0x00000000080015a4                Reset_Handler
 .text.Default_Handler
                0x00000000080015f4        0x2 Core/Startup/startup_stm32f429zitx.o
                0x00000000080015f4                RTC_Alarm_IRQHandler
                0x00000000080015f4                HASH_RNG_IRQHandler
                0x00000000080015f4                EXTI2_IRQHandler
                0x00000000080015f4                TIM8_CC_IRQHandler
                0x00000000080015f4                UART8_IRQHandler
                0x00000000080015f4                SPI4_IRQHandler
                0x00000000080015f4                TIM1_CC_IRQHandler
                0x00000000080015f4                DMA2_Stream5_IRQHandler
                0x00000000080015f4                DMA1_Stream5_IRQHandler
                0x00000000080015f4                PVD_IRQHandler
                0x00000000080015f4                SDIO_IRQHandler
                0x00000000080015f4                TAMP_STAMP_IRQHandler
                0x00000000080015f4                CAN2_RX1_IRQHandler
                0x00000000080015f4                EXTI3_IRQHandler
                0x00000000080015f4                TIM8_TRG_COM_TIM14_IRQHandler
                0x00000000080015f4                TIM1_UP_TIM10_IRQHandler
                0x00000000080015f4                TIM8_UP_TIM13_IRQHandler
                0x00000000080015f4                I2C3_ER_IRQHandler
                0x00000000080015f4                EXTI0_IRQHandler
                0x00000000080015f4                I2C2_EV_IRQHandler
                0x00000000080015f4                DMA1_Stream2_IRQHandler
                0x00000000080015f4                CAN1_RX0_IRQHandler
                0x00000000080015f4                FPU_IRQHandler
                0x00000000080015f4                OTG_HS_WKUP_IRQHandler
                0x00000000080015f4                LTDC_ER_IRQHandler
                0x00000000080015f4                CAN2_SCE_IRQHandler
                0x00000000080015f4                DMA2_Stream2_IRQHandler
                0x00000000080015f4                SPI1_IRQHandler
                0x00000000080015f4                TIM1_BRK_TIM9_IRQHandler
                0x00000000080015f4                DCMI_IRQHandler
                0x00000000080015f4                CAN2_RX0_IRQHandler
                0x00000000080015f4                DMA2_Stream3_IRQHandler
                0x00000000080015f4                USART6_IRQHandler
                0x00000000080015f4                USART3_IRQHandler
                0x00000000080015f4                CAN1_RX1_IRQHandler
                0x00000000080015f4                UART5_IRQHandler
                0x00000000080015f4                DMA2_Stream0_IRQHandler
                0x00000000080015f4                TIM4_IRQHandler
                0x00000000080015f4                I2C1_EV_IRQHandler
                0x00000000080015f4                DMA1_Stream6_IRQHandler
                0x00000000080015f4                DMA1_Stream1_IRQHandler
                0x00000000080015f4                UART4_IRQHandler
                0x00000000080015f4                TIM3_IRQHandler
                0x00000000080015f4                RCC_IRQHandler
                0x00000000080015f4                TIM8_BRK_TIM12_IRQHandler
                0x00000000080015f4                Default_Handler
                0x00000000080015f4                EXTI15_10_IRQHandler
                0x00000000080015f4                ADC_IRQHandler
                0x00000000080015f4                DMA1_Stream7_IRQHandler
                0x00000000080015f4                SPI5_IRQHandler
                0x00000000080015f4                TIM7_IRQHandler
                0x00000000080015f4                CAN2_TX_IRQHandler
                0x00000000080015f4                TIM5_IRQHandler
                0x00000000080015f4                DMA2_Stream7_IRQHandler
                0x00000000080015f4                I2C3_EV_IRQHandler
                0x00000000080015f4                EXTI9_5_IRQHandler
                0x00000000080015f4                RTC_WKUP_IRQHandler
                0x00000000080015f4                ETH_WKUP_IRQHandler
                0x00000000080015f4                SPI2_IRQHandler
                0x00000000080015f4                OTG_HS_EP1_IN_IRQHandler
                0x00000000080015f4                DMA1_Stream0_IRQHandler
                0x00000000080015f4                CAN1_TX_IRQHandler
                0x00000000080015f4                EXTI4_IRQHandler
                0x00000000080015f4                ETH_IRQHandler
                0x00000000080015f4                OTG_HS_EP1_OUT_IRQHandler
                0x00000000080015f4                WWDG_IRQHandler
                0x00000000080015f4                SPI6_IRQHandler
                0x00000000080015f4                TIM2_IRQHandler
                0x00000000080015f4                OTG_FS_WKUP_IRQHandler
                0x00000000080015f4                TIM1_TRG_COM_TIM11_IRQHandler
                0x00000000080015f4                EXTI1_IRQHandler
                0x00000000080015f4                UART7_IRQHandler
                0x00000000080015f4                USART2_IRQHandler
                0x00000000080015f4                I2C2_ER_IRQHandler
                0x00000000080015f4                DMA2_Stream1_IRQHandler
                0x00000000080015f4                CAN1_SCE_IRQHandler
                0x00000000080015f4                FLASH_IRQHandler
                0x00000000080015f4                DMA2_Stream4_IRQHandler
                0x00000000080015f4                USART1_IRQHandler
                0x00000000080015f4                OTG_FS_IRQHandler
                0x00000000080015f4                SPI3_IRQHandler
                0x00000000080015f4                DMA1_Stream4_IRQHandler
                0x00000000080015f4                I2C1_ER_IRQHandler
                0x00000000080015f4                FMC_IRQHandler
                0x00000000080015f4                DMA2_Stream6_IRQHandler
                0x00000000080015f4                SAI1_IRQHandler
                0x00000000080015f4                DMA1_Stream3_IRQHandler
 *fill*         0x00000000080015f6        0x2 
 .text.HAL_Init
                0x00000000080015f8       0x44 Drivers/STM32F4xx_HAL_Driver/Src/stm32f4xx_hal.o
                0x00000000080015f8                HAL_Init
 .text.HAL_IncTick
                0x000000000800163c       0x28 Drivers/STM32F4xx_HAL_Driver/Src/stm32f4xx_hal.o
                0x000000000800163c                HAL_IncTick
 .text.HAL_GetTick
                0x0000000008001664       0x18 Drivers/STM32F4xx_HAL_Driver/Src/stm32f4xx_hal.o
                0x0000000008001664                HAL_GetTick
 .text.HAL_Delay
                0x000000000800167c       0x44 Drivers/STM32F4xx_HAL_Driver/Src/stm32f4xx_hal.o
                0x000000000800167c                HAL_Delay
 .text.__NVIC_SetPriorityGrouping
                0x00000000080016c0       0x48 Drivers/STM32F4xx_HAL_Driver/Src/stm32f4xx_hal_cortex.o
 .text.__NVIC_GetPriorityGrouping
                0x0000000008001708       0x1c Drivers/STM32F4xx_HAL_Driver/Src/stm32f4xx_hal_cortex.o
 .text.__NVIC_EnableIRQ
                0x0000000008001724       0x3c Drivers/STM32F4xx_HAL_Driver/Src/stm32f4xx_hal_cortex.o
 .text.__NVIC_SetPriority
                0x0000000008001760       0x54 Drivers/STM32F4xx_HAL_Driver/Src/stm32f4xx_hal_cortex.o
 .text.NVIC_EncodePriority
                0x00000000080017b4       0x66 Drivers/STM32F4xx_HAL_Driver/Src/stm32f4xx_hal_cortex.o
 .text.HAL_NVIC_SetPriorityGrouping
                0x000000000800181a       0x16 Drivers/STM32F4xx_HAL_Driver/Src/stm32f4xx_hal_cortex.o
                0x000000000800181a                HAL_NVIC_SetPriorityGrouping
 .text.HAL_NVIC_SetPriority
                0x0000000008001830       0x38 Drivers/STM32F4xx_HAL_Driver/Src/stm32f4xx_hal_cortex.o
                0x0000000008001830                HAL_NVIC_SetPriority
 .text.HAL_NVIC_EnableIRQ
                0x0000000008001868       0x1c Drivers/STM32F4xx_HAL_Driver/Src/stm32f4xx_hal_cortex.o
                0x0000000008001868                HAL_NVIC_EnableIRQ
 .text.HAL_CRC_Init
                0x0000000008001884       0x38 Drivers/STM32F4xx_HAL_Driver/Src/stm32f4xx_hal_crc.o
                0x0000000008001884                HAL_CRC_Init
 .text.HAL_DMA2D_Init
                0x00000000080018bc       0x92 Drivers/STM32F4xx_HAL_Driver/Src/stm32f4xx_hal_dma2d.o
                0x00000000080018bc                HAL_DMA2D_Init
 .text.HAL_DMA2D_IRQHandler
                0x000000000800194e      0x1f8 Drivers/STM32F4xx_HAL_Driver/Src/stm32f4xx_hal_dma2d.o
                0x000000000800194e                HAL_DMA2D_IRQHandler
 .text.HAL_DMA2D_LineEventCallback
                0x0000000008001b46       0x14 Drivers/STM32F4xx_HAL_Driver/Src/stm32f4xx_hal_dma2d.o
                0x0000000008001b46                HAL_DMA2D_LineEventCallback
 .text.HAL_DMA2D_CLUTLoadingCpltCallback
                0x0000000008001b5a       0x14 Drivers/STM32F4xx_HAL_Driver/Src/stm32f4xx_hal_dma2d.o
                0x0000000008001b5a                HAL_DMA2D_CLUTLoadingCpltCallback
 *fill*         0x0000000008001b6e        0x2 
 .text.HAL_DMA2D_ConfigLayer
                0x0000000008001b70      0x124 Drivers/STM32F4xx_HAL_Driver/Src/stm32f4xx_hal_dma2d.o
                0x0000000008001b70                HAL_DMA2D_ConfigLayer
 .text.HAL_GPIO_Init
                0x0000000008001c94      0x354 Drivers/STM32F4xx_HAL_Driver/Src/stm32f4xx_hal_gpio.o
                0x0000000008001c94                HAL_GPIO_Init
 .text.HAL_GPIO_WritePin
                0x0000000008001fe8       0x32 Drivers/STM32F4xx_HAL_Driver/Src/stm32f4xx_hal_gpio.o
                0x0000000008001fe8                HAL_GPIO_WritePin
 .text.HAL_HCD_Init
                0x000000000800201a       0xc4 Drivers/STM32F4xx_HAL_Driver/Src/stm32f4xx_hal_hcd.o
                0x000000000800201a                HAL_HCD_Init
 .text.HAL_HCD_HC_Init
                0x00000000080020de      0x130 Drivers/STM32F4xx_HAL_Driver/Src/stm32f4xx_hal_hcd.o
                0x00000000080020de                HAL_HCD_HC_Init
 .text.HAL_HCD_HC_Halt
                0x000000000800220e       0x46 Drivers/STM32F4xx_HAL_Driver/Src/stm32f4xx_hal_hcd.o
                0x000000000800220e                HAL_HCD_HC_Halt
 .text.HAL_HCD_HC_SubmitRequest
                0x0000000008002254      0x2e4 Drivers/STM32F4xx_HAL_Driver/Src/stm32f4xx_hal_hcd.o
                0x0000000008002254                HAL_HCD_HC_SubmitRequest
 .text.HAL_HCD_IRQHandler
                0x0000000008002538      0x208 Drivers/STM32F4xx_HAL_Driver/Src/stm32f4xx_hal_hcd.o
                0x0000000008002538                HAL_HCD_IRQHandler
 .text.HAL_HCD_Start
                0x0000000008002740       0x46 Drivers/STM32F4xx_HAL_Driver/Src/stm32f4xx_hal_hcd.o
                0x0000000008002740                HAL_HCD_Start
 .text.HAL_HCD_Stop
                0x0000000008002786       0x3a Drivers/STM32F4xx_HAL_Driver/Src/stm32f4xx_hal_hcd.o
                0x0000000008002786                HAL_HCD_Stop
 .text.HAL_HCD_ResetPort
                0x00000000080027c0       0x1c Drivers/STM32F4xx_HAL_Driver/Src/stm32f4xx_hal_hcd.o
                0x00000000080027c0                HAL_HCD_ResetPort
 .text.HAL_HCD_HC_GetURBState
                0x00000000080027dc       0x2a Drivers/STM32F4xx_HAL_Driver/Src/stm32f4xx_hal_hcd.o
                0x00000000080027dc                HAL_HCD_HC_GetURBState
 .text.HAL_HCD_HC_GetXferCount
                0x0000000008002806       0x2a Drivers/STM32F4xx_HAL_Driver/Src/stm32f4xx_hal_hcd.o
                0x0000000008002806                HAL_HCD_HC_GetXferCount
 .text.HAL_HCD_GetCurrentFrame
                0x0000000008002830       0x1c Drivers/STM32F4xx_HAL_Driver/Src/stm32f4xx_hal_hcd.o
                0x0000000008002830                HAL_HCD_GetCurrentFrame
 .text.HAL_HCD_GetCurrentSpeed
                0x000000000800284c       0x1c Drivers/STM32F4xx_HAL_Driver/Src/stm32f4xx_hal_hcd.o
                0x000000000800284c                HAL_HCD_GetCurrentSpeed
 .text.HCD_HC_IN_IRQHandler
                0x0000000008002868      0x86a Drivers/STM32F4xx_HAL_Driver/Src/stm32f4xx_hal_hcd.o
 .text.HCD_HC_OUT_IRQHandler
                0x00000000080030d2      0x6ea Drivers/STM32F4xx_HAL_Driver/Src/stm32f4xx_hal_hcd.o
 .text.HCD_RXQLVL_IRQHandler
                0x00000000080037bc      0x158 Drivers/STM32F4xx_HAL_Driver/Src/stm32f4xx_hal_hcd.o
 .text.HCD_Port_IRQHandler
                0x0000000008003914       0xe6 Drivers/STM32F4xx_HAL_Driver/Src/stm32f4xx_hal_hcd.o
 *fill*         0x00000000080039fa        0x2 
 .text.HAL_I2C_Init
                0x00000000080039fc      0x270 Drivers/STM32F4xx_HAL_Driver/Src/stm32f4xx_hal_i2c.o
                0x00000000080039fc                HAL_I2C_Init
 .text.HAL_I2CEx_ConfigAnalogFilter
                0x0000000008003c6c       0x78 Drivers/STM32F4xx_HAL_Driver/Src/stm32f4xx_hal_i2c_ex.o
                0x0000000008003c6c                HAL_I2CEx_ConfigAnalogFilter
 .text.HAL_I2CEx_ConfigDigitalFilter
                0x0000000008003ce4       0x7e Drivers/STM32F4xx_HAL_Driver/Src/stm32f4xx_hal_i2c_ex.o
                0x0000000008003ce4                HAL_I2CEx_ConfigDigitalFilter
 *fill*         0x0000000008003d62        0x2 
 .text.HAL_LTDC_Init
                0x0000000008003d64      0x1a0 Drivers/STM32F4xx_HAL_Driver/Src/stm32f4xx_hal_ltdc.o
                0x0000000008003d64                HAL_LTDC_Init
 .text.HAL_LTDC_IRQHandler
                0x0000000008003f04      0x148 Drivers/STM32F4xx_HAL_Driver/Src/stm32f4xx_hal_ltdc.o
                0x0000000008003f04                HAL_LTDC_IRQHandler
 .text.HAL_LTDC_ErrorCallback
                0x000000000800404c       0x14 Drivers/STM32F4xx_HAL_Driver/Src/stm32f4xx_hal_ltdc.o
                0x000000000800404c                HAL_LTDC_ErrorCallback
 .text.HAL_LTDC_LineEventCallback
                0x0000000008004060       0x14 Drivers/STM32F4xx_HAL_Driver/Src/stm32f4xx_hal_ltdc.o
                0x0000000008004060                HAL_LTDC_LineEventCallback
 .text.HAL_LTDC_ReloadEventCallback
                0x0000000008004074       0x14 Drivers/STM32F4xx_HAL_Driver/Src/stm32f4xx_hal_ltdc.o
                0x0000000008004074                HAL_LTDC_ReloadEventCallback
 .text.HAL_LTDC_ConfigLayer
                0x0000000008004088       0x7c Drivers/STM32F4xx_HAL_Driver/Src/stm32f4xx_hal_ltdc.o
                0x0000000008004088                HAL_LTDC_ConfigLayer
 .text.LTDC_SetConfig
                0x0000000008004104      0x32e Drivers/STM32F4xx_HAL_Driver/Src/stm32f4xx_hal_ltdc.o
 *fill*         0x0000000008004432        0x2 
 .text.HAL_RCC_OscConfig
                0x0000000008004434      0x4e0 Drivers/STM32F4xx_HAL_Driver/Src/stm32f4xx_hal_rcc.o
                0x0000000008004434                HAL_RCC_OscConfig
 .text.HAL_RCC_ClockConfig
                0x0000000008004914      0x1cc Drivers/STM32F4xx_HAL_Driver/Src/stm32f4xx_hal_rcc.o
                0x0000000008004914                HAL_RCC_ClockConfig
 .text.HAL_RCC_GetSysClockFreq
                0x0000000008004ae0      0x1b0 Drivers/STM32F4xx_HAL_Driver/Src/stm32f4xx_hal_rcc.o
                0x0000000008004ae0                HAL_RCC_GetSysClockFreq
 .text.HAL_RCC_GetHCLKFreq
                0x0000000008004c90       0x18 Drivers/STM32F4xx_HAL_Driver/Src/stm32f4xx_hal_rcc.o
                0x0000000008004c90                HAL_RCC_GetHCLKFreq
 .text.HAL_RCC_GetPCLK1Freq
                0x0000000008004ca8       0x28 Drivers/STM32F4xx_HAL_Driver/Src/stm32f4xx_hal_rcc.o
                0x0000000008004ca8                HAL_RCC_GetPCLK1Freq
 .text.HAL_RCC_GetPCLK2Freq
                0x0000000008004cd0       0x28 Drivers/STM32F4xx_HAL_Driver/Src/stm32f4xx_hal_rcc.o
                0x0000000008004cd0                HAL_RCC_GetPCLK2Freq
 .text.HAL_RCC_GetClockConfig
                0x0000000008004cf8       0x64 Drivers/STM32F4xx_HAL_Driver/Src/stm32f4xx_hal_rcc.o
                0x0000000008004cf8                HAL_RCC_GetClockConfig
 .text.HAL_RCCEx_PeriphCLKConfig
                0x0000000008004d5c      0x37c Drivers/STM32F4xx_HAL_Driver/Src/stm32f4xx_hal_rcc_ex.o
                0x0000000008004d5c                HAL_RCCEx_PeriphCLKConfig
 .text.HAL_SDRAM_Init
                0x00000000080050d8       0x68 Drivers/STM32F4xx_HAL_Driver/Src/stm32f4xx_hal_sdram.o
                0x00000000080050d8                HAL_SDRAM_Init
 .text.HAL_SPI_Init
                0x0000000008005140       0xc8 Drivers/STM32F4xx_HAL_Driver/Src/stm32f4xx_hal_spi.o
                0x0000000008005140                HAL_SPI_Init
 .text.HAL_TIM_Base_Init
                0x0000000008005208       0x56 Drivers/STM32F4xx_HAL_Driver/Src/stm32f4xx_hal_tim.o
                0x0000000008005208                HAL_TIM_Base_Init
 .text.HAL_TIM_Base_Start_IT
                0x000000000800525e       0x48 Drivers/STM32F4xx_HAL_Driver/Src/stm32f4xx_hal_tim.o
                0x000000000800525e                HAL_TIM_Base_Start_IT
 .text.HAL_TIM_IRQHandler
                0x00000000080052a6      0x210 Drivers/STM32F4xx_HAL_Driver/Src/stm32f4xx_hal_tim.o
                0x00000000080052a6                HAL_TIM_IRQHandler
 .text.HAL_TIM_ConfigClockSource
                0x00000000080054b6      0x16e Drivers/STM32F4xx_HAL_Driver/Src/stm32f4xx_hal_tim.o
                0x00000000080054b6                HAL_TIM_ConfigClockSource
 .text.HAL_TIM_OC_DelayElapsedCallback
                0x0000000008005624       0x14 Drivers/STM32F4xx_HAL_Driver/Src/stm32f4xx_hal_tim.o
                0x0000000008005624                HAL_TIM_OC_DelayElapsedCallback
 .text.HAL_TIM_IC_CaptureCallback
                0x0000000008005638       0x14 Drivers/STM32F4xx_HAL_Driver/Src/stm32f4xx_hal_tim.o
                0x0000000008005638                HAL_TIM_IC_CaptureCallback
 .text.HAL_TIM_PWM_PulseFinishedCallback
                0x000000000800564c       0x14 Drivers/STM32F4xx_HAL_Driver/Src/stm32f4xx_hal_tim.o
                0x000000000800564c                HAL_TIM_PWM_PulseFinishedCallback
 .text.HAL_TIM_TriggerCallback
                0x0000000008005660       0x14 Drivers/STM32F4xx_HAL_Driver/Src/stm32f4xx_hal_tim.o
                0x0000000008005660                HAL_TIM_TriggerCallback
 .text.TIM_Base_SetConfig
                0x0000000008005674      0x140 Drivers/STM32F4xx_HAL_Driver/Src/stm32f4xx_hal_tim.o
                0x0000000008005674                TIM_Base_SetConfig
 .text.TIM_TI1_ConfigInputStage
                0x00000000080057b4       0x5e Drivers/STM32F4xx_HAL_Driver/Src/stm32f4xx_hal_tim.o
 .text.TIM_TI2_ConfigInputStage
                0x0000000008005812       0x60 Drivers/STM32F4xx_HAL_Driver/Src/stm32f4xx_hal_tim.o
 .text.TIM_ITRx_SetConfig
                0x0000000008005872       0x36 Drivers/STM32F4xx_HAL_Driver/Src/stm32f4xx_hal_tim.o
 .text.TIM_ETR_SetConfig
                0x00000000080058a8       0x40 Drivers/STM32F4xx_HAL_Driver/Src/stm32f4xx_hal_tim.o
                0x00000000080058a8                TIM_ETR_SetConfig
 .text.HAL_TIMEx_MasterConfigSynchronization
                0x00000000080058e8       0xf8 Drivers/STM32F4xx_HAL_Driver/Src/stm32f4xx_hal_tim_ex.o
                0x00000000080058e8                HAL_TIMEx_MasterConfigSynchronization
 .text.HAL_TIMEx_CommutCallback
                0x00000000080059e0       0x14 Drivers/STM32F4xx_HAL_Driver/Src/stm32f4xx_hal_tim_ex.o
                0x00000000080059e0                HAL_TIMEx_CommutCallback
 .text.HAL_TIMEx_BreakCallback
                0x00000000080059f4       0x14 Drivers/STM32F4xx_HAL_Driver/Src/stm32f4xx_hal_tim_ex.o
                0x00000000080059f4                HAL_TIMEx_BreakCallback
 .text.HAL_UART_Init
                0x0000000008005a08       0x9a Drivers/STM32F4xx_HAL_Driver/Src/stm32f4xx_hal_uart.o
                0x0000000008005a08                HAL_UART_Init
 *fill*         0x0000000008005aa2        0x2 
 .text.UART_SetConfig
                0x0000000008005aa4      0x6f8 Drivers/STM32F4xx_HAL_Driver/Src/stm32f4xx_hal_uart.o
 .text.FMC_SDRAM_Init
                0x000000000800619c       0xe6 Drivers/STM32F4xx_HAL_Driver/Src/stm32f4xx_ll_fmc.o
                0x000000000800619c                FMC_SDRAM_Init
 .text.FMC_SDRAM_Timing_Init
                0x0000000008006282       0xfe Drivers/STM32F4xx_HAL_Driver/Src/stm32f4xx_ll_fmc.o
                0x0000000008006282                FMC_SDRAM_Timing_Init
 .text.USB_CoreInit
                0x0000000008006380       0xc2 Drivers/STM32F4xx_HAL_Driver/Src/stm32f4xx_ll_usb.o
                0x0000000008006380                USB_CoreInit
 .text.USB_EnableGlobalInt
                0x0000000008006442       0x22 Drivers/STM32F4xx_HAL_Driver/Src/stm32f4xx_ll_usb.o
                0x0000000008006442                USB_EnableGlobalInt
 .text.USB_DisableGlobalInt
                0x0000000008006464       0x22 Drivers/STM32F4xx_HAL_Driver/Src/stm32f4xx_ll_usb.o
                0x0000000008006464                USB_DisableGlobalInt
 .text.USB_SetCurrentMode
                0x0000000008006486       0x54 Drivers/STM32F4xx_HAL_Driver/Src/stm32f4xx_ll_usb.o
                0x0000000008006486                USB_SetCurrentMode
 *fill*         0x00000000080064da        0x2 
 .text.USB_FlushTxFifo
                0x00000000080064dc       0x4c Drivers/STM32F4xx_HAL_Driver/Src/stm32f4xx_ll_usb.o
                0x00000000080064dc                USB_FlushTxFifo
 .text.USB_FlushRxFifo
                0x0000000008006528       0x44 Drivers/STM32F4xx_HAL_Driver/Src/stm32f4xx_ll_usb.o
                0x0000000008006528                USB_FlushRxFifo
 .text.USB_WritePacket
                0x000000000800656c       0x6a Drivers/STM32F4xx_HAL_Driver/Src/stm32f4xx_ll_usb.o
                0x000000000800656c                USB_WritePacket
 .text.USB_ReadPacket
                0x00000000080065d6       0x52 Drivers/STM32F4xx_HAL_Driver/Src/stm32f4xx_ll_usb.o
                0x00000000080065d6                USB_ReadPacket
 .text.USB_ReadInterrupts
                0x0000000008006628       0x26 Drivers/STM32F4xx_HAL_Driver/Src/stm32f4xx_ll_usb.o
                0x0000000008006628                USB_ReadInterrupts
 .text.USB_GetMode
                0x000000000800664e       0x1c Drivers/STM32F4xx_HAL_Driver/Src/stm32f4xx_ll_usb.o
                0x000000000800664e                USB_GetMode
 *fill*         0x000000000800666a        0x2 
 .text.USB_CoreReset
                0x000000000800666c       0x68 Drivers/STM32F4xx_HAL_Driver/Src/stm32f4xx_ll_usb.o
 .text.USB_HostInit
                0x00000000080066d4      0x178 Drivers/STM32F4xx_HAL_Driver/Src/stm32f4xx_ll_usb.o
                0x00000000080066d4                USB_HostInit
 .text.USB_InitFSLSPClkSel
                0x000000000800684c       0x74 Drivers/STM32F4xx_HAL_Driver/Src/stm32f4xx_ll_usb.o
                0x000000000800684c                USB_InitFSLSPClkSel
 .text.USB_ResetPort
                0x00000000080068c0       0x54 Drivers/STM32F4xx_HAL_Driver/Src/stm32f4xx_ll_usb.o
                0x00000000080068c0                USB_ResetPort
 .text.USB_DriveVbus
                0x0000000008006914       0x72 Drivers/STM32F4xx_HAL_Driver/Src/stm32f4xx_ll_usb.o
                0x0000000008006914                USB_DriveVbus
 .text.USB_GetHostSpeed
                0x0000000008006986       0x2e Drivers/STM32F4xx_HAL_Driver/Src/stm32f4xx_ll_usb.o
                0x0000000008006986                USB_GetHostSpeed
 .text.USB_GetCurrentFrame
                0x00000000080069b4       0x22 Drivers/STM32F4xx_HAL_Driver/Src/stm32f4xx_ll_usb.o
                0x00000000080069b4                USB_GetCurrentFrame
 *fill*         0x00000000080069d6        0x2 
 .text.USB_HC_Init
                0x00000000080069d8      0x214 Drivers/STM32F4xx_HAL_Driver/Src/stm32f4xx_ll_usb.o
                0x00000000080069d8                USB_HC_Init
 .text.USB_HC_StartXfer
                0x0000000008006bec      0x28c Drivers/STM32F4xx_HAL_Driver/Src/stm32f4xx_ll_usb.o
                0x0000000008006bec                USB_HC_StartXfer
 .text.USB_HC_ReadInterrupt
                0x0000000008006e78       0x22 Drivers/STM32F4xx_HAL_Driver/Src/stm32f4xx_ll_usb.o
                0x0000000008006e78                USB_HC_ReadInterrupt
 .text.USB_HC_Halt
                0x0000000008006e9a      0x1fe Drivers/STM32F4xx_HAL_Driver/Src/stm32f4xx_ll_usb.o
                0x0000000008006e9a                USB_HC_Halt
 .text.USB_DoPing
                0x0000000008007098       0x78 Drivers/STM32F4xx_HAL_Driver/Src/stm32f4xx_ll_usb.o
                0x0000000008007098                USB_DoPing
 .text.USB_StopHost
                0x0000000008007110      0x10c Drivers/STM32F4xx_HAL_Driver/Src/stm32f4xx_ll_usb.o
                0x0000000008007110                USB_StopHost
 .text.USBH_CDC_InterfaceInit
                0x000000000800721c      0x2ac Middlewares/ST/STM32_USB_Host_Library/Class/CDC/Src/usbh_cdc.o
 .text.USBH_CDC_InterfaceDeInit
                0x00000000080074c8       0xb2 Middlewares/ST/STM32_USB_Host_Library/Class/CDC/Src/usbh_cdc.o
 .text.USBH_CDC_ClassRequest
                0x000000000800757a       0x3e Middlewares/ST/STM32_USB_Host_Library/Class/CDC/Src/usbh_cdc.o
 .text.USBH_CDC_Process
                0x00000000080075b8      0x12c Middlewares/ST/STM32_USB_Host_Library/Class/CDC/Src/usbh_cdc.o
 .text.USBH_CDC_SOFProcess
                0x00000000080076e4       0x16 Middlewares/ST/STM32_USB_Host_Library/Class/CDC/Src/usbh_cdc.o
 .text.GetLineCoding
                0x00000000080076fa       0x3e Middlewares/ST/STM32_USB_Host_Library/Class/CDC/Src/usbh_cdc.o
 .text.SetLineCoding
                0x0000000008007738       0x3e Middlewares/ST/STM32_USB_Host_Library/Class/CDC/Src/usbh_cdc.o
 .text.CDC_ProcessTransmission
                0x0000000008007776      0x128 Middlewares/ST/STM32_USB_Host_Library/Class/CDC/Src/usbh_cdc.o
 .text.CDC_ProcessReception
                0x000000000800789e       0xd2 Middlewares/ST/STM32_USB_Host_Library/Class/CDC/Src/usbh_cdc.o
 .text.USBH_CDC_TransmitCallback
                0x0000000008007970       0x14 Middlewares/ST/STM32_USB_Host_Library/Class/CDC/Src/usbh_cdc.o
                0x0000000008007970                USBH_CDC_TransmitCallback
 .text.USBH_CDC_ReceiveCallback
                0x0000000008007984       0x14 Middlewares/ST/STM32_USB_Host_Library/Class/CDC/Src/usbh_cdc.o
                0x0000000008007984                USBH_CDC_ReceiveCallback
 .text.USBH_CDC_LineCodingChanged
                0x0000000008007998       0x14 Middlewares/ST/STM32_USB_Host_Library/Class/CDC/Src/usbh_cdc.o
                0x0000000008007998                USBH_CDC_LineCodingChanged
 .text.USBH_Init
                0x00000000080079ac       0xc4 Middlewares/ST/STM32_USB_Host_Library/Core/Src/usbh_core.o
                0x00000000080079ac                USBH_Init
 .text.DeInitStateMachine
                0x0000000008007a70       0xa8 Middlewares/ST/STM32_USB_Host_Library/Core/Src/usbh_core.o
 .text.USBH_RegisterClass
                0x0000000008007b18       0x54 Middlewares/ST/STM32_USB_Host_Library/Core/Src/usbh_core.o
                0x0000000008007b18                USBH_RegisterClass
 .text.USBH_SelectInterface
                0x0000000008007b6c       0x38 Middlewares/ST/STM32_USB_Host_Library/Core/Src/usbh_core.o
                0x0000000008007b6c                USBH_SelectInterface
 .text.USBH_FindInterface
                0x0000000008007ba4       0x8c Middlewares/ST/STM32_USB_Host_Library/Core/Src/usbh_core.o
                0x0000000008007ba4                USBH_FindInterface
 .text.USBH_Start
                0x0000000008007c30       0x20 Middlewares/ST/STM32_USB_Host_Library/Core/Src/usbh_core.o
                0x0000000008007c30                USBH_Start
 .text.USBH_Process
                0x0000000008007c50      0x4c4 Middlewares/ST/STM32_USB_Host_Library/Core/Src/usbh_core.o
                0x0000000008007c50                USBH_Process
 .text.USBH_HandleEnum
                0x0000000008008114      0x458 Middlewares/ST/STM32_USB_Host_Library/Core/Src/usbh_core.o
 .text.USBH_LL_SetTimer
                0x000000000800856c       0x1e Middlewares/ST/STM32_USB_Host_Library/Core/Src/usbh_core.o
                0x000000000800856c                USBH_LL_SetTimer
 .text.USBH_LL_IncTimer
                0x000000000800858a       0x24 Middlewares/ST/STM32_USB_Host_Library/Core/Src/usbh_core.o
                0x000000000800858a                USBH_LL_IncTimer
 .text.USBH_HandleSof
                0x00000000080085ae       0x30 Middlewares/ST/STM32_USB_Host_Library/Core/Src/usbh_core.o
 .text.USBH_LL_PortEnabled
                0x00000000080085de       0x34 Middlewares/ST/STM32_USB_Host_Library/Core/Src/usbh_core.o
                0x00000000080085de                USBH_LL_PortEnabled
 .text.USBH_LL_PortDisabled
                0x0000000008008612       0x1c Middlewares/ST/STM32_USB_Host_Library/Core/Src/usbh_core.o
                0x0000000008008612                USBH_LL_PortDisabled
 .text.USBH_LL_Connect
                0x000000000800862e       0x46 Middlewares/ST/STM32_USB_Host_Library/Core/Src/usbh_core.o
                0x000000000800862e                USBH_LL_Connect
 .text.USBH_LL_Disconnect
                0x0000000008008674       0x64 Middlewares/ST/STM32_USB_Host_Library/Core/Src/usbh_core.o
                0x0000000008008674                USBH_LL_Disconnect
 .text.USBH_Process_OS
                0x00000000080086d8       0x2a Middlewares/ST/STM32_USB_Host_Library/Core/Src/usbh_core.o
 .text.USBH_LL_NotifyURBChange
                0x0000000008008702       0x2e Middlewares/ST/STM32_USB_Host_Library/Core/Src/usbh_core.o
                0x0000000008008702                USBH_LL_NotifyURBChange
 .text.USBH_Get_DevDesc
                0x0000000008008730       0x50 Middlewares/ST/STM32_USB_Host_Library/Core/Src/usbh_ctlreq.o
                0x0000000008008730                USBH_Get_DevDesc
 .text.USBH_Get_CfgDesc
                0x0000000008008780       0x48 Middlewares/ST/STM32_USB_Host_Library/Core/Src/usbh_ctlreq.o
                0x0000000008008780                USBH_Get_CfgDesc
 .text.USBH_Get_StringDesc
                0x00000000080087c8       0x56 Middlewares/ST/STM32_USB_Host_Library/Core/Src/usbh_ctlreq.o
                0x00000000080087c8                USBH_Get_StringDesc
 .text.USBH_GetDescriptor
                0x000000000800881e       0x6a Middlewares/ST/STM32_USB_Host_Library/Core/Src/usbh_ctlreq.o
                0x000000000800881e                USBH_GetDescriptor
 .text.USBH_SetAddress
                0x0000000008008888       0x48 Middlewares/ST/STM32_USB_Host_Library/Core/Src/usbh_ctlreq.o
                0x0000000008008888                USBH_SetAddress
 .text.USBH_SetCfg
                0x00000000080088d0       0x46 Middlewares/ST/STM32_USB_Host_Library/Core/Src/usbh_ctlreq.o
                0x00000000080088d0                USBH_SetCfg
 .text.USBH_SetFeature
                0x0000000008008916       0x48 Middlewares/ST/STM32_USB_Host_Library/Core/Src/usbh_ctlreq.o
                0x0000000008008916                USBH_SetFeature
 .text.USBH_ClrFeature
                0x000000000800895e       0x48 Middlewares/ST/STM32_USB_Host_Library/Core/Src/usbh_ctlreq.o
                0x000000000800895e                USBH_ClrFeature
 .text.USBH_ParseDevDesc
                0x00000000080089a6       0xe0 Middlewares/ST/STM32_USB_Host_Library/Core/Src/usbh_ctlreq.o
 .text.USBH_ParseCfgDesc
                0x0000000008008a86      0x144 Middlewares/ST/STM32_USB_Host_Library/Core/Src/usbh_ctlreq.o
 .text.USBH_ParseInterfaceDesc
                0x0000000008008bca       0x5e Middlewares/ST/STM32_USB_Host_Library/Core/Src/usbh_ctlreq.o
 .text.USBH_ParseEPDesc
                0x0000000008008c28       0x5a Middlewares/ST/STM32_USB_Host_Library/Core/Src/usbh_ctlreq.o
 .text.USBH_ParseStringDesc
                0x0000000008008c82       0x66 Middlewares/ST/STM32_USB_Host_Library/Core/Src/usbh_ctlreq.o
 .text.USBH_GetNextDesc
                0x0000000008008ce8       0x36 Middlewares/ST/STM32_USB_Host_Library/Core/Src/usbh_ctlreq.o
                0x0000000008008ce8                USBH_GetNextDesc
 .text.USBH_CtlReq
                0x0000000008008d1e       0xb2 Middlewares/ST/STM32_USB_Host_Library/Core/Src/usbh_ctlreq.o
                0x0000000008008d1e                USBH_CtlReq
 .text.USBH_HandleControl
                0x0000000008008dd0      0x494 Middlewares/ST/STM32_USB_Host_Library/Core/Src/usbh_ctlreq.o
 .text.USBH_CtlSendSetup
                0x0000000008009264       0x34 Middlewares/ST/STM32_USB_Host_Library/Core/Src/usbh_ioreq.o
                0x0000000008009264                USBH_CtlSendSetup
 .text.USBH_CtlSendData
                0x0000000008009298       0x4a Middlewares/ST/STM32_USB_Host_Library/Core/Src/usbh_ioreq.o
                0x0000000008009298                USBH_CtlSendData
 .text.USBH_CtlReceiveData
                0x00000000080092e2       0x3c Middlewares/ST/STM32_USB_Host_Library/Core/Src/usbh_ioreq.o
                0x00000000080092e2                USBH_CtlReceiveData
 .text.USBH_BulkSendData
                0x000000000800931e       0x4a Middlewares/ST/STM32_USB_Host_Library/Core/Src/usbh_ioreq.o
                0x000000000800931e                USBH_BulkSendData
 .text.USBH_BulkReceiveData
                0x0000000008009368       0x3c Middlewares/ST/STM32_USB_Host_Library/Core/Src/usbh_ioreq.o
                0x0000000008009368                USBH_BulkReceiveData
 .text.USBH_OpenPipe
                0x00000000080093a4       0x3e Middlewares/ST/STM32_USB_Host_Library/Core/Src/usbh_pipes.o
                0x00000000080093a4                USBH_OpenPipe
 .text.USBH_ClosePipe
                0x00000000080093e2       0x20 Middlewares/ST/STM32_USB_Host_Library/Core/Src/usbh_pipes.o
                0x00000000080093e2                USBH_ClosePipe
 .text.USBH_AllocPipe
                0x0000000008009402       0x42 Middlewares/ST/STM32_USB_Host_Library/Core/Src/usbh_pipes.o
                0x0000000008009402                USBH_AllocPipe
 .text.USBH_FreePipe
                0x0000000008009444       0x3c Middlewares/ST/STM32_USB_Host_Library/Core/Src/usbh_pipes.o
                0x0000000008009444                USBH_FreePipe
 .text.USBH_GetFreePipe
                0x0000000008009480       0x48 Middlewares/ST/STM32_USB_Host_Library/Core/Src/usbh_pipes.o
 .text.makeFreeRtosPriority
                0x00000000080094c8       0x30 Middlewares/Third_Party/FreeRTOS/Source/CMSIS_RTOS/cmsis_os.o
 .text.inHandlerMode
                0x00000000080094f8       0x24 Middlewares/Third_Party/FreeRTOS/Source/CMSIS_RTOS/cmsis_os.o
 .text.osKernelStart
                0x000000000800951c        0xe Middlewares/Third_Party/FreeRTOS/Source/CMSIS_RTOS/cmsis_os.o
                0x000000000800951c                osKernelStart
 .text.osThreadCreate
                0x000000000800952a       0x98 Middlewares/Third_Party/FreeRTOS/Source/CMSIS_RTOS/cmsis_os.o
                0x000000000800952a                osThreadCreate
 .text.osDelay  0x00000000080095c2       0x28 Middlewares/Third_Party/FreeRTOS/Source/CMSIS_RTOS/cmsis_os.o
                0x00000000080095c2                osDelay
 .text.osMessageCreate
                0x00000000080095ea       0x52 Middlewares/Third_Party/FreeRTOS/Source/CMSIS_RTOS/cmsis_os.o
                0x00000000080095ea                osMessageCreate
 .text.osMessagePut
                0x000000000800963c       0x80 Middlewares/Third_Party/FreeRTOS/Source/CMSIS_RTOS/cmsis_os.o
                0x000000000800963c                osMessagePut
 .text.osMessageGet
                0x00000000080096bc       0xe8 Middlewares/Third_Party/FreeRTOS/Source/CMSIS_RTOS/cmsis_os.o
                0x00000000080096bc                osMessageGet
 .text.vListInitialise
                0x00000000080097a4       0x40 Middlewares/Third_Party/FreeRTOS/Source/list.o
                0x00000000080097a4                vListInitialise
 .text.vListInitialiseItem
                0x00000000080097e4       0x1a Middlewares/Third_Party/FreeRTOS/Source/list.o
                0x00000000080097e4                vListInitialiseItem
 .text.vListInsertEnd
                0x00000000080097fe       0x48 Middlewares/Third_Party/FreeRTOS/Source/list.o
                0x00000000080097fe                vListInsertEnd
 .text.vListInsert
                0x0000000008009846       0x72 Middlewares/Third_Party/FreeRTOS/Source/list.o
                0x0000000008009846                vListInsert
 .text.uxListRemove
                0x00000000080098b8       0x54 Middlewares/Third_Party/FreeRTOS/Source/list.o
                0x00000000080098b8                uxListRemove
 .text.xQueueGenericReset
                0x000000000800990c       0xd0 Middlewares/Third_Party/FreeRTOS/Source/queue.o
                0x000000000800990c                xQueueGenericReset
 .text.xQueueGenericCreateStatic
                0x00000000080099dc       0xe6 Middlewares/Third_Party/FreeRTOS/Source/queue.o
                0x00000000080099dc                xQueueGenericCreateStatic
 .text.xQueueGenericCreate
                0x0000000008009ac2       0x7e Middlewares/Third_Party/FreeRTOS/Source/queue.o
                0x0000000008009ac2                xQueueGenericCreate
 .text.prvInitialiseNewQueue
                0x0000000008009b40       0x3e Middlewares/Third_Party/FreeRTOS/Source/queue.o
 *fill*         0x0000000008009b7e        0x2 
 .text.xQueueGenericSend
                0x0000000008009b80      0x1f4 Middlewares/Third_Party/FreeRTOS/Source/queue.o
                0x0000000008009b80                xQueueGenericSend
 .text.xQueueGenericSendFromISR
                0x0000000008009d74      0x128 Middlewares/Third_Party/FreeRTOS/Source/queue.o
                0x0000000008009d74                xQueueGenericSendFromISR
 .text.xQueueReceive
                0x0000000008009e9c      0x1b8 Middlewares/Third_Party/FreeRTOS/Source/queue.o
                0x0000000008009e9c                xQueueReceive
 .text.xQueueReceiveFromISR
                0x000000000800a054       0xfa Middlewares/Third_Party/FreeRTOS/Source/queue.o
                0x000000000800a054                xQueueReceiveFromISR
 .text.prvCopyDataToQueue
                0x000000000800a14e       0xd4 Middlewares/Third_Party/FreeRTOS/Source/queue.o
 .text.prvCopyDataFromQueue
                0x000000000800a222       0x4c Middlewares/Third_Party/FreeRTOS/Source/queue.o
 .text.prvUnlockQueue
                0x000000000800a26e       0xa4 Middlewares/Third_Party/FreeRTOS/Source/queue.o
 .text.prvIsQueueEmpty
                0x000000000800a312       0x2c Middlewares/Third_Party/FreeRTOS/Source/queue.o
 .text.prvIsQueueFull
                0x000000000800a33e       0x30 Middlewares/Third_Party/FreeRTOS/Source/queue.o
 .text.xTaskCreateStatic
                0x000000000800a36e       0xb4 Middlewares/Third_Party/FreeRTOS/Source/tasks.o
                0x000000000800a36e                xTaskCreateStatic
 .text.xTaskCreate
                0x000000000800a422       0x8a Middlewares/Third_Party/FreeRTOS/Source/tasks.o
                0x000000000800a422                xTaskCreate
 .text.prvInitialiseNewTask
                0x000000000800a4ac      0x122 Middlewares/Third_Party/FreeRTOS/Source/tasks.o
 *fill*         0x000000000800a5ce        0x2 
 .text.prvAddNewTaskToReadyList
                0x000000000800a5d0       0xd4 Middlewares/Third_Party/FreeRTOS/Source/tasks.o
 .text.vTaskDelay
                0x000000000800a6a4       0x68 Middlewares/Third_Party/FreeRTOS/Source/tasks.o
                0x000000000800a6a4                vTaskDelay
 .text.vTaskStartScheduler
                0x000000000800a70c       0xbc Middlewares/Third_Party/FreeRTOS/Source/tasks.o
                0x000000000800a70c                vTaskStartScheduler
 .text.vTaskSuspendAll
                0x000000000800a7c8       0x1c Middlewares/Third_Party/FreeRTOS/Source/tasks.o
                0x000000000800a7c8                vTaskSuspendAll
 .text.xTaskResumeAll
                0x000000000800a7e4      0x138 Middlewares/Third_Party/FreeRTOS/Source/tasks.o
                0x000000000800a7e4                xTaskResumeAll
 .text.xTaskIncrementTick
                0x000000000800a91c      0x170 Middlewares/Third_Party/FreeRTOS/Source/tasks.o
                0x000000000800a91c                xTaskIncrementTick
 .text.vTaskSwitchContext
                0x000000000800aa8c      0x100 Middlewares/Third_Party/FreeRTOS/Source/tasks.o
                0x000000000800aa8c                vTaskSwitchContext
 .text.vTaskPlaceOnEventList
                0x000000000800ab8c       0x48 Middlewares/Third_Party/FreeRTOS/Source/tasks.o
                0x000000000800ab8c                vTaskPlaceOnEventList
 .text.xTaskRemoveFromEventList
                0x000000000800abd4       0xc4 Middlewares/Third_Party/FreeRTOS/Source/tasks.o
                0x000000000800abd4                xTaskRemoveFromEventList
 .text.vTaskInternalSetTimeOutState
                0x000000000800ac98       0x2c Middlewares/Third_Party/FreeRTOS/Source/tasks.o
                0x000000000800ac98                vTaskInternalSetTimeOutState
 .text.xTaskCheckForTimeOut
                0x000000000800acc4       0xc0 Middlewares/Third_Party/FreeRTOS/Source/tasks.o
                0x000000000800acc4                xTaskCheckForTimeOut
 .text.vTaskMissedYield
                0x000000000800ad84       0x18 Middlewares/Third_Party/FreeRTOS/Source/tasks.o
                0x000000000800ad84                vTaskMissedYield
 .text.prvIdleTask
                0x000000000800ad9c       0x34 Middlewares/Third_Party/FreeRTOS/Source/tasks.o
 .text.prvInitialiseTaskLists
                0x000000000800add0       0x80 Middlewares/Third_Party/FreeRTOS/Source/tasks.o
 .text.prvCheckTasksWaitingTermination
                0x000000000800ae50       0x58 Middlewares/Third_Party/FreeRTOS/Source/tasks.o
 .text.prvDeleteTCB
                0x000000000800aea8       0x5c Middlewares/Third_Party/FreeRTOS/Source/tasks.o
 .text.prvResetNextTaskUnblockTime
                0x000000000800af04       0x40 Middlewares/Third_Party/FreeRTOS/Source/tasks.o
 .text.xTaskGetSchedulerState
                0x000000000800af44       0x3c Middlewares/Third_Party/FreeRTOS/Source/tasks.o
                0x000000000800af44                xTaskGetSchedulerState
 .text.xTaskPriorityDisinherit
                0x000000000800af80      0x108 Middlewares/Third_Party/FreeRTOS/Source/tasks.o
                0x000000000800af80                xTaskPriorityDisinherit
 .text.prvAddCurrentTaskToDelayedList
                0x000000000800b088       0xcc Middlewares/Third_Party/FreeRTOS/Source/tasks.o
 .text.pxPortInitialiseStack
                0x000000000800b154       0x68 Middlewares/Third_Party/FreeRTOS/Source/portable/GCC/ARM_CM4F/port.o
                0x000000000800b154                pxPortInitialiseStack
 .text.prvTaskExitError
                0x000000000800b1bc       0x54 Middlewares/Third_Party/FreeRTOS/Source/portable/GCC/ARM_CM4F/port.o
 .text.SVC_Handler
                0x000000000800b210       0x28 Middlewares/Third_Party/FreeRTOS/Source/portable/GCC/ARM_CM4F/port.o
                0x000000000800b210                SVC_Handler
 .text.prvPortStartFirstTask
                0x000000000800b238       0x28 Middlewares/Third_Party/FreeRTOS/Source/portable/GCC/ARM_CM4F/port.o
 .text.xPortStartScheduler
                0x000000000800b260      0x13c Middlewares/Third_Party/FreeRTOS/Source/portable/GCC/ARM_CM4F/port.o
                0x000000000800b260                xPortStartScheduler
 .text.vPortEnterCritical
                0x000000000800b39c       0x5c Middlewares/Third_Party/FreeRTOS/Source/portable/GCC/ARM_CM4F/port.o
                0x000000000800b39c                vPortEnterCritical
 .text.vPortExitCritical
                0x000000000800b3f8       0x50 Middlewares/Third_Party/FreeRTOS/Source/portable/GCC/ARM_CM4F/port.o
                0x000000000800b3f8                vPortExitCritical
 *fill*         0x000000000800b448        0x8 
 .text.PendSV_Handler
                0x000000000800b450       0x68 Middlewares/Third_Party/FreeRTOS/Source/portable/GCC/ARM_CM4F/port.o
                0x000000000800b450                PendSV_Handler
 .text.SysTick_Handler
                0x000000000800b4b8       0x40 Middlewares/Third_Party/FreeRTOS/Source/portable/GCC/ARM_CM4F/port.o
                0x000000000800b4b8                SysTick_Handler
 .text.vPortSetupTimerInterrupt
                0x000000000800b4f8       0x48 Middlewares/Third_Party/FreeRTOS/Source/portable/GCC/ARM_CM4F/port.o
                0x000000000800b4f8                vPortSetupTimerInterrupt
 .text.vPortEnableVFP
                0x000000000800b540       0x14 Middlewares/Third_Party/FreeRTOS/Source/portable/GCC/ARM_CM4F/port.o
 .text.vPortValidateInterruptPriority
                0x000000000800b554       0x7c Middlewares/Third_Party/FreeRTOS/Source/portable/GCC/ARM_CM4F/port.o
                0x000000000800b554                vPortValidateInterruptPriority
 .text.pvPortMalloc
                0x000000000800b5d0      0x18c Middlewares/Third_Party/FreeRTOS/Source/portable/MemMang/heap_4.o
                0x000000000800b5d0                pvPortMalloc
 .text.vPortFree
                0x000000000800b75c       0xb0 Middlewares/Third_Party/FreeRTOS/Source/portable/MemMang/heap_4.o
                0x000000000800b75c                vPortFree
 .text.prvHeapInit
                0x000000000800b80c       0xc4 Middlewares/Third_Party/FreeRTOS/Source/portable/MemMang/heap_4.o
 .text.prvInsertBlockIntoFreeList
                0x000000000800b8d0       0xb4 Middlewares/Third_Party/FreeRTOS/Source/portable/MemMang/heap_4.o
 .text.MX_USB_HOST_Init
                0x000000000800b984       0x4c USB_HOST/App/usb_host.o
                0x000000000800b984                MX_USB_HOST_Init
 .text.USBH_UserProcess
                0x000000000800b9d0       0x5c USB_HOST/App/usb_host.o
 .text.HAL_HCD_MspInit
                0x000000000800ba2c       0xbc USB_HOST/Target/usbh_conf.o
                0x000000000800ba2c                HAL_HCD_MspInit
 .text.HAL_HCD_SOF_Callback
                0x000000000800bae8       0x1c USB_HOST/Target/usbh_conf.o
                0x000000000800bae8                HAL_HCD_SOF_Callback
 .text.HAL_HCD_Connect_Callback
                0x000000000800bb04       0x1c USB_HOST/Target/usbh_conf.o
                0x000000000800bb04                HAL_HCD_Connect_Callback
 .text.HAL_HCD_Disconnect_Callback
                0x000000000800bb20       0x1c USB_HOST/Target/usbh_conf.o
                0x000000000800bb20                HAL_HCD_Disconnect_Callback
 .text.HAL_HCD_HC_NotifyURBChange_Callback
                0x000000000800bb3c       0x24 USB_HOST/Target/usbh_conf.o
                0x000000000800bb3c                HAL_HCD_HC_NotifyURBChange_Callback
 .text.HAL_HCD_PortEnabled_Callback
                0x000000000800bb60       0x1c USB_HOST/Target/usbh_conf.o
                0x000000000800bb60                HAL_HCD_PortEnabled_Callback
 .text.HAL_HCD_PortDisabled_Callback
                0x000000000800bb7c       0x1c USB_HOST/Target/usbh_conf.o
                0x000000000800bb7c                HAL_HCD_PortDisabled_Callback
 .text.USBH_LL_Init
                0x000000000800bb98       0x8c USB_HOST/Target/usbh_conf.o
                0x000000000800bb98                USBH_LL_Init
 .text.USBH_LL_Start
                0x000000000800bc24       0x36 USB_HOST/Target/usbh_conf.o
                0x000000000800bc24                USBH_LL_Start
 .text.USBH_LL_Stop
                0x000000000800bc5a       0x36 USB_HOST/Target/usbh_conf.o
                0x000000000800bc5a                USBH_LL_Stop
 .text.USBH_LL_GetSpeed
                0x000000000800bc90       0x4a USB_HOST/Target/usbh_conf.o
                0x000000000800bc90                USBH_LL_GetSpeed
 .text.USBH_LL_ResetPort
                0x000000000800bcda       0x36 USB_HOST/Target/usbh_conf.o
                0x000000000800bcda                USBH_LL_ResetPort
 .text.USBH_LL_GetLastXferSize
                0x000000000800bd10       0x26 USB_HOST/Target/usbh_conf.o
                0x000000000800bd10                USBH_LL_GetLastXferSize
 .text.USBH_LL_OpenPipe
                0x000000000800bd36       0x5e USB_HOST/Target/usbh_conf.o
                0x000000000800bd36                USBH_LL_OpenPipe
 .text.USBH_LL_ClosePipe
                0x000000000800bd94       0x3e USB_HOST/Target/usbh_conf.o
                0x000000000800bd94                USBH_LL_ClosePipe
 .text.USBH_LL_SubmitURB
                0x000000000800bdd2       0x62 USB_HOST/Target/usbh_conf.o
                0x000000000800bdd2                USBH_LL_SubmitURB
 .text.USBH_LL_GetURBState
                0x000000000800be34       0x26 USB_HOST/Target/usbh_conf.o
                0x000000000800be34                USBH_LL_GetURBState
 .text.USBH_LL_DriverVBUS
                0x000000000800be5a       0x2e USB_HOST/Target/usbh_conf.o
                0x000000000800be5a                USBH_LL_DriverVBUS
 .text.USBH_LL_SetToggle
                0x000000000800be88       0x66 USB_HOST/Target/usbh_conf.o
                0x000000000800be88                USBH_LL_SetToggle
 .text.USBH_Delay
                0x000000000800beee       0x16 USB_HOST/Target/usbh_conf.o
                0x000000000800beee                USBH_Delay
 .text.USBH_Get_USB_Status
                0x000000000800bf04       0x58 USB_HOST/Target/usbh_conf.o
                0x000000000800bf04                USBH_Get_USB_Status
 .text.MX_DriverVbusHS
                0x000000000800bf5c       0x38 USB_HOST/Target/usbh_platform.o
                0x000000000800bf5c                MX_DriverVbusHS
 .text.__errno  0x000000000800bf94        0xc c:/st/stm32cubeide_1.3.0/stm32cubeide/plugins/com.st.stm32cube.ide.mcu.externaltools.gnu-tools-for-stm32.7-2018-q2-update.win32_1.0.0.201904181610/tools/bin/../lib/gcc/arm-none-eabi/7.3.1/../../../../arm-none-eabi/lib/thumb/v7e-m/fpv4-sp/hard\libc_nano.a(lib_a-errno.o)
                0x000000000800bf94                __errno
 .text.__libc_init_array
                0x000000000800bfa0       0x48 c:/st/stm32cubeide_1.3.0/stm32cubeide/plugins/com.st.stm32cube.ide.mcu.externaltools.gnu-tools-for-stm32.7-2018-q2-update.win32_1.0.0.201904181610/tools/bin/../lib/gcc/arm-none-eabi/7.3.1/../../../../arm-none-eabi/lib/thumb/v7e-m/fpv4-sp/hard\libc_nano.a(lib_a-init.o)
                0x000000000800bfa0                __libc_init_array
 .text.malloc   0x000000000800bfe8       0x10 c:/st/stm32cubeide_1.3.0/stm32cubeide/plugins/com.st.stm32cube.ide.mcu.externaltools.gnu-tools-for-stm32.7-2018-q2-update.win32_1.0.0.201904181610/tools/bin/../lib/gcc/arm-none-eabi/7.3.1/../../../../arm-none-eabi/lib/thumb/v7e-m/fpv4-sp/hard\libc_nano.a(lib_a-malloc.o)
                0x000000000800bfe8                malloc
 .text.free     0x000000000800bff8       0x10 c:/st/stm32cubeide_1.3.0/stm32cubeide/plugins/com.st.stm32cube.ide.mcu.externaltools.gnu-tools-for-stm32.7-2018-q2-update.win32_1.0.0.201904181610/tools/bin/../lib/gcc/arm-none-eabi/7.3.1/../../../../arm-none-eabi/lib/thumb/v7e-m/fpv4-sp/hard\libc_nano.a(lib_a-malloc.o)
                0x000000000800bff8                free
 .text.memcpy   0x000000000800c008       0x16 c:/st/stm32cubeide_1.3.0/stm32cubeide/plugins/com.st.stm32cube.ide.mcu.externaltools.gnu-tools-for-stm32.7-2018-q2-update.win32_1.0.0.201904181610/tools/bin/../lib/gcc/arm-none-eabi/7.3.1/../../../../arm-none-eabi/lib/thumb/v7e-m/fpv4-sp/hard\libc_nano.a(lib_a-memcpy-stub.o)
                0x000000000800c008                memcpy
 .text.memset   0x000000000800c01e       0x10 c:/st/stm32cubeide_1.3.0/stm32cubeide/plugins/com.st.stm32cube.ide.mcu.externaltools.gnu-tools-for-stm32.7-2018-q2-update.win32_1.0.0.201904181610/tools/bin/../lib/gcc/arm-none-eabi/7.3.1/../../../../arm-none-eabi/lib/thumb/v7e-m/fpv4-sp/hard\libc_nano.a(lib_a-memset.o)
                0x000000000800c01e                memset
 *fill*         0x000000000800c02e        0x2 
 .text._free_r  0x000000000800c030       0x9c c:/st/stm32cubeide_1.3.0/stm32cubeide/plugins/com.st.stm32cube.ide.mcu.externaltools.gnu-tools-for-stm32.7-2018-q2-update.win32_1.0.0.201904181610/tools/bin/../lib/gcc/arm-none-eabi/7.3.1/../../../../arm-none-eabi/lib/thumb/v7e-m/fpv4-sp/hard\libc_nano.a(lib_a-nano-freer.o)
                0x000000000800c030                _free_r
 .text._malloc_r
                0x000000000800c0cc       0xb4 c:/st/stm32cubeide_1.3.0/stm32cubeide/plugins/com.st.stm32cube.ide.mcu.externaltools.gnu-tools-for-stm32.7-2018-q2-update.win32_1.0.0.201904181610/tools/bin/../lib/gcc/arm-none-eabi/7.3.1/../../../../arm-none-eabi/lib/thumb/v7e-m/fpv4-sp/hard\libc_nano.a(lib_a-nano-mallocr.o)
                0x000000000800c0cc                _malloc_r
 .text._sbrk_r  0x000000000800c180       0x20 c:/st/stm32cubeide_1.3.0/stm32cubeide/plugins/com.st.stm32cube.ide.mcu.externaltools.gnu-tools-for-stm32.7-2018-q2-update.win32_1.0.0.201904181610/tools/bin/../lib/gcc/arm-none-eabi/7.3.1/../../../../arm-none-eabi/lib/thumb/v7e-m/fpv4-sp/hard\libc_nano.a(lib_a-sbrkr.o)
                0x000000000800c180                _sbrk_r
 .text.__malloc_lock
                0x000000000800c1a0        0x2 c:/st/stm32cubeide_1.3.0/stm32cubeide/plugins/com.st.stm32cube.ide.mcu.externaltools.gnu-tools-for-stm32.7-2018-q2-update.win32_1.0.0.201904181610/tools/bin/../lib/gcc/arm-none-eabi/7.3.1/../../../../arm-none-eabi/lib/thumb/v7e-m/fpv4-sp/hard\libc_nano.a(lib_a-mlock.o)
                0x000000000800c1a0                __malloc_lock
 .text.__malloc_unlock
                0x000000000800c1a2        0x2 c:/st/stm32cubeide_1.3.0/stm32cubeide/plugins/com.st.stm32cube.ide.mcu.externaltools.gnu-tools-for-stm32.7-2018-q2-update.win32_1.0.0.201904181610/tools/bin/../lib/gcc/arm-none-eabi/7.3.1/../../../../arm-none-eabi/lib/thumb/v7e-m/fpv4-sp/hard\libc_nano.a(lib_a-mlock.o)
                0x000000000800c1a2                __malloc_unlock
 *(.glue_7)
 .glue_7        0x000000000800c1a4        0x0 linker stubs
 *(.glue_7t)
 .glue_7t       0x000000000800c1a4        0x0 linker stubs
 *(.eh_frame)
 .eh_frame      0x000000000800c1a4        0x0 c:/st/stm32cubeide_1.3.0/stm32cubeide/plugins/com.st.stm32cube.ide.mcu.externaltools.gnu-tools-for-stm32.7-2018-q2-update.win32_1.0.0.201904181610/tools/bin/../lib/gcc/arm-none-eabi/7.3.1/thumb/v7e-m/fpv4-sp/hard/crtbegin.o
 *(.init)
 .init          0x000000000800c1a4        0x4 c:/st/stm32cubeide_1.3.0/stm32cubeide/plugins/com.st.stm32cube.ide.mcu.externaltools.gnu-tools-for-stm32.7-2018-q2-update.win32_1.0.0.201904181610/tools/bin/../lib/gcc/arm-none-eabi/7.3.1/thumb/v7e-m/fpv4-sp/hard/crti.o
                0x000000000800c1a4                _init
 .init          0x000000000800c1a8        0x8 c:/st/stm32cubeide_1.3.0/stm32cubeide/plugins/com.st.stm32cube.ide.mcu.externaltools.gnu-tools-for-stm32.7-2018-q2-update.win32_1.0.0.201904181610/tools/bin/../lib/gcc/arm-none-eabi/7.3.1/thumb/v7e-m/fpv4-sp/hard/crtn.o
 *(.fini)
 .fini          0x000000000800c1b0        0x4 c:/st/stm32cubeide_1.3.0/stm32cubeide/plugins/com.st.stm32cube.ide.mcu.externaltools.gnu-tools-for-stm32.7-2018-q2-update.win32_1.0.0.201904181610/tools/bin/../lib/gcc/arm-none-eabi/7.3.1/thumb/v7e-m/fpv4-sp/hard/crti.o
                0x000000000800c1b0                _fini
 .fini          0x000000000800c1b4        0x8 c:/st/stm32cubeide_1.3.0/stm32cubeide/plugins/com.st.stm32cube.ide.mcu.externaltools.gnu-tools-for-stm32.7-2018-q2-update.win32_1.0.0.201904181610/tools/bin/../lib/gcc/arm-none-eabi/7.3.1/thumb/v7e-m/fpv4-sp/hard/crtn.o
                0x000000000800c1bc                . = ALIGN (0x4)
                0x000000000800c1bc                _etext = .

.vfp11_veneer   0x000000000800c1bc        0x0
 .vfp11_veneer  0x000000000800c1bc        0x0 linker stubs

.v4_bx          0x000000000800c1bc        0x0
 .v4_bx         0x000000000800c1bc        0x0 linker stubs

.iplt           0x000000000800c1bc        0x0
 .iplt          0x000000000800c1bc        0x0 c:/st/stm32cubeide_1.3.0/stm32cubeide/plugins/com.st.stm32cube.ide.mcu.externaltools.gnu-tools-for-stm32.7-2018-q2-update.win32_1.0.0.201904181610/tools/bin/../lib/gcc/arm-none-eabi/7.3.1/thumb/v7e-m/fpv4-sp/hard/crtbegin.o

.rodata         0x000000000800c1bc       0x84
                0x000000000800c1bc                . = ALIGN (0x4)
 *(.rodata)
 .rodata        0x000000000800c1bc       0x28 Core/Src/main.o
 .rodata        0x000000000800c1e4        0x4 Middlewares/ST/STM32_USB_Host_Library/Class/CDC/Src/usbh_cdc.o
 .rodata        0x000000000800c1e8       0x38 Middlewares/ST/STM32_USB_Host_Library/Core/Src/usbh_core.o
 .rodata        0x000000000800c220        0x5 Middlewares/Third_Party/FreeRTOS/Source/tasks.o
 *(.rodata*)
 *fill*         0x000000000800c225        0x3 
 .rodata.AHBPrescTable
                0x000000000800c228       0x10 Core/Src/system_stm32f4xx.o
                0x000000000800c228                AHBPrescTable
 .rodata.APBPrescTable
                0x000000000800c238        0x8 Core/Src/system_stm32f4xx.o
                0x000000000800c238                APBPrescTable
                0x000000000800c240                . = ALIGN (0x4)

.ARM.extab      0x000000000800c240        0x0
                0x000000000800c240                . = ALIGN (0x4)
 *(.ARM.extab* .gnu.linkonce.armextab.*)
                0x000000000800c240                . = ALIGN (0x4)

.ARM            0x000000000800c240        0x8
                0x000000000800c240                . = ALIGN (0x4)
                0x000000000800c240                __exidx_start = .
 *(.ARM.exidx*)
 .ARM.exidx     0x000000000800c240        0x8 c:/st/stm32cubeide_1.3.0/stm32cubeide/plugins/com.st.stm32cube.ide.mcu.externaltools.gnu-tools-for-stm32.7-2018-q2-update.win32_1.0.0.201904181610/tools/bin/../lib/gcc/arm-none-eabi/7.3.1/thumb/v7e-m/fpv4-sp/hard\libgcc.a(_udivmoddi4.o)
                0x000000000800c248                __exidx_end = .
                0x000000000800c248                . = ALIGN (0x4)

.rel.dyn        0x000000000800c248        0x0
 .rel.iplt      0x000000000800c248        0x0 c:/st/stm32cubeide_1.3.0/stm32cubeide/plugins/com.st.stm32cube.ide.mcu.externaltools.gnu-tools-for-stm32.7-2018-q2-update.win32_1.0.0.201904181610/tools/bin/../lib/gcc/arm-none-eabi/7.3.1/thumb/v7e-m/fpv4-sp/hard/crtbegin.o

.preinit_array  0x000000000800c248        0x0
                0x000000000800c248                . = ALIGN (0x4)
                0x000000000800c248                PROVIDE (__preinit_array_start = .)
 *(.preinit_array*)
                0x000000000800c248                PROVIDE (__preinit_array_end = .)
                0x000000000800c248                . = ALIGN (0x4)

.init_array     0x000000000800c248        0x4
                0x000000000800c248                . = ALIGN (0x4)
                0x000000000800c248                PROVIDE (__init_array_start = .)
 *(SORT_BY_NAME(.init_array.*))
 *(.init_array*)
 .init_array    0x000000000800c248        0x4 c:/st/stm32cubeide_1.3.0/stm32cubeide/plugins/com.st.stm32cube.ide.mcu.externaltools.gnu-tools-for-stm32.7-2018-q2-update.win32_1.0.0.201904181610/tools/bin/../lib/gcc/arm-none-eabi/7.3.1/thumb/v7e-m/fpv4-sp/hard/crtbegin.o
                0x000000000800c24c                PROVIDE (__init_array_end = .)
                0x000000000800c24c                . = ALIGN (0x4)

.fini_array     0x000000000800c24c        0x4
                0x000000000800c24c                . = ALIGN (0x4)
                [!provide]                        PROVIDE (__fini_array_start = .)
 *(SORT_BY_NAME(.fini_array.*))
 *(.fini_array*)
 .fini_array    0x000000000800c24c        0x4 c:/st/stm32cubeide_1.3.0/stm32cubeide/plugins/com.st.stm32cube.ide.mcu.externaltools.gnu-tools-for-stm32.7-2018-q2-update.win32_1.0.0.201904181610/tools/bin/../lib/gcc/arm-none-eabi/7.3.1/thumb/v7e-m/fpv4-sp/hard/crtbegin.o
                [!provide]                        PROVIDE (__fini_array_end = .)
                0x000000000800c250                . = ALIGN (0x4)
                0x000000000800c250                _sidata = LOADADDR (.data)

.data           0x0000000020000000       0x94 load address 0x000000000800c250
                0x0000000020000000                . = ALIGN (0x4)
                0x0000000020000000                _sdata = .
 *(.data)
 *(.data*)
 .data.SystemCoreClock
                0x0000000020000000        0x4 Core/Src/system_stm32f4xx.o
                0x0000000020000000                SystemCoreClock
 .data.uwTickPrio
                0x0000000020000004        0x4 Drivers/STM32F4xx_HAL_Driver/Src/stm32f4xx_hal.o
                0x0000000020000004                uwTickPrio
 .data.uwTickFreq
                0x0000000020000008        0x1 Drivers/STM32F4xx_HAL_Driver/Src/stm32f4xx_hal.o
                0x0000000020000008                uwTickFreq
 *fill*         0x0000000020000009        0x3 
 .data.CDC_Class
                0x000000002000000c       0x20 Middlewares/ST/STM32_USB_Host_Library/Class/CDC/Src/usbh_cdc.o
                0x000000002000000c                CDC_Class
 .data.uxCriticalNesting
                0x000000002000002c        0x4 Middlewares/Third_Party/FreeRTOS/Source/portable/GCC/ARM_CM4F/port.o
 .data._impure_ptr
                0x0000000020000030        0x4 c:/st/stm32cubeide_1.3.0/stm32cubeide/plugins/com.st.stm32cube.ide.mcu.externaltools.gnu-tools-for-stm32.7-2018-q2-update.win32_1.0.0.201904181610/tools/bin/../lib/gcc/arm-none-eabi/7.3.1/../../../../arm-none-eabi/lib/thumb/v7e-m/fpv4-sp/hard\libc_nano.a(lib_a-impure.o)
                0x0000000020000030                _impure_ptr
 .data.impure_data
                0x0000000020000034       0x60 c:/st/stm32cubeide_1.3.0/stm32cubeide/plugins/com.st.stm32cube.ide.mcu.externaltools.gnu-tools-for-stm32.7-2018-q2-update.win32_1.0.0.201904181610/tools/bin/../lib/gcc/arm-none-eabi/7.3.1/../../../../arm-none-eabi/lib/thumb/v7e-m/fpv4-sp/hard\libc_nano.a(lib_a-impure.o)
                0x0000000020000094                . = ALIGN (0x4)
                0x0000000020000094                _edata = .

.igot.plt       0x0000000020000094        0x0 load address 0x000000000800c2e4
 .igot.plt      0x0000000020000094        0x0 c:/st/stm32cubeide_1.3.0/stm32cubeide/plugins/com.st.stm32cube.ide.mcu.externaltools.gnu-tools-for-stm32.7-2018-q2-update.win32_1.0.0.201904181610/tools/bin/../lib/gcc/arm-none-eabi/7.3.1/thumb/v7e-m/fpv4-sp/hard/crtbegin.o
                0x0000000020000094                . = ALIGN (0x4)

.bss            0x0000000020000094     0x8d1c load address 0x000000000800c2e4
                0x0000000020000094                _sbss = .
                0x0000000020000094                __bss_start__ = _sbss
 *(.bss)
 .bss           0x0000000020000094       0x1c c:/st/stm32cubeide_1.3.0/stm32cubeide/plugins/com.st.stm32cube.ide.mcu.externaltools.gnu-tools-for-stm32.7-2018-q2-update.win32_1.0.0.201904181610/tools/bin/../lib/gcc/arm-none-eabi/7.3.1/thumb/v7e-m/fpv4-sp/hard/crtbegin.o
 *(.bss*)
 .bss.xIdleTaskTCBBuffer
                0x00000000200000b0       0x58 Core/Src/freertos.o
 .bss.xIdleStack
                0x0000000020000108      0x200 Core/Src/freertos.o
 .bss.FMC_Initialized
                0x0000000020000308        0x4 Core/Src/stm32f4xx_hal_msp.o
 .bss.heap_end.6424
                0x000000002000030c        0x4 Core/Src/sysmem.o
 .bss.tmpreg.9681
                0x0000000020000310        0x4 Drivers/STM32F4xx_HAL_Driver/Src/stm32f4xx_ll_usb.o
 .bss.pxCurrentTCB
                0x0000000020000314        0x4 Middlewares/Third_Party/FreeRTOS/Source/tasks.o
                0x0000000020000314                pxCurrentTCB
 .bss.pxReadyTasksLists
                0x0000000020000318       0x8c Middlewares/Third_Party/FreeRTOS/Source/tasks.o
 .bss.xDelayedTaskList1
                0x00000000200003a4       0x14 Middlewares/Third_Party/FreeRTOS/Source/tasks.o
 .bss.xDelayedTaskList2
                0x00000000200003b8       0x14 Middlewares/Third_Party/FreeRTOS/Source/tasks.o
 .bss.pxDelayedTaskList
                0x00000000200003cc        0x4 Middlewares/Third_Party/FreeRTOS/Source/tasks.o
 .bss.pxOverflowDelayedTaskList
                0x00000000200003d0        0x4 Middlewares/Third_Party/FreeRTOS/Source/tasks.o
 .bss.xPendingReadyList
                0x00000000200003d4       0x14 Middlewares/Third_Party/FreeRTOS/Source/tasks.o
 .bss.xTasksWaitingTermination
                0x00000000200003e8       0x14 Middlewares/Third_Party/FreeRTOS/Source/tasks.o
 .bss.uxDeletedTasksWaitingCleanUp
                0x00000000200003fc        0x4 Middlewares/Third_Party/FreeRTOS/Source/tasks.o
 .bss.xSuspendedTaskList
                0x0000000020000400       0x14 Middlewares/Third_Party/FreeRTOS/Source/tasks.o
 .bss.uxCurrentNumberOfTasks
                0x0000000020000414        0x4 Middlewares/Third_Party/FreeRTOS/Source/tasks.o
 .bss.xTickCount
                0x0000000020000418        0x4 Middlewares/Third_Party/FreeRTOS/Source/tasks.o
 .bss.uxTopReadyPriority
                0x000000002000041c        0x4 Middlewares/Third_Party/FreeRTOS/Source/tasks.o
 .bss.xSchedulerRunning
                0x0000000020000420        0x4 Middlewares/Third_Party/FreeRTOS/Source/tasks.o
 .bss.uxPendedTicks
                0x0000000020000424        0x4 Middlewares/Third_Party/FreeRTOS/Source/tasks.o
 .bss.xYieldPending
                0x0000000020000428        0x4 Middlewares/Third_Party/FreeRTOS/Source/tasks.o
 .bss.xNumOfOverflows
                0x000000002000042c        0x4 Middlewares/Third_Party/FreeRTOS/Source/tasks.o
 .bss.uxTaskNumber
                0x0000000020000430        0x4 Middlewares/Third_Party/FreeRTOS/Source/tasks.o
 .bss.xNextTaskUnblockTime
                0x0000000020000434        0x4 Middlewares/Third_Party/FreeRTOS/Source/tasks.o
 .bss.xIdleTaskHandle
                0x0000000020000438        0x4 Middlewares/Third_Party/FreeRTOS/Source/tasks.o
 .bss.uxSchedulerSuspended
                0x000000002000043c        0x4 Middlewares/Third_Party/FreeRTOS/Source/tasks.o
 .bss.ucMaxSysCallPriority
                0x0000000020000440        0x1 Middlewares/Third_Party/FreeRTOS/Source/portable/GCC/ARM_CM4F/port.o
 *fill*         0x0000000020000441        0x3 
 .bss.ulMaxPRIGROUPValue
                0x0000000020000444        0x4 Middlewares/Third_Party/FreeRTOS/Source/portable/GCC/ARM_CM4F/port.o
 .bss.ucHeap    0x0000000020000448     0x8000 Middlewares/Third_Party/FreeRTOS/Source/portable/MemMang/heap_4.o
 .bss.xStart    0x0000000020008448        0x8 Middlewares/Third_Party/FreeRTOS/Source/portable/MemMang/heap_4.o
 .bss.pxEnd     0x0000000020008450        0x4 Middlewares/Third_Party/FreeRTOS/Source/portable/MemMang/heap_4.o
 .bss.xFreeBytesRemaining
                0x0000000020008454        0x4 Middlewares/Third_Party/FreeRTOS/Source/portable/MemMang/heap_4.o
 .bss.xMinimumEverFreeBytesRemaining
                0x0000000020008458        0x4 Middlewares/Third_Party/FreeRTOS/Source/portable/MemMang/heap_4.o
 .bss.xBlockAllocatedBit
                0x000000002000845c        0x4 Middlewares/Third_Party/FreeRTOS/Source/portable/MemMang/heap_4.o
 .bss.Appli_state
                0x0000000020008460        0x1 USB_HOST/App/usb_host.o
                0x0000000020008460                Appli_state
 *fill*         0x0000000020008461        0x3 
 .bss.__malloc_free_list
                0x0000000020008464        0x4 c:/st/stm32cubeide_1.3.0/stm32cubeide/plugins/com.st.stm32cube.ide.mcu.externaltools.gnu-tools-for-stm32.7-2018-q2-update.win32_1.0.0.201904181610/tools/bin/../lib/gcc/arm-none-eabi/7.3.1/../../../../arm-none-eabi/lib/thumb/v7e-m/fpv4-sp/hard\libc_nano.a(lib_a-nano-mallocr.o)
                0x0000000020008464                __malloc_free_list
 .bss.__malloc_sbrk_start
                0x0000000020008468        0x4 c:/st/stm32cubeide_1.3.0/stm32cubeide/plugins/com.st.stm32cube.ide.mcu.externaltools.gnu-tools-for-stm32.7-2018-q2-update.win32_1.0.0.201904181610/tools/bin/../lib/gcc/arm-none-eabi/7.3.1/../../../../arm-none-eabi/lib/thumb/v7e-m/fpv4-sp/hard\libc_nano.a(lib_a-nano-mallocr.o)
                0x0000000020008468                __malloc_sbrk_start
 *(COMMON)
 COMMON         0x000000002000846c      0x254 Core/Src/main.o
                0x000000002000846c                defaultTaskHandle
                0x0000000020008470                hi2c3
                0x00000000200084c4                hspi5
                0x000000002000851c                hcrc
                0x0000000020008524                hltdc
                0x00000000200085cc                huart1
                0x000000002000860c                htim1
                0x000000002000864c                hdma2d
                0x000000002000868c                hsdram1
 COMMON         0x00000000200086c0       0x40 Core/Src/stm32f4xx_hal_timebase_tim.o
                0x00000000200086c0                htim6
 COMMON         0x0000000020008700        0x4 Drivers/STM32F4xx_HAL_Driver/Src/stm32f4xx_hal.o
                0x0000000020008700                uwTick
 COMMON         0x0000000020008704      0x3e4 USB_HOST/App/usb_host.o
                0x0000000020008704                hUsbHostHS
 COMMON         0x0000000020008ae8      0x2c4 USB_HOST/Target/usbh_conf.o
                0x0000000020008ae8                hhcd_USB_OTG_HS
 COMMON         0x0000000020008dac        0x4 c:/st/stm32cubeide_1.3.0/stm32cubeide/plugins/com.st.stm32cube.ide.mcu.externaltools.gnu-tools-for-stm32.7-2018-q2-update.win32_1.0.0.201904181610/tools/bin/../lib/gcc/arm-none-eabi/7.3.1/../../../../arm-none-eabi/lib/thumb/v7e-m/fpv4-sp/hard\libc_nano.a(lib_a-reent.o)
                0x0000000020008dac                errno
                0x0000000020008db0                . = ALIGN (0x4)
                0x0000000020008db0                _ebss = .
                0x0000000020008db0                __bss_end__ = _ebss

._user_heap_stack
                0x0000000020008db0      0x600 load address 0x000000000800c2e4
                0x0000000020008db0                . = ALIGN (0x8)
                0x0000000020008db0                PROVIDE (end = .)
                [!provide]                        PROVIDE (_end = .)
                0x0000000020008fb0                . = (. + _Min_Heap_Size)
 *fill*         0x0000000020008db0      0x200 
                0x00000000200093b0                . = (. + _Min_Stack_Size)
 *fill*         0x0000000020008fb0      0x400 
                0x00000000200093b0                . = ALIGN (0x8)

/DISCARD/
 libc.a(*)
 libm.a(*)
 libgcc.a(*)

.ARM.attributes
                0x0000000000000000       0x30
 *(.ARM.attributes)
 .ARM.attributes
                0x0000000000000000       0x22 c:/st/stm32cubeide_1.3.0/stm32cubeide/plugins/com.st.stm32cube.ide.mcu.externaltools.gnu-tools-for-stm32.7-2018-q2-update.win32_1.0.0.201904181610/tools/bin/../lib/gcc/arm-none-eabi/7.3.1/thumb/v7e-m/fpv4-sp/hard/crti.o
 .ARM.attributes
                0x0000000000000022       0x34 c:/st/stm32cubeide_1.3.0/stm32cubeide/plugins/com.st.stm32cube.ide.mcu.externaltools.gnu-tools-for-stm32.7-2018-q2-update.win32_1.0.0.201904181610/tools/bin/../lib/gcc/arm-none-eabi/7.3.1/thumb/v7e-m/fpv4-sp/hard/crtbegin.o
 .ARM.attributes
                0x0000000000000056       0x39 Core/Src/freertos.o
 .ARM.attributes
                0x000000000000008f       0x39 Core/Src/main.o
 .ARM.attributes
                0x00000000000000c8       0x39 Core/Src/stm32f4xx_hal_msp.o
 .ARM.attributes
                0x0000000000000101       0x39 Core/Src/stm32f4xx_hal_timebase_tim.o
 .ARM.attributes
                0x000000000000013a       0x39 Core/Src/stm32f4xx_it.o
 .ARM.attributes
                0x0000000000000173       0x39 Core/Src/sysmem.o
 .ARM.attributes
                0x00000000000001ac       0x39 Core/Src/system_stm32f4xx.o
 .ARM.attributes
                0x00000000000001e5       0x21 Core/Startup/startup_stm32f429zitx.o
 .ARM.attributes
                0x0000000000000206       0x39 Drivers/STM32F4xx_HAL_Driver/Src/stm32f4xx_hal.o
 .ARM.attributes
                0x000000000000023f       0x39 Drivers/STM32F4xx_HAL_Driver/Src/stm32f4xx_hal_cortex.o
 .ARM.attributes
                0x0000000000000278       0x39 Drivers/STM32F4xx_HAL_Driver/Src/stm32f4xx_hal_crc.o
 .ARM.attributes
                0x00000000000002b1       0x39 Drivers/STM32F4xx_HAL_Driver/Src/stm32f4xx_hal_dma2d.o
 .ARM.attributes
                0x00000000000002ea       0x39 Drivers/STM32F4xx_HAL_Driver/Src/stm32f4xx_hal_gpio.o
 .ARM.attributes
                0x0000000000000323       0x39 Drivers/STM32F4xx_HAL_Driver/Src/stm32f4xx_hal_hcd.o
 .ARM.attributes
                0x000000000000035c       0x39 Drivers/STM32F4xx_HAL_Driver/Src/stm32f4xx_hal_i2c.o
 .ARM.attributes
                0x0000000000000395       0x39 Drivers/STM32F4xx_HAL_Driver/Src/stm32f4xx_hal_i2c_ex.o
 .ARM.attributes
                0x00000000000003ce       0x39 Drivers/STM32F4xx_HAL_Driver/Src/stm32f4xx_hal_ltdc.o
 .ARM.attributes
                0x0000000000000407       0x39 Drivers/STM32F4xx_HAL_Driver/Src/stm32f4xx_hal_rcc.o
 .ARM.attributes
                0x0000000000000440       0x39 Drivers/STM32F4xx_HAL_Driver/Src/stm32f4xx_hal_rcc_ex.o
 .ARM.attributes
                0x0000000000000479       0x39 Drivers/STM32F4xx_HAL_Driver/Src/stm32f4xx_hal_sdram.o
 .ARM.attributes
                0x00000000000004b2       0x39 Drivers/STM32F4xx_HAL_Driver/Src/stm32f4xx_hal_spi.o
 .ARM.attributes
                0x00000000000004eb       0x39 Drivers/STM32F4xx_HAL_Driver/Src/stm32f4xx_hal_tim.o
 .ARM.attributes
                0x0000000000000524       0x39 Drivers/STM32F4xx_HAL_Driver/Src/stm32f4xx_hal_tim_ex.o
 .ARM.attributes
                0x000000000000055d       0x39 Drivers/STM32F4xx_HAL_Driver/Src/stm32f4xx_hal_uart.o
 .ARM.attributes
                0x0000000000000596       0x39 Drivers/STM32F4xx_HAL_Driver/Src/stm32f4xx_ll_fmc.o
 .ARM.attributes
                0x00000000000005cf       0x39 Drivers/STM32F4xx_HAL_Driver/Src/stm32f4xx_ll_usb.o
 .ARM.attributes
                0x0000000000000608       0x39 Middlewares/ST/STM32_USB_Host_Library/Class/CDC/Src/usbh_cdc.o
 .ARM.attributes
                0x0000000000000641       0x39 Middlewares/ST/STM32_USB_Host_Library/Core/Src/usbh_core.o
 .ARM.attributes
                0x000000000000067a       0x39 Middlewares/ST/STM32_USB_Host_Library/Core/Src/usbh_ctlreq.o
 .ARM.attributes
                0x00000000000006b3       0x39 Middlewares/ST/STM32_USB_Host_Library/Core/Src/usbh_ioreq.o
 .ARM.attributes
                0x00000000000006ec       0x39 Middlewares/ST/STM32_USB_Host_Library/Core/Src/usbh_pipes.o
 .ARM.attributes
                0x0000000000000725       0x39 Middlewares/Third_Party/FreeRTOS/Source/CMSIS_RTOS/cmsis_os.o
 .ARM.attributes
                0x000000000000075e       0x39 Middlewares/Third_Party/FreeRTOS/Source/list.o
 .ARM.attributes
                0x0000000000000797       0x39 Middlewares/Third_Party/FreeRTOS/Source/queue.o
 .ARM.attributes
                0x00000000000007d0       0x39 Middlewares/Third_Party/FreeRTOS/Source/tasks.o
 .ARM.attributes
                0x0000000000000809       0x39 Middlewares/Third_Party/FreeRTOS/Source/portable/GCC/ARM_CM4F/port.o
 .ARM.attributes
                0x0000000000000842       0x39 Middlewares/Third_Party/FreeRTOS/Source/portable/MemMang/heap_4.o
 .ARM.attributes
                0x000000000000087b       0x39 USB_HOST/App/usb_host.o
 .ARM.attributes
                0x00000000000008b4       0x39 USB_HOST/Target/usbh_conf.o
 .ARM.attributes
                0x00000000000008ed       0x39 USB_HOST/Target/usbh_platform.o
 .ARM.attributes
                0x0000000000000926       0x34 c:/st/stm32cubeide_1.3.0/stm32cubeide/plugins/com.st.stm32cube.ide.mcu.externaltools.gnu-tools-for-stm32.7-2018-q2-update.win32_1.0.0.201904181610/tools/bin/../lib/gcc/arm-none-eabi/7.3.1/../../../../arm-none-eabi/lib/thumb/v7e-m/fpv4-sp/hard\libc_nano.a(lib_a-errno.o)
 .ARM.attributes
                0x000000000000095a       0x34 c:/st/stm32cubeide_1.3.0/stm32cubeide/plugins/com.st.stm32cube.ide.mcu.externaltools.gnu-tools-for-stm32.7-2018-q2-update.win32_1.0.0.201904181610/tools/bin/../lib/gcc/arm-none-eabi/7.3.1/../../../../arm-none-eabi/lib/thumb/v7e-m/fpv4-sp/hard\libc_nano.a(lib_a-impure.o)
 .ARM.attributes
                0x000000000000098e       0x34 c:/st/stm32cubeide_1.3.0/stm32cubeide/plugins/com.st.stm32cube.ide.mcu.externaltools.gnu-tools-for-stm32.7-2018-q2-update.win32_1.0.0.201904181610/tools/bin/../lib/gcc/arm-none-eabi/7.3.1/../../../../arm-none-eabi/lib/thumb/v7e-m/fpv4-sp/hard\libc_nano.a(lib_a-init.o)
 .ARM.attributes
                0x00000000000009c2       0x34 c:/st/stm32cubeide_1.3.0/stm32cubeide/plugins/com.st.stm32cube.ide.mcu.externaltools.gnu-tools-for-stm32.7-2018-q2-update.win32_1.0.0.201904181610/tools/bin/../lib/gcc/arm-none-eabi/7.3.1/../../../../arm-none-eabi/lib/thumb/v7e-m/fpv4-sp/hard\libc_nano.a(lib_a-malloc.o)
 .ARM.attributes
                0x00000000000009f6       0x34 c:/st/stm32cubeide_1.3.0/stm32cubeide/plugins/com.st.stm32cube.ide.mcu.externaltools.gnu-tools-for-stm32.7-2018-q2-update.win32_1.0.0.201904181610/tools/bin/../lib/gcc/arm-none-eabi/7.3.1/../../../../arm-none-eabi/lib/thumb/v7e-m/fpv4-sp/hard\libc_nano.a(lib_a-memcpy-stub.o)
 .ARM.attributes
                0x0000000000000a2a       0x34 c:/st/stm32cubeide_1.3.0/stm32cubeide/plugins/com.st.stm32cube.ide.mcu.externaltools.gnu-tools-for-stm32.7-2018-q2-update.win32_1.0.0.201904181610/tools/bin/../lib/gcc/arm-none-eabi/7.3.1/../../../../arm-none-eabi/lib/thumb/v7e-m/fpv4-sp/hard\libc_nano.a(lib_a-memset.o)
 .ARM.attributes
                0x0000000000000a5e       0x34 c:/st/stm32cubeide_1.3.0/stm32cubeide/plugins/com.st.stm32cube.ide.mcu.externaltools.gnu-tools-for-stm32.7-2018-q2-update.win32_1.0.0.201904181610/tools/bin/../lib/gcc/arm-none-eabi/7.3.1/../../../../arm-none-eabi/lib/thumb/v7e-m/fpv4-sp/hard\libc_nano.a(lib_a-nano-freer.o)
 .ARM.attributes
                0x0000000000000a92       0x34 c:/st/stm32cubeide_1.3.0/stm32cubeide/plugins/com.st.stm32cube.ide.mcu.externaltools.gnu-tools-for-stm32.7-2018-q2-update.win32_1.0.0.201904181610/tools/bin/../lib/gcc/arm-none-eabi/7.3.1/../../../../arm-none-eabi/lib/thumb/v7e-m/fpv4-sp/hard\libc_nano.a(lib_a-nano-mallocr.o)
 .ARM.attributes
                0x0000000000000ac6       0x34 c:/st/stm32cubeide_1.3.0/stm32cubeide/plugins/com.st.stm32cube.ide.mcu.externaltools.gnu-tools-for-stm32.7-2018-q2-update.win32_1.0.0.201904181610/tools/bin/../lib/gcc/arm-none-eabi/7.3.1/../../../../arm-none-eabi/lib/thumb/v7e-m/fpv4-sp/hard\libc_nano.a(lib_a-sbrkr.o)
 .ARM.attributes
                0x0000000000000afa       0x34 c:/st/stm32cubeide_1.3.0/stm32cubeide/plugins/com.st.stm32cube.ide.mcu.externaltools.gnu-tools-for-stm32.7-2018-q2-update.win32_1.0.0.201904181610/tools/bin/../lib/gcc/arm-none-eabi/7.3.1/../../../../arm-none-eabi/lib/thumb/v7e-m/fpv4-sp/hard\libc_nano.a(lib_a-mlock.o)
 .ARM.attributes
                0x0000000000000b2e       0x34 c:/st/stm32cubeide_1.3.0/stm32cubeide/plugins/com.st.stm32cube.ide.mcu.externaltools.gnu-tools-for-stm32.7-2018-q2-update.win32_1.0.0.201904181610/tools/bin/../lib/gcc/arm-none-eabi/7.3.1/../../../../arm-none-eabi/lib/thumb/v7e-m/fpv4-sp/hard\libc_nano.a(lib_a-reent.o)
 .ARM.attributes