core_cm4.h:2064:26:ITM_SendChar	16	static,ignoring_inline_asm
main.c:99:5:_write	32	static
main.c:113:5:main	56	static
main.c:207:6:SystemClock_Config	136	static
main.c:259:13:MX_ADC1_Init	24	static
main.c:309:13:MX_ADC2_Init	24	static
main.c:359:13:MX_ADC3_Init	24	static
main.c:409:13:MX_CRC_Init	8	static
main.c:435:13:MX_DMA2D_Init	8	static
main.c:472:13:MX_I2C3_Init	8	static
main.c:518:13:MX_LTDC_Init	64	static
main.c:580:13:MX_SPI5_Init	8	static
main.c:618:13:MX_TIM1_Init	32	static
main.c:664:13:MX_TIM2_Init	48	static
main.c:713:13:MX_TIM3_Init	48	static
main.c:762:13:MX_USART1_UART_Init	8	static
main.c:791:13:MX_FMC_Init	40	static
main.c:842:13:MX_GPIO_Init	64	static
main.c:943:6:StartDefaultTask	16	static
main.c:964:6:HAL_TIM_PeriodElapsedCallback	16	static
main.c:981:6:Error_Handler	4	static
