core_cm4.h:2064:26:ITM_SendChar	16	static,ignoring_inline_asm
main.c:98:5:_write	32	static
main.c:112:5:main	56	static
main.c:206:6:SystemClock_Config	136	static
main.c:258:13:MX_ADC1_Init	24	static
main.c:308:13:MX_ADC2_Init	24	static
main.c:358:13:MX_ADC3_Init	24	static
main.c:408:13:MX_CRC_Init	8	static
main.c:434:13:MX_DMA2D_Init	8	static
main.c:471:13:MX_I2C3_Init	8	static
main.c:517:13:MX_LTDC_Init	64	static
main.c:579:13:MX_SPI5_Init	8	static
main.c:617:13:MX_TIM1_Init	32	static
main.c:663:13:MX_TIM2_Init	48	static
main.c:712:13:MX_TIM3_Init	48	static
main.c:761:13:MX_USART1_UART_Init	8	static
main.c:790:13:MX_FMC_Init	40	static
main.c:841:13:MX_GPIO_Init	64	static
main.c:946:6:StartDefaultTask	16	static
main.c:967:6:HAL_TIM_PeriodElapsedCallback	16	static
main.c:984:6:Error_Handler	4	static
