stm32f4xx_hal_msp.c:66:6:HAL_MspInit	16	static
stm32f4xx_hal_msp.c:90:6:HAL_ADC_MspInit	64	static
stm32f4xx_hal_msp.c:165:6:HAL_ADC_MspDeInit	16	static
stm32f4xx_hal_msp.c:227:6:HAL_CRC_MspInit	24	static
stm32f4xx_hal_msp.c:249:6:HAL_CRC_MspDeInit	16	static
stm32f4xx_hal_msp.c:271:6:HAL_DMA2D_MspInit	24	static
stm32f4xx_hal_msp.c:296:6:HAL_DMA2D_MspDeInit	16	static
stm32f4xx_hal_msp.c:321:6:HAL_I2C_MspInit	48	static
stm32f4xx_hal_msp.c:365:6:HAL_I2C_MspDeInit	16	static
stm32f4xx_hal_msp.c:396:6:HAL_LTDC_MspInit	64	static
stm32f4xx_hal_msp.c:510:6:HAL_LTDC_MspDeInit	16	static
stm32f4xx_hal_msp.c:574:6:HAL_SPI_MspInit	48	static
stm32f4xx_hal_msp.c:611:6:HAL_SPI_MspDeInit	16	static
stm32f4xx_hal_msp.c:641:6:HAL_TIM_Base_MspInit	24	static
stm32f4xx_hal_msp.c:663:6:HAL_TIM_PWM_MspInit	24	static
stm32f4xx_hal_msp.c:690:6:HAL_TIM_MspPostInit	48	static
stm32f4xx_hal_msp.c:742:6:HAL_TIM_Base_MspDeInit	16	static
stm32f4xx_hal_msp.c:764:6:HAL_TIM_PWM_MspDeInit	16	static
stm32f4xx_hal_msp.c:797:6:HAL_UART_MspInit	48	static
stm32f4xx_hal_msp.c:833:6:HAL_UART_MspDeInit	16	static
stm32f4xx_hal_msp.c:858:13:HAL_FMC_MspInit	32	static
stm32f4xx_hal_msp.c:964:6:HAL_SDRAM_MspInit	16	static
stm32f4xx_hal_msp.c:976:13:HAL_FMC_MspDeInit	8	static
stm32f4xx_hal_msp.c:1050:6:HAL_SDRAM_MspDeInit	16	static
